[sf_balanced] all (60 assets) | device=cuda | seed=123
  Loaded daily macro: (3963, 19) (['vix_level', 'vix_change', 'term_spread', 'term_level', 'credit_spread']...)
  PCA: 19 features → 8 PCs (explained var: 0.803)
  Regime detection: T=3773, window=504, step=21...
  Regime detection complete.
  Final covariate dim: 15 — ['pc_1', 'pc_2', 'pc_3', 'pc_4', 'pc_5', 'pc_6', 'pc_7', 'pc_8', 'regime_0', 'regime_1', 'regime_2', 'vix_level_z', 'realized_vol_20d_z', 'term_level_z', 'credit_level_z']
  Computing rolling OLS: T=3773, N=60, K=5, window=126...
    t=500/3773
    t=1000/3773
    t=1500/3773
    t=2000/3773
    t=2500/3773
    t=3000/3773
    t=3500/3773
  Rolling OLS complete.
  n_assets=60, K=5, d_cov=15
  Train: 2890 windows | Val: 3142
Training [sf_balanced] | T_L=252 | lr=0.0005
  G: 2,646,240 params
  D: 1,799,425 params
  SF: EMA gradient scaling (τ=0.3), warmup=30
----------------------------------------------------------------------
Epoch   1/300 | D=2.2171 G=-2.0310 | frob=26.4371 (best=inf) | 35.4s
Epoch   2/300 | D=0.3753 G=1.6026 | frob=25.8621 (best=26.4371) | 34.2s
Epoch   3/300 | D=0.2976 G=4.8471 | frob=19.3466 (best=25.8621) | 34.0s
Epoch   4/300 | D=0.0794 G=5.8207 | frob=24.4474 (best=19.3466) | 33.7s
Epoch   5/300 | D=0.1415 G=6.2517 | frob=21.9232 (best=19.3466) | 33.8s
Epoch   6/300 | D=0.1759 G=8.1325 | frob=20.9755 (best=19.3466) | 34.1s
Epoch   7/300 | D=0.1466 G=10.5715 | frob=22.5692 (best=19.3466) | 34.1s
Epoch   8/300 | D=0.0768 G=14.4498 | frob=23.6785 (best=19.3466) | 34.0s
Epoch   9/300 | D=0.1640 G=17.3697 | frob=22.1968 (best=19.3466) | 34.0s
Epoch  10/300 | D=0.0897 G=18.1546 | frob=22.7256 (best=19.3466) | 34.1s
Epoch  11/300 | D=0.2094 G=17.8317 | frob=18.6378 (best=19.3466) | 34.4s
Epoch  12/300 | D=0.0241 G=20.3776 | frob=22.4230 (best=18.6378) | 33.9s
Epoch  13/300 | D=0.1049 G=21.2095 | frob=23.3739 (best=18.6378) | 34.4s
Epoch  14/300 | D=0.0756 G=21.6500 | frob=22.3731 (best=18.6378) | 34.4s
Epoch  15/300 | D=0.0672 G=20.7630 | frob=21.1004 (best=18.6378) | 34.5s
Epoch  16/300 | D=0.1128 G=19.8440 | frob=17.2350 (best=18.6378) | 34.5s
Epoch  17/300 | D=0.0527 G=22.3479 | frob=16.9176 (best=17.2350) | 34.1s
Epoch  18/300 | D=0.0894 G=24.9484 | frob=18.9491 (best=16.9176) | 33.5s
Epoch  19/300 | D=0.0443 G=27.8399 | frob=17.5216 (best=16.9176) | 33.5s
Epoch  20/300 | D=0.1088 G=29.9095 | frob=19.5814 (best=16.9176) | 34.0s
Epoch  21/300 | D=0.0193 G=30.2599 | frob=15.6796 (best=16.9176) | 33.7s
Epoch  22/300 | D=0.0937 G=32.4722 | frob=19.1157 (best=15.6796) | 33.1s
Epoch  23/300 | D=0.0683 G=34.5254 | frob=15.8548 (best=15.6796) | 33.5s
Epoch  24/300 | D=0.0622 G=34.5630 | frob=16.7492 (best=15.6796) | 33.9s
Epoch  25/300 | D=0.0734 G=34.2938 | frob=15.1177 (best=15.6796) | 33.4s
Epoch  26/300 | D=0.0593 G=35.0539 | frob=20.4346 (best=15.1177) | 33.8s
Epoch  27/300 | D=0.0739 G=35.2074 | frob=18.3803 (best=15.1177) | 33.5s
Epoch  28/300 | D=0.0520 G=35.8643 | frob=16.6796 (best=15.1177) | 33.2s
Epoch  29/300 | D=0.0632 G=37.3606 | frob=18.4498 (best=15.1177) | 33.4s
Epoch  30/300 | D=0.0428 G=37.1419 | frob=14.7781 (best=15.1177) | 33.2s
Epoch  31/300 | D=0.0729 G=37.5319 SF=0.0623(s=10.00) | frob=20.5328 (best=14.7781) | 34.6s
Epoch  32/300 | D=0.0860 G=38.8335 SF=0.0352(s=10.00) | frob=10.7624 (best=14.7781) | 33.4s
Epoch  33/300 | D=0.0690 G=41.1094 SF=0.0142(s=10.00) | frob=6.4160 (best=10.7624) | 33.6s
Epoch  34/300 | D=0.0745 G=42.7362 SF=0.0071(s=10.00) | frob=4.4942 (best=6.4160) | 34.5s
Epoch  35/300 | D=0.0692 G=44.1818 SF=0.0051(s=10.00) | frob=4.5347 (best=4.4942) | 34.0s
Epoch  36/300 | D=0.0533 G=46.1084 SF=0.0041(s=10.00) | frob=3.5697 (best=4.4942) | 33.7s
Epoch  37/300 | D=0.0513 G=48.1590 SF=0.0029(s=10.00) | frob=3.1594 (best=3.5697) | 33.9s
Epoch  38/300 | D=0.0412 G=49.3897 SF=0.0023(s=10.00) | frob=2.8626 (best=3.1594) | 33.7s
Epoch  39/300 | D=0.0283 G=50.4009 SF=0.0018(s=10.00) | frob=2.7681 (best=2.8626) | 34.3s
Epoch  40/300 | D=0.0205 G=51.8219 SF=0.0016(s=10.00) | frob=2.5715 (best=2.7681) | 33.6s
Epoch  41/300 | D=0.0165 G=52.7614 SF=0.0014(s=10.00) | frob=2.3935 (best=2.5715) | 33.2s
Epoch  42/300 | D=0.0178 G=54.7316 SF=0.0012(s=10.00) | frob=2.2834 (best=2.3935) | 34.2s
Epoch  43/300 | D=0.0145 G=55.0121 SF=0.0011(s=10.00) | frob=2.2197 (best=2.2834) | 33.9s
Epoch  44/300 | D=0.0092 G=55.7361 SF=0.0010(s=10.00) | frob=2.2583 (best=2.2197) | 33.6s
Epoch  45/300 | D=0.0074 G=57.4913 SF=0.0010(s=10.00) | frob=2.3307 (best=2.2197) | 34.5s
Epoch  46/300 | D=0.0132 G=57.4725 SF=0.0009(s=10.00) | frob=2.1410 (best=2.2197) | 34.1s
Epoch  47/300 | D=0.0101 G=58.6494 SF=0.0008(s=10.00) | frob=1.9008 (best=2.1410) | 34.0s
Epoch  48/300 | D=0.0182 G=60.0377 SF=0.0008(s=10.00) | frob=1.8769 (best=1.9008) | 33.4s
Epoch  49/300 | D=0.0187 G=61.2101 SF=0.0008(s=10.00) | frob=1.8832 (best=1.8769) | 33.4s
Epoch  50/300 | D=0.0174 G=62.6761 SF=0.0007(s=10.00) | frob=1.8510 (best=1.8769) | 34.1s
Epoch  51/300 | D=0.0056 G=62.7120 SF=0.0007(s=10.00) | frob=1.8875 (best=1.8510) | 33.2s
Epoch  52/300 | D=0.0054 G=64.8480 SF=0.0007(s=10.00) | frob=1.7211 (best=1.8510) | 33.2s
Epoch  53/300 | D=0.0126 G=65.3171 SF=0.0009(s=10.00) | frob=2.1505 (best=1.7211) | 33.2s
Epoch  54/300 | D=0.0060 G=64.9567 SF=0.0008(s=10.00) | frob=2.0053 (best=1.7211) | 34.4s
Epoch  55/300 | D=0.0053 G=65.4799 SF=0.0009(s=10.00) | frob=2.2034 (best=1.7211) | 33.3s
Epoch  56/300 | D=0.0135 G=65.8706 SF=0.0009(s=10.00) | frob=2.0303 (best=1.7211) | 33.3s
Epoch  57/300 | D=0.0167 G=66.5315 SF=0.0009(s=10.00) | frob=2.0734 (best=1.7211) | 33.4s
Epoch  58/300 | D=0.0129 G=67.2150 SF=0.0009(s=10.00) | frob=2.0492 (best=1.7211) | 33.1s
Epoch  59/300 | D=0.0159 G=65.8685 SF=0.0008(s=10.00) | frob=1.9631 (best=1.7211) | 33.5s
Epoch  60/300 | D=0.0077 G=66.4100 SF=0.0008(s=10.00) | frob=1.9520 (best=1.7211) | 33.3s
Epoch  61/300 | D=0.0157 G=65.9878 SF=0.0008(s=10.00) | frob=1.9920 (best=1.7211) | 33.5s
Epoch  62/300 | D=0.0075 G=64.9280 SF=0.0008(s=10.00) | frob=1.9815 (best=1.7211) | 33.5s
Epoch  63/300 | D=-0.0002 G=66.4190 SF=0.0007(s=10.00) | frob=2.4019 (best=1.7211) | 33.3s
Epoch  64/300 | D=0.0176 G=67.5929 SF=0.0008(s=10.00) | frob=2.2327 (best=1.7211) | 33.4s
Epoch  65/300 | D=0.0066 G=68.4630 SF=0.0007(s=10.00) | frob=1.9811 (best=1.7211) | 33.2s
Epoch  66/300 | D=-0.0020 G=71.1060 SF=0.0007(s=10.00) | frob=1.7381 (best=1.7211) | 33.3s
Epoch  67/300 | D=-0.0052 G=71.6249 SF=0.0007(s=10.00) | frob=1.9342 (best=1.7211) | 33.6s
Epoch  68/300 | D=-0.0011 G=72.9038 SF=0.0007(s=10.00) | frob=1.9107 (best=1.7211) | 33.9s
Epoch  69/300 | D=0.0052 G=73.6596 SF=0.0007(s=10.00) | frob=1.8903 (best=1.7211) | 33.3s
Epoch  70/300 | D=0.0010 G=74.7861 SF=0.0007(s=10.00) | frob=2.0000 (best=1.7211) | 33.3s
Epoch  71/300 | D=-0.0106 G=75.8698 SF=0.0007(s=10.00) | frob=1.8823 (best=1.7211) | 33.7s
Epoch  72/300 | D=-0.0102 G=77.5942 SF=0.0007(s=10.00) | frob=1.8196 (best=1.7211) | 33.5s
Epoch  73/300 | D=0.0004 G=76.3443 SF=0.0007(s=10.00) | frob=1.9856 (best=1.7211) | 33.5s
Epoch  74/300 | D=-0.0138 G=78.1670 SF=0.0007(s=10.00) | frob=1.9043 (best=1.7211) | 33.3s
Epoch  75/300 | D=-0.0061 G=79.7100 SF=0.0007(s=10.00) | frob=1.8488 (best=1.7211) | 33.3s
Epoch  76/300 | D=-0.0184 G=79.8532 SF=0.0007(s=10.00) | frob=1.9014 (best=1.7211) | 33.4s
Epoch  77/300 | D=-0.0066 G=81.4255 SF=0.0007(s=10.00) | frob=2.0121 (best=1.7211) | 33.4s
Epoch  78/300 | D=-0.0065 G=79.3965 SF=0.0007(s=10.00) | frob=2.0259 (best=1.7211) | 33.4s
Epoch  79/300 | D=-0.0188 G=80.1885 SF=0.0007(s=10.00) | frob=2.0357 (best=1.7211) | 33.4s
Epoch  80/300 | D=-0.0246 G=78.7723 SF=0.0008(s=10.00) | frob=1.9386 (best=1.7211) | 33.3s
Epoch  81/300 | D=-0.0291 G=79.1038 SF=0.0008(s=10.00) | frob=2.1719 (best=1.7211) | 33.1s
Epoch  82/300 | D=-0.0253 G=78.9624 SF=0.0009(s=10.00) | frob=2.0402 (best=1.7211) | 33.3s
Epoch  83/300 | D=-0.0107 G=77.9077 SF=0.0008(s=10.00) | frob=2.0646 (best=1.7211) | 33.3s
Epoch  84/300 | D=-0.0083 G=76.8955 SF=0.0009(s=10.00) | frob=2.1070 (best=1.7211) | 33.3s
Epoch  85/300 | D=-0.0073 G=74.8242 SF=0.0009(s=10.00) | frob=2.2147 (best=1.7211) | 33.2s
Epoch  86/300 | D=-0.0195 G=71.8537 SF=0.0009(s=10.00) | frob=2.0734 (best=1.7211) | 33.2s
Epoch  87/300 | D=-0.0238 G=70.2660 SF=0.0009(s=10.00) | frob=2.0647 (best=1.7211) | 33.7s
Epoch  88/300 | D=-0.0096 G=71.1861 SF=0.0009(s=10.00) | frob=2.0508 (best=1.7211) | 33.4s
Epoch  89/300 | D=-0.0170 G=71.7388 SF=0.0008(s=10.00) | frob=2.1782 (best=1.7211) | 33.6s
Epoch  90/300 | D=-0.0259 G=69.3326 SF=0.0008(s=10.00) | frob=1.9919 (best=1.7211) | 33.1s
Epoch  91/300 | D=-0.0155 G=70.2428 SF=0.0008(s=10.00) | frob=1.9264 (best=1.7211) | 33.6s
Epoch  92/300 | D=0.0097 G=67.3990 SF=0.0008(s=10.00) | frob=2.0006 (best=1.7211) | 33.3s
Epoch  93/300 | D=-0.0285 G=67.7681 SF=0.0008(s=10.00) | frob=2.1368 (best=1.7211) | 33.6s
Epoch  94/300 | D=-0.0156 G=67.4291 SF=0.0008(s=10.00) | frob=2.2411 (best=1.7211) | 33.3s
Epoch  95/300 | D=-0.0261 G=66.9984 SF=0.0008(s=10.00) | frob=2.0748 (best=1.7211) | 33.1s
Epoch  96/300 | D=-0.0279 G=66.6389 SF=0.0008(s=10.00) | frob=2.0865 (best=1.7211) | 33.5s
Epoch  97/300 | D=-0.0161 G=65.2844 SF=0.0008(s=10.00) | frob=2.4019 (best=1.7211) | 33.2s
Epoch  98/300 | D=-0.0360 G=64.9934 SF=0.0008(s=10.00) | frob=2.3914 (best=1.7211) | 33.6s
Epoch  99/300 | D=-0.0240 G=63.9464 SF=0.0008(s=10.00) | frob=2.2248 (best=1.7211) | 33.6s
Epoch 100/300 | D=-0.0268 G=62.6763 SF=0.0009(s=10.00) | frob=2.0140 (best=1.7211) | 33.3s
Epoch 101/300 | D=-0.0394 G=62.9675 SF=0.0008(s=10.00) | frob=2.0812 (best=1.7211) | 33.8s
Epoch 102/300 | D=-0.0235 G=61.0708 SF=0.0008(s=10.00) | frob=2.1850 (best=1.7211) | 33.4s
Early stopping at epoch 102

Fine-tuning 10 epochs...
  FT 1/10 | D=-0.0278 G=58.2505
  FT 2/10 | D=-0.0321 G=57.7479
  FT 3/10 | D=-0.0375 G=56.5803
  FT 4/10 | D=-0.0253 G=54.9185
  FT 5/10 | D=-0.0422 G=54.1732
  FT 6/10 | D=-0.0383 G=52.8251
  FT 7/10 | D=-0.0594 G=51.6960
  FT 8/10 | D=-0.0330 G=51.4473
  FT 9/10 | D=-0.0388 G=50.2877
  FT 10/10 | D=-0.0454 G=48.7190

Done. Best val_frob=1.7211
