[sf_disc_aug] device=cuda, hidden=256, lr=0.0005
  Loaded daily macro: (3963, 19) (['vix_level', 'vix_change', 'term_spread', 'term_level', 'credit_spread']...)
  PCA: 19 features → 8 PCs (explained var: 0.803)
  Regime detection: T=3773, window=504, step=21...
  Regime detection complete.
  Final covariate dim: 15 — ['pc_1', 'pc_2', 'pc_3', 'pc_4', 'pc_5', 'pc_6', 'pc_7', 'pc_8', 'regime_0', 'regime_1', 'regime_2', 'vix_level_z', 'realized_vol_20d_z', 'term_level_z', 'credit_level_z']
  Computing rolling OLS: T=3773, N=60, K=5, window=126...
    t=500/3773
    t=1000/3773
    t=1500/3773
    t=2000/3773
    t=2500/3773
    t=3000/3773
    t=3500/3773
  Rolling OLS complete.
  Train windows: 2890, Val: 3142
Training [sf_disc_aug] | T_L=252 | lr=0.0005
  G: 2,514,400 params
  D: 1,684,618 params
  SF disc aug: λ=0.5
----------------------------------------------------------------------
/root/miniconda3/lib/python3.12/site-packages/torch/autograd/graph.py:829: UserWarning: Attempting to run cuBLAS, but there was no current CUDA context! Attempting to set the primary context... (Triggered internally at /pytorch/aten/src/ATen/cuda/CublasHandlePool.cpp:179.)
  return Variable._execution_engine.run_backward(  # Calls into the C++ engine to run the backward pass
Epoch   1/300 | D=2.9194 G=13.6521 SF=2.1863 | frob=15.7118 (best=inf) | 33.6s
Epoch   2/300 | D=1.0475 G=12.7699 SF=0.6249 | frob=15.6746 (best=15.7118) | 32.6s
Epoch   3/300 | D=0.8078 G=13.3845 SF=0.6302 | frob=15.7288 (best=15.6746) | 33.0s
Epoch   4/300 | D=0.5193 G=12.7777 SF=0.3694 | frob=13.4286 (best=15.6746) | 32.1s
Epoch   5/300 | D=0.4140 G=12.7071 SF=0.2963 | frob=13.8985 (best=13.4286) | 32.9s
Epoch   6/300 | D=0.4406 G=12.8146 SF=0.2725 | frob=12.4688 (best=13.4286) | 32.9s
Epoch   7/300 | D=0.3127 G=12.5374 SF=0.2034 | frob=11.9754 (best=12.4688) | 33.6s
Epoch   8/300 | D=0.2850 G=13.1900 SF=0.2030 | frob=10.7356 (best=11.9754) | 32.9s
Epoch   9/300 | D=0.2393 G=13.2199 SF=0.1683 | frob=11.4387 (best=10.7356) | 32.6s
Epoch  10/300 | D=0.2507 G=12.7362 SF=0.1749 | frob=11.0133 (best=10.7356) | 32.5s
Epoch  11/300 | D=0.1904 G=12.9340 SF=0.1505 | frob=10.6746 (best=10.7356) | 33.6s
Epoch  12/300 | D=0.2012 G=12.6286 SF=0.1506 | frob=9.5501 (best=10.6746) | 33.3s
Epoch  13/300 | D=0.1840 G=13.0313 SF=0.1365 | frob=10.2095 (best=9.5501) | 33.9s
Epoch  14/300 | D=0.1691 G=12.6275 SF=0.1068 | frob=9.6656 (best=9.5501) | 32.4s
Epoch  15/300 | D=0.1557 G=12.7514 SF=0.1007 | frob=10.4863 (best=9.5501) | 33.9s
Epoch  16/300 | D=0.1466 G=13.0559 SF=0.0981 | frob=9.0641 (best=9.5501) | 32.3s
Epoch  17/300 | D=0.1413 G=12.7855 SF=0.0990 | frob=8.8917 (best=9.0641) | 33.2s
Epoch  18/300 | D=0.1339 G=12.7946 SF=0.1030 | frob=9.6116 (best=8.8917) | 32.4s
Epoch  19/300 | D=0.1140 G=12.8859 SF=0.0798 | frob=8.7132 (best=8.8917) | 32.8s
Epoch  20/300 | D=0.1385 G=12.8649 SF=0.0804 | frob=8.3076 (best=8.7132) | 33.0s
Epoch  21/300 | D=0.0790 G=12.6928 SF=0.0755 | frob=8.4104 (best=8.3076) | 33.3s
Epoch  22/300 | D=0.0762 G=13.3945 SF=0.0775 | frob=9.3025 (best=8.3076) | 33.8s
Epoch  23/300 | D=0.0822 G=13.4759 SF=0.0811 | frob=9.8987 (best=8.3076) | 33.6s
Epoch  24/300 | D=0.0487 G=13.6462 SF=0.0840 | frob=7.9923 (best=8.3076) | 32.7s
Epoch  25/300 | D=0.0513 G=13.6218 SF=0.0719 | frob=9.5790 (best=7.9923) | 32.8s
Epoch  26/300 | D=0.0423 G=13.3140 SF=0.0849 | frob=10.2499 (best=7.9923) | 33.5s
Epoch  27/300 | D=0.0240 G=13.4628 SF=0.0669 | frob=9.6366 (best=7.9923) | 32.5s
Epoch  28/300 | D=0.0243 G=13.6189 SF=0.0800 | frob=8.3653 (best=7.9923) | 32.8s
Epoch  29/300 | D=-0.0126 G=13.5224 SF=0.0775 | frob=8.9901 (best=7.9923) | 32.4s
Epoch  30/300 | D=-0.1052 G=13.3526 SF=0.0640 | frob=8.1641 (best=7.9923) | 32.7s
Epoch  31/300 | D=-0.0737 G=13.5051 SF=0.0760 | frob=8.4279 (best=7.9923) | 32.7s
Epoch  32/300 | D=-0.0736 G=13.0159 SF=0.0615 | frob=7.6612 (best=7.9923) | 33.8s
Epoch  33/300 | D=-0.0750 G=12.9446 SF=0.0742 | frob=8.3283 (best=7.6612) | 33.2s
Epoch  34/300 | D=-0.1014 G=12.6330 SF=0.0696 | frob=8.8519 (best=7.6612) | 32.4s
Epoch  35/300 | D=-0.1195 G=12.9017 SF=0.0594 | frob=7.5706 (best=7.6612) | 32.4s
Epoch  36/300 | D=-0.1315 G=12.7433 SF=0.0656 | frob=8.0297 (best=7.5706) | 32.7s
Epoch  37/300 | D=-0.1461 G=12.5205 SF=0.0645 | frob=7.7242 (best=7.5706) | 34.1s
Epoch  38/300 | D=-0.1479 G=12.3498 SF=0.0623 | frob=7.4369 (best=7.5706) | 32.2s
Epoch  39/300 | D=-0.1701 G=12.6072 SF=0.0595 | frob=7.3258 (best=7.4369) | 33.6s
Epoch  40/300 | D=-0.1711 G=12.1624 SF=0.0608 | frob=7.0401 (best=7.3258) | 32.9s
Epoch  41/300 | D=-0.1734 G=11.8043 SF=0.0545 | frob=7.3511 (best=7.0401) | 32.5s
Epoch  42/300 | D=-0.1763 G=11.7616 SF=0.0579 | frob=6.9026 (best=7.0401) | 34.0s
Epoch  43/300 | D=-0.1805 G=11.6016 SF=0.0580 | frob=7.0094 (best=6.9026) | 32.8s
Epoch  44/300 | D=-0.1749 G=11.2859 SF=0.0522 | frob=6.6410 (best=6.9026) | 34.9s
Epoch  45/300 | D=-0.1840 G=11.6838 SF=0.0547 | frob=7.1611 (best=6.6410) | 32.5s
Epoch  46/300 | D=-0.1895 G=11.4367 SF=0.0516 | frob=6.7228 (best=6.6410) | 32.3s
Epoch  47/300 | D=-0.2033 G=10.9552 SF=0.0447 | frob=6.6908 (best=6.6410) | 32.2s
Epoch  48/300 | D=-0.2174 G=11.0815 SF=0.0509 | frob=6.1975 (best=6.6410) | 32.5s
Epoch  49/300 | D=-0.2021 G=11.4277 SF=0.0498 | frob=6.1809 (best=6.1975) | 32.8s
Epoch  50/300 | D=-0.2077 G=11.1744 SF=0.0526 | frob=7.0687 (best=6.1809) | 32.8s
Epoch  51/300 | D=-0.2021 G=10.8555 SF=0.0525 | frob=6.7152 (best=6.1809) | 33.7s
Epoch  52/300 | D=-0.2174 G=10.5587 SF=0.0435 | frob=6.8732 (best=6.1809) | 32.8s
Epoch  53/300 | D=-0.2226 G=10.3187 SF=0.0433 | frob=6.1884 (best=6.1809) | 32.9s
Epoch  54/300 | D=-0.2097 G=10.2673 SF=0.0526 | frob=7.0497 (best=6.1809) | 32.5s
Epoch  55/300 | D=-0.2207 G=9.9240 SF=0.0430 | frob=5.8064 (best=6.1809) | 32.3s
Epoch  56/300 | D=-0.2103 G=9.6876 SF=0.0456 | frob=6.5967 (best=5.8064) | 34.2s
Epoch  57/300 | D=-0.2266 G=9.9755 SF=0.0429 | frob=6.2789 (best=5.8064) | 33.6s
Epoch  58/300 | D=-0.2149 G=9.9011 SF=0.0427 | frob=6.0232 (best=5.8064) | 32.4s
Epoch  59/300 | D=-0.2217 G=9.3655 SF=0.0447 | frob=5.6362 (best=5.8064) | 32.8s
Epoch  60/300 | D=-0.2225 G=9.6951 SF=0.0398 | frob=6.3168 (best=5.6362) | 32.8s
Epoch  61/300 | D=-0.2152 G=9.4548 SF=0.0416 | frob=5.1680 (best=5.6362) | 32.9s
Epoch  62/300 | D=-0.2158 G=9.4175 SF=0.0459 | frob=5.8328 (best=5.1680) | 32.6s
Epoch  63/300 | D=-0.2272 G=9.5852 SF=0.0374 | frob=5.7098 (best=5.1680) | 33.0s
Epoch  64/300 | D=-0.2371 G=9.3579 SF=0.0471 | frob=5.9209 (best=5.1680) | 32.2s
Epoch  65/300 | D=-0.2393 G=8.9172 SF=0.0366 | frob=6.0743 (best=5.1680) | 34.2s
Epoch  66/300 | D=-0.2425 G=8.8623 SF=0.0363 | frob=5.8016 (best=5.1680) | 32.7s
Epoch  67/300 | D=-0.2462 G=8.7572 SF=0.0391 | frob=6.0209 (best=5.1680) | 33.3s
Epoch  68/300 | D=-0.2475 G=8.9968 SF=0.0340 | frob=5.9464 (best=5.1680) | 32.5s
Epoch  69/300 | D=-0.2487 G=8.7265 SF=0.0365 | frob=5.7770 (best=5.1680) | 34.2s
Epoch  70/300 | D=-0.2427 G=8.5084 SF=0.0337 | frob=5.5825 (best=5.1680) | 33.2s
Epoch  71/300 | D=-0.2507 G=8.2173 SF=0.0412 | frob=5.9992 (best=5.1680) | 33.6s
Epoch  72/300 | D=-0.2495 G=8.2136 SF=0.0382 | frob=5.5189 (best=5.1680) | 33.2s
Epoch  73/300 | D=-0.2515 G=8.4816 SF=0.0369 | frob=5.7602 (best=5.1680) | 32.7s
Epoch  74/300 | D=-0.2644 G=8.3371 SF=0.0325 | frob=5.5081 (best=5.1680) | 33.5s
Epoch  75/300 | D=-0.2497 G=8.3308 SF=0.0341 | frob=5.3984 (best=5.1680) | 32.6s
Epoch  76/300 | D=-0.2496 G=8.7276 SF=0.0403 | frob=5.7015 (best=5.1680) | 33.3s
Epoch  77/300 | D=-0.2553 G=8.2879 SF=0.0321 | frob=5.7717 (best=5.1680) | 33.1s
Epoch  78/300 | D=-0.2582 G=8.1072 SF=0.0322 | frob=5.4906 (best=5.1680) | 33.6s
Epoch  79/300 | D=-0.2485 G=8.3517 SF=0.0328 | frob=5.0260 (best=5.1680) | 33.2s
Epoch  80/300 | D=-0.2711 G=8.3057 SF=0.0312 | frob=5.4749 (best=5.0260) | 32.6s
Epoch  81/300 | D=-0.2682 G=8.4410 SF=0.0349 | frob=5.5857 (best=5.0260) | 32.9s
Epoch  82/300 | D=-0.2618 G=8.1282 SF=0.0351 | frob=5.4028 (best=5.0260) | 34.0s
Epoch  83/300 | D=-0.2479 G=8.1407 SF=0.0304 | frob=5.1880 (best=5.0260) | 33.3s
Epoch  84/300 | D=-0.2670 G=7.8061 SF=0.0342 | frob=5.2063 (best=5.0260) | 33.2s
Epoch  85/300 | D=-0.2633 G=8.1939 SF=0.0351 | frob=5.1274 (best=5.0260) | 32.6s
Epoch  86/300 | D=-0.2587 G=8.2423 SF=0.0303 | frob=4.8954 (best=5.0260) | 32.4s
Epoch  87/300 | D=-0.2663 G=7.9878 SF=0.0323 | frob=5.3915 (best=4.8954) | 32.8s
Epoch  88/300 | D=-0.2568 G=7.9894 SF=0.0369 | frob=5.5033 (best=4.8954) | 33.1s
Epoch  89/300 | D=-0.2614 G=7.7465 SF=0.0394 | frob=5.0081 (best=4.8954) | 32.8s
Epoch  90/300 | D=-0.2685 G=7.5098 SF=0.0277 | frob=5.2194 (best=4.8954) | 32.8s
Epoch  91/300 | D=-0.2773 G=7.7237 SF=0.0292 | frob=4.9708 (best=4.8954) | 32.6s
Epoch  92/300 | D=-0.2721 G=7.6182 SF=0.0245 | frob=5.1853 (best=4.8954) | 32.9s
Epoch  93/300 | D=-0.2817 G=7.7102 SF=0.0265 | frob=5.3537 (best=4.8954) | 33.3s
Epoch  94/300 | D=-0.2725 G=7.6184 SF=0.0279 | frob=5.1725 (best=4.8954) | 32.9s
Epoch  95/300 | D=-0.2641 G=7.4359 SF=0.0339 | frob=5.2008 (best=4.8954) | 32.4s
Epoch  96/300 | D=-0.2741 G=7.4089 SF=0.0288 | frob=5.3431 (best=4.8954) | 32.8s
Epoch  97/300 | D=-0.2750 G=7.1084 SF=0.0262 | frob=5.1736 (best=4.8954) | 33.2s
Epoch  98/300 | D=-0.2795 G=7.2640 SF=0.0237 | frob=5.0590 (best=4.8954) | 33.0s
Epoch  99/300 | D=-0.2750 G=7.2641 SF=0.0340 | frob=5.0911 (best=4.8954) | 32.4s
Epoch 100/300 | D=-0.2872 G=7.1134 SF=0.0259 | frob=5.2056 (best=4.8954) | 32.9s
Epoch 101/300 | D=-0.2754 G=7.2384 SF=0.0282 | frob=4.8470 (best=4.8954) | 33.2s
Epoch 102/300 | D=-0.2812 G=7.2221 SF=0.0278 | frob=5.1118 (best=4.8470) | 32.7s
Epoch 103/300 | D=-0.2741 G=6.9116 SF=0.0364 | frob=5.2742 (best=4.8470) | 32.9s
Epoch 104/300 | D=-0.2733 G=7.0165 SF=0.0319 | frob=5.3719 (best=4.8470) | 32.9s
Epoch 105/300 | D=-0.2755 G=7.2081 SF=0.0408 | frob=4.9506 (best=4.8470) | 33.3s
Epoch 106/300 | D=-0.2787 G=6.8346 SF=0.0260 | frob=4.8779 (best=4.8470) | 32.7s
Epoch 107/300 | D=-0.2878 G=7.1433 SF=0.0247 | frob=5.0486 (best=4.8470) | 33.5s
Epoch 108/300 | D=-0.2851 G=7.0387 SF=0.0226 | frob=5.0868 (best=4.8470) | 32.1s
Epoch 109/300 | D=-0.2777 G=7.0023 SF=0.0264 | frob=5.1333 (best=4.8470) | 33.1s
Epoch 110/300 | D=-0.2801 G=7.0122 SF=0.0278 | frob=5.0039 (best=4.8470) | 32.8s
Epoch 111/300 | D=-0.2836 G=6.7753 SF=0.0245 | frob=5.1478 (best=4.8470) | 33.1s
Epoch 112/300 | D=-0.2753 G=6.5536 SF=0.0297 | frob=5.1683 (best=4.8470) | 33.3s
Epoch 113/300 | D=-0.3002 G=6.8882 SF=0.0255 | frob=5.2345 (best=4.8470) | 32.5s
Epoch 114/300 | D=-0.2802 G=6.5748 SF=0.0265 | frob=4.9327 (best=4.8470) | 32.5s
Epoch 115/300 | D=-0.2868 G=6.7772 SF=0.0256 | frob=5.1934 (best=4.8470) | 33.3s
Epoch 116/300 | D=-0.2800 G=6.5786 SF=0.0251 | frob=5.0052 (best=4.8470) | 35.1s
Epoch 117/300 | D=-0.2960 G=6.6539 SF=0.0248 | frob=5.1690 (best=4.8470) | 32.4s
Epoch 118/300 | D=-0.2896 G=6.5374 SF=0.0248 | frob=4.9107 (best=4.8470) | 34.1s
Epoch 119/300 | D=-0.2869 G=6.6951 SF=0.0216 | frob=4.9995 (best=4.8470) | 34.2s
Epoch 120/300 | D=-0.2994 G=6.4196 SF=0.0214 | frob=5.1103 (best=4.8470) | 34.6s
Epoch 121/300 | D=-0.2952 G=6.6166 SF=0.0218 | frob=4.8207 (best=4.8470) | 34.1s
Epoch 122/300 | D=-0.2954 G=6.4872 SF=0.0241 | frob=5.0844 (best=4.8207) | 33.4s
Epoch 123/300 | D=-0.2922 G=6.3518 SF=0.0243 | frob=4.8202 (best=4.8207) | 32.8s
Epoch 124/300 | D=-0.2975 G=6.3004 SF=0.0225 | frob=5.2159 (best=4.8202) | 32.5s
Epoch 125/300 | D=-0.2902 G=6.4952 SF=0.0264 | frob=4.8312 (best=4.8202) | 33.3s
Epoch 126/300 | D=-0.2940 G=6.3780 SF=0.0220 | frob=4.6397 (best=4.8202) | 33.2s
Epoch 127/300 | D=-0.2964 G=6.5712 SF=0.0261 | frob=4.8797 (best=4.6397) | 33.0s
Epoch 128/300 | D=-0.2902 G=5.9593 SF=0.0305 | frob=4.8217 (best=4.6397) | 34.6s
Epoch 129/300 | D=-0.2965 G=5.7863 SF=0.0210 | frob=4.9193 (best=4.6397) | 34.3s
Epoch 130/300 | D=-0.2880 G=5.8047 SF=0.0217 | frob=4.9445 (best=4.6397) | 33.8s
Epoch 131/300 | D=-0.2991 G=5.8314 SF=0.0279 | frob=4.8510 (best=4.6397) | 33.0s
Epoch 132/300 | D=-0.3013 G=5.8382 SF=0.0218 | frob=4.4569 (best=4.6397) | 32.5s
Epoch 133/300 | D=-0.3037 G=6.1483 SF=0.0242 | frob=4.7213 (best=4.4569) | 33.8s
Epoch 134/300 | D=-0.2999 G=5.8784 SF=0.0206 | frob=4.6712 (best=4.4569) | 33.5s
Epoch 135/300 | D=-0.2969 G=6.1353 SF=0.0229 | frob=4.9814 (best=4.4569) | 33.2s
Epoch 136/300 | D=-0.3008 G=5.9799 SF=0.0260 | frob=4.7809 (best=4.4569) | 33.5s
Epoch 137/300 | D=-0.3068 G=6.2067 SF=0.0230 | frob=4.7854 (best=4.4569) | 33.4s
Epoch 138/300 | D=-0.2973 G=6.2675 SF=0.0210 | frob=4.6264 (best=4.4569) | 33.0s
Epoch 139/300 | D=-0.3009 G=6.1775 SF=0.0194 | frob=4.7203 (best=4.4569) | 34.5s
Epoch 140/300 | D=-0.2988 G=6.1199 SF=0.0213 | frob=4.7938 (best=4.4569) | 32.4s
Epoch 141/300 | D=-0.3002 G=6.0324 SF=0.0212 | frob=4.5861 (best=4.4569) | 33.2s
Epoch 142/300 | D=-0.3087 G=6.1124 SF=0.0183 | frob=4.3554 (best=4.4569) | 32.5s
Epoch 143/300 | D=-0.3121 G=6.0347 SF=0.0222 | frob=4.8985 (best=4.3554) | 32.1s
Epoch 144/300 | D=-0.2870 G=6.2091 SF=0.0268 | frob=4.4245 (best=4.3554) | 29.9s
Epoch 145/300 | D=-0.3082 G=6.1156 SF=0.0199 | frob=4.6713 (best=4.3554) | 18.4s
Epoch 146/300 | D=-0.3007 G=5.9578 SF=0.0192 | frob=4.6102 (best=4.3554) | 18.8s
Epoch 147/300 | D=-0.3052 G=5.8731 SF=0.0203 | frob=4.5234 (best=4.3554) | 18.4s
Epoch 148/300 | D=-0.3086 G=6.0857 SF=0.0193 | frob=4.5385 (best=4.3554) | 18.6s
Epoch 149/300 | D=-0.3016 G=6.0175 SF=0.0213 | frob=4.9568 (best=4.3554) | 18.5s
Epoch 150/300 | D=-0.3086 G=5.8954 SF=0.0194 | frob=4.5158 (best=4.3554) | 18.5s
Epoch 151/300 | D=-0.3106 G=5.9482 SF=0.0185 | frob=4.6544 (best=4.3554) | 18.4s
Epoch 152/300 | D=-0.3104 G=5.7494 SF=0.0202 | frob=4.5668 (best=4.3554) | 18.6s
Epoch 153/300 | D=-0.3099 G=5.8872 SF=0.0222 | frob=4.6130 (best=4.3554) | 18.6s
Epoch 154/300 | D=-0.3043 G=5.9839 SF=0.0195 | frob=4.5791 (best=4.3554) | 18.5s
Epoch 155/300 | D=-0.3076 G=6.0126 SF=0.0246 | frob=4.5009 (best=4.3554) | 18.3s
Epoch 156/300 | D=-0.3036 G=5.9095 SF=0.0179 | frob=4.6127 (best=4.3554) | 18.3s
Epoch 157/300 | D=-0.3085 G=5.5923 SF=0.0202 | frob=4.5356 (best=4.3554) | 18.3s
Epoch 158/300 | D=-0.2852 G=5.7542 SF=0.0175 | frob=4.5341 (best=4.3554) | 18.5s
Epoch 159/300 | D=-0.2999 G=5.5365 SF=0.0202 | frob=4.2890 (best=4.3554) | 18.8s
Epoch 160/300 | D=-0.3083 G=5.6813 SF=0.0175 | frob=4.2012 (best=4.2890) | 18.5s
Epoch 161/300 | D=-0.3042 G=5.7071 SF=0.0180 | frob=4.6026 (best=4.2012) | 18.4s
Epoch 162/300 | D=-0.2929 G=5.7944 SF=0.0231 | frob=4.3565 (best=4.2012) | 18.4s
Epoch 163/300 | D=-0.2973 G=5.7665 SF=0.0190 | frob=4.4206 (best=4.2012) | 18.4s
Epoch 164/300 | D=-0.2943 G=5.8377 SF=0.0174 | frob=4.1923 (best=4.2012) | 18.3s
Epoch 165/300 | D=-0.2770 G=5.7351 SF=0.0198 | frob=4.5005 (best=4.1923) | 18.6s
Epoch 166/300 | D=-0.3085 G=5.7307 SF=0.0206 | frob=4.4972 (best=4.1923) | 18.4s
Epoch 167/300 | D=-0.2932 G=5.5541 SF=0.0191 | frob=4.3844 (best=4.1923) | 18.6s
Epoch 168/300 | D=-0.2882 G=5.4440 SF=0.0192 | frob=4.3160 (best=4.1923) | 18.4s
Epoch 169/300 | D=-0.2879 G=5.4674 SF=0.0235 | frob=4.4303 (best=4.1923) | 18.5s
Epoch 170/300 | D=-0.2850 G=5.3042 SF=0.0173 | frob=4.2553 (best=4.1923) | 18.6s
Epoch 171/300 | D=-0.2883 G=5.4898 SF=0.0184 | frob=4.5001 (best=4.1923) | 18.4s
Epoch 172/300 | D=-0.2953 G=5.6195 SF=0.0185 | frob=4.4541 (best=4.1923) | 18.4s
Epoch 173/300 | D=-0.2941 G=5.7450 SF=0.0185 | frob=4.2990 (best=4.1923) | 18.6s
Epoch 174/300 | D=-0.2975 G=5.3186 SF=0.0167 | frob=4.2455 (best=4.1923) | 18.5s
Epoch 175/300 | D=-0.2989 G=5.3659 SF=0.0163 | frob=4.3740 (best=4.1923) | 18.4s
Epoch 176/300 | D=-0.2989 G=5.5328 SF=0.0195 | frob=4.5588 (best=4.1923) | 18.7s
Epoch 177/300 | D=-0.3012 G=5.4600 SF=0.0179 | frob=4.3293 (best=4.1923) | 18.5s
Epoch 178/300 | D=-0.2959 G=5.5491 SF=0.0170 | frob=4.6439 (best=4.1923) | 18.5s
Epoch 179/300 | D=-0.2876 G=5.3620 SF=0.0162 | frob=4.1919 (best=4.1923) | 18.4s
Epoch 180/300 | D=-0.3017 G=5.0516 SF=0.0183 | frob=4.5050 (best=4.1919) | 18.5s
Epoch 181/300 | D=-0.2982 G=5.1218 SF=0.0214 | frob=4.2258 (best=4.1919) | 18.4s
Epoch 182/300 | D=-0.3016 G=5.0431 SF=0.0194 | frob=4.1710 (best=4.1919) | 18.4s
Epoch 183/300 | D=-0.3010 G=5.1827 SF=0.0150 | frob=4.3980 (best=4.1710) | 18.4s
Epoch 184/300 | D=-0.2937 G=5.2377 SF=0.0160 | frob=4.1873 (best=4.1710) | 18.4s
Epoch 185/300 | D=-0.3077 G=5.1292 SF=0.0214 | frob=4.5180 (best=4.1710) | 18.5s
Epoch 186/300 | D=-0.2969 G=5.2017 SF=0.0168 | frob=4.4439 (best=4.1710) | 18.4s
Epoch 187/300 | D=-0.3035 G=5.1417 SF=0.0181 | frob=4.5109 (best=4.1710) | 18.6s
Epoch 188/300 | D=-0.3015 G=5.1288 SF=0.0169 | frob=4.2106 (best=4.1710) | 18.6s
Epoch 189/300 | D=-0.2993 G=5.1093 SF=0.0227 | frob=4.1913 (best=4.1710) | 18.4s
Epoch 190/300 | D=-0.2950 G=5.0609 SF=0.0146 | frob=4.2237 (best=4.1710) | 18.4s
Epoch 191/300 | D=-0.3022 G=5.1018 SF=0.0190 | frob=4.4375 (best=4.1710) | 18.5s
Epoch 192/300 | D=-0.2976 G=5.0296 SF=0.0150 | frob=4.4114 (best=4.1710) | 18.4s
Epoch 193/300 | D=-0.3046 G=4.8918 SF=0.0184 | frob=4.2452 (best=4.1710) | 18.4s
Epoch 194/300 | D=-0.2995 G=4.8515 SF=0.0175 | frob=4.2358 (best=4.1710) | 18.5s
Epoch 195/300 | D=-0.3038 G=5.0064 SF=0.0172 | frob=4.1599 (best=4.1710) | 18.5s
Epoch 196/300 | D=-0.3029 G=4.8222 SF=0.0173 | frob=4.0897 (best=4.1599) | 18.4s
Epoch 197/300 | D=-0.2954 G=4.9388 SF=0.0183 | frob=4.3096 (best=4.0897) | 18.6s
Epoch 198/300 | D=-0.3005 G=4.7042 SF=0.0161 | frob=4.3532 (best=4.0897) | 18.5s
Epoch 199/300 | D=-0.2944 G=4.5786 SF=0.0175 | frob=4.1339 (best=4.0897) | 18.7s
Epoch 200/300 | D=-0.3081 G=4.7698 SF=0.0131 | frob=4.1759 (best=4.0897) | 18.3s
Epoch 201/300 | D=-0.2988 G=4.8405 SF=0.0149 | frob=4.1046 (best=4.0897) | 18.5s
Epoch 202/300 | D=-0.2946 G=4.8667 SF=0.0159 | frob=4.1953 (best=4.0897) | 18.4s
Epoch 203/300 | D=-0.3024 G=4.8319 SF=0.0184 | frob=4.0547 (best=4.0897) | 18.7s
Epoch 204/300 | D=-0.2982 G=4.9005 SF=0.0180 | frob=4.0934 (best=4.0547) | 18.6s
Epoch 205/300 | D=-0.2919 G=4.8566 SF=0.0212 | frob=4.3303 (best=4.0547) | 18.6s
Epoch 206/300 | D=-0.3032 G=4.9466 SF=0.0166 | frob=3.9900 (best=4.0547) | 18.5s
Epoch 207/300 | D=-0.2998 G=4.8566 SF=0.0181 | frob=4.1108 (best=3.9900) | 18.5s
Epoch 208/300 | D=-0.3077 G=4.7625 SF=0.0145 | frob=4.0547 (best=3.9900) | 18.4s
Epoch 209/300 | D=-0.3025 G=4.8121 SF=0.0165 | frob=4.1313 (best=3.9900) | 18.5s
Epoch 210/300 | D=-0.3102 G=5.0167 SF=0.0150 | frob=4.0327 (best=3.9900) | 18.4s
Epoch 211/300 | D=-0.3093 G=4.9386 SF=0.0147 | frob=3.9847 (best=3.9900) | 18.5s
Epoch 212/300 | D=-0.2942 G=4.7295 SF=0.0144 | frob=4.0964 (best=3.9847) | 18.4s
Epoch 213/300 | D=-0.2918 G=4.7861 SF=0.0189 | frob=4.1391 (best=3.9847) | 18.5s
Epoch 214/300 | D=-0.3000 G=4.6731 SF=0.0157 | frob=4.0613 (best=3.9847) | 18.4s
Epoch 215/300 | D=-0.3040 G=4.6898 SF=0.0174 | frob=4.0219 (best=3.9847) | 18.6s
Epoch 216/300 | D=-0.2945 G=4.7311 SF=0.0152 | frob=4.2625 (best=3.9847) | 18.6s
Epoch 217/300 | D=-0.3020 G=4.6426 SF=0.0177 | frob=3.9892 (best=3.9847) | 18.4s
Epoch 218/300 | D=-0.3059 G=4.7513 SF=0.0148 | frob=3.9890 (best=3.9847) | 18.4s
Epoch 219/300 | D=-0.3041 G=4.7309 SF=0.0148 | frob=4.0819 (best=3.9847) | 18.4s
Epoch 220/300 | D=-0.2930 G=4.5672 SF=0.0176 | frob=3.8520 (best=3.9847) | 18.4s
Epoch 221/300 | D=-0.3155 G=4.6056 SF=0.0128 | frob=4.0179 (best=3.8520) | 19.0s
Epoch 222/300 | D=-0.3049 G=4.3962 SF=0.0173 | frob=4.0650 (best=3.8520) | 18.6s
Epoch 223/300 | D=-0.3006 G=4.6131 SF=0.0167 | frob=3.8577 (best=3.8520) | 18.5s
Epoch 224/300 | D=-0.3023 G=4.5126 SF=0.0151 | frob=3.9391 (best=3.8520) | 18.4s
Epoch 225/300 | D=-0.2974 G=4.4560 SF=0.0153 | frob=3.9831 (best=3.8520) | 20.9s
Epoch 226/300 | D=-0.3001 G=4.2818 SF=0.0151 | frob=3.9039 (best=3.8520) | 18.4s
Epoch 227/300 | D=-0.3021 G=4.3510 SF=0.0155 | frob=3.9506 (best=3.8520) | 18.4s
Epoch 228/300 | D=-0.2979 G=4.2963 SF=0.0171 | frob=4.2397 (best=3.8520) | 18.4s
Epoch 229/300 | D=-0.2868 G=4.3735 SF=0.0183 | frob=4.0544 (best=3.8520) | 18.7s
Epoch 230/300 | D=-0.2957 G=4.2312 SF=0.0167 | frob=4.1179 (best=3.8520) | 18.4s
Epoch 231/300 | D=-0.3023 G=4.2181 SF=0.0128 | frob=3.9834 (best=3.8520) | 18.5s
Epoch 232/300 | D=-0.2973 G=4.1362 SF=0.0161 | frob=4.0331 (best=3.8520) | 18.6s
Epoch 233/300 | D=-0.3030 G=4.3521 SF=0.0150 | frob=4.0039 (best=3.8520) | 18.5s
Epoch 234/300 | D=-0.2970 G=4.1735 SF=0.0141 | frob=3.9397 (best=3.8520) | 18.4s
Epoch 235/300 | D=-0.2967 G=4.3083 SF=0.0144 | frob=3.9089 (best=3.8520) | 18.4s
Epoch 236/300 | D=-0.2917 G=4.1995 SF=0.0201 | frob=3.9412 (best=3.8520) | 18.6s
Epoch 237/300 | D=-0.2954 G=4.3369 SF=0.0156 | frob=3.8594 (best=3.8520) | 18.5s
Epoch 238/300 | D=-0.2987 G=4.2131 SF=0.0134 | frob=3.9008 (best=3.8520) | 18.6s
Epoch 239/300 | D=-0.3071 G=4.3921 SF=0.0147 | frob=3.8085 (best=3.8520) | 18.6s
Epoch 240/300 | D=-0.2936 G=4.2773 SF=0.0142 | frob=3.8560 (best=3.8085) | 18.5s
Epoch 241/300 | D=-0.2875 G=4.2118 SF=0.0136 | frob=3.9362 (best=3.8085) | 19.3s
Epoch 242/300 | D=-0.3092 G=4.1730 SF=0.0145 | frob=3.8001 (best=3.8085) | 19.0s
Epoch 243/300 | D=-0.3049 G=4.1379 SF=0.0143 | frob=3.8300 (best=3.8001) | 18.8s
Epoch 244/300 | D=-0.2948 G=4.3036 SF=0.0131 | frob=3.8808 (best=3.8001) | 18.6s
Epoch 245/300 | D=-0.2993 G=4.1964 SF=0.0140 | frob=3.8757 (best=3.8001) | 18.4s
Epoch 246/300 | D=-0.3028 G=4.0755 SF=0.0161 | frob=3.9010 (best=3.8001) | 18.5s
Epoch 247/300 | D=-0.3001 G=4.0580 SF=0.0143 | frob=3.8060 (best=3.8001) | 18.4s
Epoch 248/300 | D=-0.2994 G=4.0122 SF=0.0138 | frob=4.0192 (best=3.8001) | 18.4s
Epoch 249/300 | D=-0.2974 G=3.9055 SF=0.0140 | frob=3.9071 (best=3.8001) | 18.4s
Epoch 250/300 | D=-0.2942 G=4.1981 SF=0.0125 | frob=3.8864 (best=3.8001) | 18.6s
Epoch 251/300 | D=-0.3005 G=4.0260 SF=0.0152 | frob=3.8497 (best=3.8001) | 18.4s
Epoch 252/300 | D=-0.2888 G=4.0746 SF=0.0153 | frob=3.9262 (best=3.8001) | 18.4s
Epoch 253/300 | D=-0.2962 G=4.1388 SF=0.0133 | frob=4.1465 (best=3.8001) | 18.4s
Epoch 254/300 | D=-0.3013 G=3.9593 SF=0.0129 | frob=3.9126 (best=3.8001) | 18.6s
Epoch 255/300 | D=-0.3024 G=3.9259 SF=0.0129 | frob=3.8430 (best=3.8001) | 18.5s
Epoch 256/300 | D=-0.2918 G=3.9613 SF=0.0126 | frob=3.9264 (best=3.8001) | 18.5s
Epoch 257/300 | D=-0.2983 G=3.9162 SF=0.0125 | frob=3.8748 (best=3.8001) | 18.5s
Epoch 258/300 | D=-0.2982 G=3.9599 SF=0.0135 | frob=3.8656 (best=3.8001) | 18.5s
Epoch 259/300 | D=-0.2980 G=3.8121 SF=0.0133 | frob=3.8244 (best=3.8001) | 18.5s
Epoch 260/300 | D=-0.2896 G=3.9468 SF=0.0132 | frob=3.8252 (best=3.8001) | 18.4s
Epoch 261/300 | D=-0.3006 G=3.9935 SF=0.0137 | frob=3.9308 (best=3.8001) | 18.7s
Epoch 262/300 | D=-0.2956 G=4.1218 SF=0.0141 | frob=3.6699 (best=3.8001) | 18.4s
Epoch 263/300 | D=-0.3014 G=3.8544 SF=0.0132 | frob=3.7625 (best=3.6699) | 18.5s
Epoch 264/300 | D=-0.2999 G=4.0910 SF=0.0129 | frob=3.7602 (best=3.6699) | 18.5s
Epoch 265/300 | D=-0.3039 G=4.0655 SF=0.0145 | frob=3.7910 (best=3.6699) | 18.5s
Epoch 266/300 | D=-0.3012 G=4.1266 SF=0.0135 | frob=3.7603 (best=3.6699) | 18.5s
Epoch 267/300 | D=-0.3027 G=4.1378 SF=0.0131 | frob=3.8263 (best=3.6699) | 18.4s
Epoch 268/300 | D=-0.3010 G=3.9066 SF=0.0126 | frob=3.7008 (best=3.6699) | 18.5s
Epoch 269/300 | D=-0.2991 G=4.0052 SF=0.0125 | frob=3.5140 (best=3.6699) | 18.4s
Epoch 270/300 | D=-0.3017 G=3.9395 SF=0.0135 | frob=3.8090 (best=3.5140) | 18.5s
Epoch 271/300 | D=-0.3034 G=4.0441 SF=0.0131 | frob=3.7006 (best=3.5140) | 18.7s
Epoch 272/300 | D=-0.2938 G=3.8824 SF=0.0123 | frob=3.6425 (best=3.5140) | 18.5s
Epoch 273/300 | D=-0.3042 G=4.0121 SF=0.0125 | frob=3.8613 (best=3.5140) | 18.6s
Epoch 274/300 | D=-0.2942 G=4.0908 SF=0.0130 | frob=3.6461 (best=3.5140) | 18.4s
Epoch 275/300 | D=-0.3027 G=4.0457 SF=0.0128 | frob=3.6560 (best=3.5140) | 18.4s
Epoch 276/300 | D=-0.2968 G=3.9703 SF=0.0128 | frob=3.6533 (best=3.5140) | 18.4s
Epoch 277/300 | D=-0.2973 G=3.9355 SF=0.0136 | frob=3.8234 (best=3.5140) | 18.5s
Epoch 278/300 | D=-0.2997 G=3.8942 SF=0.0135 | frob=3.6979 (best=3.5140) | 18.9s
Epoch 279/300 | D=-0.2953 G=3.8682 SF=0.0138 | frob=3.8730 (best=3.5140) | 18.5s
Epoch 280/300 | D=-0.2997 G=3.7088 SF=0.0115 | frob=3.6755 (best=3.5140) | 18.5s
Epoch 281/300 | D=-0.2987 G=3.7180 SF=0.0143 | frob=3.6299 (best=3.5140) | 18.6s
Epoch 282/300 | D=-0.2871 G=3.7321 SF=0.0142 | frob=3.8076 (best=3.5140) | 18.6s
Epoch 283/300 | D=-0.2972 G=3.7984 SF=0.0139 | frob=3.6402 (best=3.5140) | 18.4s
Epoch 284/300 | D=-0.3015 G=3.8247 SF=0.0139 | frob=3.8193 (best=3.5140) | 18.6s
Epoch 285/300 | D=-0.3010 G=3.7561 SF=0.0118 | frob=3.7615 (best=3.5140) | 19.1s
Epoch 286/300 | D=-0.3015 G=3.7787 SF=0.0120 | frob=3.7055 (best=3.5140) | 18.4s
Epoch 287/300 | D=-0.2942 G=3.7671 SF=0.0134 | frob=3.7149 (best=3.5140) | 18.5s
Epoch 288/300 | D=-0.2974 G=3.9011 SF=0.0148 | frob=3.6021 (best=3.5140) | 18.4s
Epoch 289/300 | D=-0.3032 G=3.7372 SF=0.0124 | frob=3.6573 (best=3.5140) | 18.6s
Epoch 290/300 | D=-0.3090 G=3.7455 SF=0.0111 | frob=3.8245 (best=3.5140) | 18.5s
Epoch 291/300 | D=-0.2973 G=3.7046 SF=0.0125 | frob=3.8688 (best=3.5140) | 18.6s
Epoch 292/300 | D=-0.2935 G=3.7645 SF=0.0123 | frob=3.6303 (best=3.5140) | 18.5s
Epoch 293/300 | D=-0.2993 G=3.8025 SF=0.0119 | frob=3.6615 (best=3.5140) | 18.4s
Epoch 294/300 | D=-0.2954 G=3.8327 SF=0.0117 | frob=3.6164 (best=3.5140) | 18.4s
Epoch 295/300 | D=-0.2951 G=3.6645 SF=0.0116 | frob=3.7041 (best=3.5140) | 18.4s
Epoch 296/300 | D=-0.3054 G=3.7042 SF=0.0113 | frob=3.6254 (best=3.5140) | 18.4s
Epoch 297/300 | D=-0.2984 G=3.9077 SF=0.0135 | frob=3.6865 (best=3.5140) | 18.5s
Epoch 298/300 | D=-0.2952 G=3.9054 SF=0.0117 | frob=3.8049 (best=3.5140) | 18.5s
Epoch 299/300 | D=-0.3006 G=3.8537 SF=0.0120 | frob=3.8452 (best=3.5140) | 18.5s
Epoch 300/300 | D=-0.2972 G=3.7962 SF=0.0115 | frob=3.8844 (best=3.5140) | 18.6s

Fine-tuning 10 epochs (lr×0.1)...
  FT 1/10 | D=-0.2448 G=3.7592
  FT 2/10 | D=-0.2609 G=3.6447
  FT 3/10 | D=-0.2697 G=3.6610
  FT 4/10 | D=-0.2742 G=3.5430
  FT 5/10 | D=-0.2813 G=3.5533
  FT 6/10 | D=-0.2848 G=3.5387
  FT 7/10 | D=-0.2866 G=3.5346
  FT 8/10 | D=-0.2923 G=3.5319
  FT 9/10 | D=-0.2925 G=3.5046
  FT 10/10 | D=-0.2893 G=3.5332

Done. Best val_frob=3.5140
