[macro_film] all (60 assets) | device=cuda | seed=7
  Loaded daily macro: (3963, 19) (['vix_level', 'vix_change', 'term_spread', 'term_level', 'credit_spread']...)
  PCA: 19 features → 8 PCs (explained var: 0.803)
  Regime detection: T=3773, window=504, step=21...
  Regime detection complete.
  Final covariate dim: 15 — ['pc_1', 'pc_2', 'pc_3', 'pc_4', 'pc_5', 'pc_6', 'pc_7', 'pc_8', 'regime_0', 'regime_1', 'regime_2', 'vix_level_z', 'realized_vol_20d_z', 'term_level_z', 'credit_level_z']
  Computing rolling OLS: T=3773, N=60, K=5, window=126...
    t=500/3773
    t=1000/3773
    t=1500/3773
    t=2000/3773
    t=2500/3773
    t=3000/3773
    t=3500/3773
  Rolling OLS complete.
  n_assets=60, K=5, d_cov=15
  Train: 2890 windows | Val: 3142
Training [macro_film] | T_L=252 | lr=0.0005
  G: 2,646,240 params
  D: 1,799,425 params
----------------------------------------------------------------------
Epoch   1/300 | D=3.6621 G=1.3247 | frob=24.3636 (best=inf) | 35.6s
Epoch   2/300 | D=0.3408 G=5.5598 | frob=21.3096 (best=24.3636) | 33.8s
Epoch   3/300 | D=0.1613 G=11.0571 | frob=26.4535 (best=21.3096) | 33.8s
Epoch   4/300 | D=0.1072 G=12.4223 | frob=25.2941 (best=21.3096) | 33.9s
Epoch   5/300 | D=0.0559 G=14.1444 | frob=21.5984 (best=21.3096) | 33.7s
Epoch   6/300 | D=0.0414 G=16.6901 | frob=17.1942 (best=21.3096) | 33.2s
Epoch   7/300 | D=0.0345 G=20.8151 | frob=13.0509 (best=17.1942) | 33.4s
Epoch   8/300 | D=0.0303 G=24.7765 | frob=12.6402 (best=13.0509) | 33.5s
Epoch   9/300 | D=0.0262 G=28.0639 | frob=11.9143 (best=12.6402) | 33.6s
Epoch  10/300 | D=0.0162 G=30.6584 | frob=12.1527 (best=11.9143) | 33.6s
Epoch  11/300 | D=0.0231 G=30.1004 | frob=11.9205 (best=11.9143) | 33.6s
Epoch  12/300 | D=0.0173 G=32.5230 | frob=13.3431 (best=11.9143) | 33.5s
Epoch  13/300 | D=0.0249 G=34.8648 | frob=13.1322 (best=11.9143) | 33.2s
Epoch  14/300 | D=0.0141 G=37.3597 | frob=13.5835 (best=11.9143) | 33.1s
Epoch  15/300 | D=0.0132 G=41.7407 | frob=12.5734 (best=11.9143) | 33.3s
Epoch  16/300 | D=0.0199 G=43.8629 | frob=14.3905 (best=11.9143) | 33.4s
Epoch  17/300 | D=0.0171 G=46.9638 | frob=15.4551 (best=11.9143) | 33.2s
Epoch  18/300 | D=0.0158 G=47.4888 | frob=13.7225 (best=11.9143) | 33.4s
Epoch  19/300 | D=0.0094 G=49.5269 | frob=11.2594 (best=11.9143) | 33.4s
Epoch  20/300 | D=0.0074 G=51.5082 | frob=14.1057 (best=11.2594) | 33.4s
Epoch  21/300 | D=-0.0065 G=55.7801 | frob=11.3724 (best=11.2594) | 33.4s
Epoch  22/300 | D=0.0161 G=59.7791 | frob=12.6711 (best=11.2594) | 33.4s
Epoch  23/300 | D=0.0042 G=63.2223 | frob=10.8687 (best=11.2594) | 33.2s
Epoch  24/300 | D=0.0192 G=67.2955 | frob=10.1999 (best=10.8687) | 33.4s
Epoch  25/300 | D=0.0038 G=64.5209 | frob=10.9918 (best=10.1999) | 33.4s
Epoch  26/300 | D=0.0136 G=66.3663 | frob=11.1527 (best=10.1999) | 33.5s
Epoch  27/300 | D=0.0078 G=67.3736 | frob=10.9950 (best=10.1999) | 33.4s
Epoch  28/300 | D=0.0043 G=69.5939 | frob=11.4421 (best=10.1999) | 33.4s
Epoch  29/300 | D=-0.0003 G=70.1153 | frob=11.3554 (best=10.1999) | 33.2s
Epoch  30/300 | D=-0.0001 G=70.5983 | frob=11.5458 (best=10.1999) | 33.6s
Epoch  31/300 | D=0.0133 G=72.8106 | frob=12.4657 (best=10.1999) | 33.5s
Epoch  32/300 | D=0.0123 G=72.1618 | frob=11.7394 (best=10.1999) | 33.8s
Epoch  33/300 | D=0.0018 G=75.5096 | frob=10.1527 (best=10.1999) | 34.3s
Epoch  34/300 | D=-0.0067 G=78.1312 | frob=11.0515 (best=10.1527) | 34.1s
Epoch  35/300 | D=-0.0027 G=77.3923 | frob=10.3067 (best=10.1527) | 34.1s
Epoch  36/300 | D=0.0004 G=76.2394 | frob=10.5627 (best=10.1527) | 34.3s
Epoch  37/300 | D=0.0048 G=76.3111 | frob=10.5169 (best=10.1527) | 34.5s
Epoch  38/300 | D=-0.0006 G=74.9479 | frob=9.7449 (best=10.1527) | 34.2s
Epoch  39/300 | D=-0.0157 G=78.1216 | frob=9.6239 (best=9.7449) | 33.7s
Epoch  40/300 | D=-0.0038 G=76.4450 | frob=9.4737 (best=9.6239) | 34.3s
Epoch  41/300 | D=0.0122 G=76.7788 | frob=8.7716 (best=9.4737) | 34.4s
Epoch  42/300 | D=-0.0005 G=74.0355 | frob=10.7081 (best=8.7716) | 34.1s
Epoch  43/300 | D=0.0027 G=74.7114 | frob=10.7673 (best=8.7716) | 34.1s
Epoch  44/300 | D=-0.0027 G=75.1313 | frob=11.1523 (best=8.7716) | 33.9s
Epoch  45/300 | D=-0.0175 G=77.2608 | frob=10.3774 (best=8.7716) | 33.4s
Epoch  46/300 | D=-0.0080 G=78.7542 | frob=9.9175 (best=8.7716) | 34.5s
Epoch  47/300 | D=-0.0040 G=79.6695 | frob=8.8775 (best=8.7716) | 34.1s
Epoch  48/300 | D=-0.0106 G=80.0290 | frob=8.3850 (best=8.7716) | 34.2s
Epoch  49/300 | D=0.0068 G=81.7865 | frob=8.4506 (best=8.3850) | 34.2s
Epoch  50/300 | D=-0.0164 G=80.4528 | frob=8.3295 (best=8.3850) | 33.6s
Epoch  51/300 | D=-0.0165 G=79.1637 | frob=8.5740 (best=8.3295) | 34.0s
Epoch  52/300 | D=-0.0119 G=76.8836 | frob=8.3120 (best=8.3295) | 34.2s
Epoch  53/300 | D=-0.0322 G=75.0517 | frob=8.2083 (best=8.3120) | 34.2s
Epoch  54/300 | D=-0.0166 G=74.4219 | frob=8.3958 (best=8.2083) | 34.1s
Epoch  55/300 | D=-0.0205 G=71.8446 | frob=8.1625 (best=8.2083) | 34.4s
Epoch  56/300 | D=-0.0325 G=68.8556 | frob=7.8055 (best=8.1625) | 33.8s
Epoch  57/300 | D=-0.0382 G=68.2825 | frob=7.6000 (best=7.8055) | 33.8s
Epoch  58/300 | D=-0.0411 G=69.6797 | frob=7.6445 (best=7.6000) | 34.2s
Epoch  59/300 | D=-0.0497 G=68.8000 | frob=7.3841 (best=7.6000) | 34.3s
Epoch  60/300 | D=-0.0434 G=64.8622 | frob=8.0105 (best=7.3841) | 34.2s
Epoch  61/300 | D=-0.0535 G=60.1622 | frob=7.3468 (best=7.3841) | 37.3s
Epoch  62/300 | D=-0.0551 G=56.7473 | frob=6.9865 (best=7.3468) | 33.9s
Epoch  63/300 | D=-0.0476 G=54.8147 | frob=6.7856 (best=6.9865) | 33.4s
Epoch  64/300 | D=-0.0573 G=51.6564 | frob=6.6011 (best=6.7856) | 33.3s
Epoch  65/300 | D=-0.0696 G=50.7180 | frob=6.4096 (best=6.6011) | 33.5s
Epoch  66/300 | D=-0.0523 G=48.1632 | frob=6.0805 (best=6.4096) | 34.0s
Epoch  67/300 | D=-0.0610 G=46.4975 | frob=5.8868 (best=6.0805) | 34.4s
Epoch  68/300 | D=-0.0697 G=44.9455 | frob=5.8793 (best=5.8868) | 34.4s
Epoch  69/300 | D=-0.0761 G=41.5690 | frob=7.3507 (best=5.8793) | 34.0s
Epoch  70/300 | D=-0.0899 G=40.3797 | frob=5.9054 (best=5.8793) | 34.5s
Epoch  71/300 | D=-0.0913 G=39.2456 | frob=5.6729 (best=5.8793) | 34.6s
Epoch  72/300 | D=-0.1046 G=37.2685 | frob=5.6919 (best=5.6729) | 34.8s
Epoch  73/300 | D=-0.1047 G=34.9292 | frob=5.6024 (best=5.6729) | 34.2s
Epoch  74/300 | D=-0.1109 G=32.5744 | frob=5.6538 (best=5.6024) | 35.9s
Epoch  75/300 | D=-0.1274 G=30.8928 | frob=5.5990 (best=5.6024) | 33.0s
Epoch  76/300 | D=-0.1450 G=29.3902 | frob=5.6695 (best=5.5990) | 33.1s
Epoch  77/300 | D=-0.1474 G=27.8495 | frob=5.5766 (best=5.5990) | 33.3s
Epoch  78/300 | D=-0.1630 G=26.4379 | frob=5.4320 (best=5.5766) | 33.5s
Epoch  79/300 | D=-0.1777 G=25.0457 | frob=5.1954 (best=5.4320) | 33.3s
Epoch  80/300 | D=-0.1841 G=23.4006 | frob=4.9106 (best=5.1954) | 34.7s
Epoch  81/300 | D=-0.1992 G=22.0505 | frob=4.7923 (best=4.9106) | 38.0s
Epoch  82/300 | D=-0.2227 G=20.9279 | frob=4.6911 (best=4.7923) | 34.5s
Epoch  83/300 | D=-0.2367 G=19.9186 | frob=4.5562 (best=4.6911) | 33.0s
Epoch  84/300 | D=-0.2497 G=18.8611 | frob=4.4524 (best=4.5562) | 33.3s
Epoch  85/300 | D=-0.2769 G=18.0298 | frob=4.4498 (best=4.4524) | 33.4s
Epoch  86/300 | D=-0.2900 G=16.9221 | frob=4.3330 (best=4.4498) | 33.3s
Epoch  87/300 | D=-0.3044 G=15.9902 | frob=4.0698 (best=4.3330) | 33.4s
Epoch  88/300 | D=-0.3216 G=15.2885 | frob=3.9545 (best=4.0698) | 33.2s
Epoch  89/300 | D=-0.3361 G=14.4153 | frob=3.8679 (best=3.9545) | 33.3s
Epoch  90/300 | D=-0.3642 G=13.5364 | frob=4.0009 (best=3.8679) | 33.4s
Epoch  91/300 | D=-0.3623 G=13.0623 | frob=4.0063 (best=3.8679) | 33.6s
Epoch  92/300 | D=-0.3729 G=12.3995 | frob=3.8966 (best=3.8679) | 33.6s
Epoch  93/300 | D=-0.3943 G=11.6116 | frob=3.8905 (best=3.8679) | 33.3s
Epoch  94/300 | D=-0.4009 G=10.9019 | frob=3.8303 (best=3.8679) | 33.4s
Epoch  95/300 | D=-0.4232 G=10.1341 | frob=3.9922 (best=3.8303) | 33.1s
Epoch  96/300 | D=-0.4280 G=9.6453 | frob=4.0405 (best=3.8303) | 33.2s
Epoch  97/300 | D=-0.4446 G=9.1708 | frob=3.8895 (best=3.8303) | 33.5s
Epoch  98/300 | D=-0.4585 G=8.5201 | frob=3.6824 (best=3.8303) | 33.6s
Epoch  99/300 | D=-0.4737 G=8.0853 | frob=3.6205 (best=3.6824) | 33.2s
Epoch 100/300 | D=-0.4822 G=7.6171 | frob=3.6135 (best=3.6205) | 33.3s
Epoch 101/300 | D=-0.4902 G=7.2536 | frob=3.3504 (best=3.6135) | 33.2s
Epoch 102/300 | D=-0.4978 G=6.7285 | frob=3.4513 (best=3.3504) | 33.1s
Epoch 103/300 | D=-0.5184 G=6.2727 | frob=3.4182 (best=3.3504) | 33.5s
Epoch 104/300 | D=-0.5178 G=5.8933 | frob=3.2107 (best=3.3504) | 33.4s
Epoch 105/300 | D=-0.5315 G=5.6054 | frob=3.3177 (best=3.2107) | 33.5s
Epoch 106/300 | D=-0.5449 G=5.1420 | frob=3.2301 (best=3.2107) | 33.5s
Epoch 107/300 | D=-0.5468 G=4.7364 | frob=3.1875 (best=3.2107) | 33.6s
Epoch 108/300 | D=-0.5602 G=4.4360 | frob=3.0922 (best=3.1875) | 33.5s
Epoch 109/300 | D=-0.5656 G=4.0759 | frob=3.0584 (best=3.0922) | 33.4s
Epoch 110/300 | D=-0.5745 G=3.7609 | frob=3.0624 (best=3.0584) | 33.3s
Epoch 111/300 | D=-0.5734 G=3.5596 | frob=3.0256 (best=3.0584) | 33.4s
Epoch 112/300 | D=-0.5827 G=3.2995 | frob=3.2170 (best=3.0256) | 33.1s
Epoch 113/300 | D=-0.5849 G=3.1087 | frob=3.2163 (best=3.0256) | 33.3s
Epoch 114/300 | D=-0.5924 G=2.8800 | frob=3.0664 (best=3.0256) | 33.7s
Epoch 115/300 | D=-0.5961 G=2.7005 | frob=3.1714 (best=3.0256) | 33.3s
Epoch 116/300 | D=-0.5961 G=2.5111 | frob=3.0378 (best=3.0256) | 33.2s
Epoch 117/300 | D=-0.6023 G=2.3073 | frob=2.9294 (best=3.0256) | 33.5s
Epoch 118/300 | D=-0.6027 G=2.1470 | frob=2.9061 (best=2.9294) | 33.3s
Epoch 119/300 | D=-0.6043 G=1.9742 | frob=3.0549 (best=2.9061) | 33.2s
Epoch 120/300 | D=-0.6055 G=1.8294 | frob=2.9087 (best=2.9061) | 33.7s
Epoch 121/300 | D=-0.6016 G=1.6417 | frob=2.9137 (best=2.9061) | 33.4s
Epoch 122/300 | D=-0.6021 G=1.4705 | frob=2.7907 (best=2.9061) | 33.5s
Epoch 123/300 | D=-0.6079 G=1.3327 | frob=2.8900 (best=2.7907) | 34.6s
Epoch 124/300 | D=-0.6078 G=1.2258 | frob=2.8386 (best=2.7907) | 36.4s
Epoch 125/300 | D=-0.6056 G=1.1027 | frob=2.8712 (best=2.7907) | 33.4s
Epoch 126/300 | D=-0.6064 G=1.0063 | frob=2.7365 (best=2.7907) | 33.7s
Epoch 127/300 | D=-0.6054 G=0.9290 | frob=2.6848 (best=2.7365) | 33.5s
Epoch 128/300 | D=-0.6026 G=0.8215 | frob=2.7113 (best=2.6848) | 33.1s
Epoch 129/300 | D=-0.6024 G=0.7617 | frob=2.6685 (best=2.6848) | 33.4s
Epoch 130/300 | D=-0.5975 G=0.6640 | frob=2.6483 (best=2.6685) | 32.8s
Epoch 131/300 | D=-0.5995 G=0.5762 | frob=2.7046 (best=2.6483) | 33.1s
Epoch 132/300 | D=-0.5973 G=0.4672 | frob=2.6044 (best=2.6483) | 33.5s
Epoch 133/300 | D=-0.6000 G=0.3909 | frob=2.6528 (best=2.6044) | 33.4s
Epoch 134/300 | D=-0.5912 G=0.3208 | frob=2.6172 (best=2.6044) | 33.2s
Epoch 135/300 | D=-0.5897 G=0.2605 | frob=2.7004 (best=2.6044) | 33.1s
Epoch 136/300 | D=-0.5937 G=0.1839 | frob=2.6350 (best=2.6044) | 33.1s
Epoch 137/300 | D=-0.5897 G=0.1454 | frob=2.6289 (best=2.6044) | 33.1s
Epoch 138/300 | D=-0.5856 G=0.0528 | frob=2.6001 (best=2.6044) | 33.4s
Epoch 139/300 | D=-0.5871 G=-0.0158 | frob=2.6538 (best=2.6001) | 33.2s
Epoch 140/300 | D=-0.5827 G=-0.0569 | frob=2.7508 (best=2.6001) | 33.1s
Epoch 141/300 | D=-0.5767 G=-0.0744 | frob=2.7001 (best=2.6001) | 33.3s
Epoch 142/300 | D=-0.5762 G=-0.0896 | frob=2.7506 (best=2.6001) | 33.4s
Epoch 143/300 | D=-0.5732 G=-0.1250 | frob=2.6519 (best=2.6001) | 33.3s
Epoch 144/300 | D=-0.5701 G=-0.1585 | frob=2.5457 (best=2.6001) | 33.1s
Epoch 145/300 | D=-0.5635 G=-0.1948 | frob=2.6465 (best=2.5457) | 33.3s
Epoch 146/300 | D=-0.5626 G=-0.2316 | frob=2.5992 (best=2.5457) | 33.3s
Epoch 147/300 | D=-0.5598 G=-0.2515 | frob=2.6200 (best=2.5457) | 33.2s
Epoch 148/300 | D=-0.5579 G=-0.2538 | frob=2.8128 (best=2.5457) | 33.3s
Epoch 149/300 | D=-0.5567 G=-0.2723 | frob=2.5865 (best=2.5457) | 33.5s
Epoch 150/300 | D=-0.5514 G=-0.3322 | frob=2.4113 (best=2.5457) | 33.7s
Epoch 151/300 | D=-0.5501 G=-0.3447 | frob=2.4927 (best=2.4113) | 33.3s
Epoch 152/300 | D=-0.5449 G=-0.3641 | frob=2.7162 (best=2.4113) | 33.2s
Epoch 153/300 | D=-0.5392 G=-0.3609 | frob=2.6655 (best=2.4113) | 33.3s
Epoch 154/300 | D=-0.5420 G=-0.3851 | frob=2.4354 (best=2.4113) | 33.4s
Epoch 155/300 | D=-0.5351 G=-0.4263 | frob=2.5660 (best=2.4113) | 33.5s
Epoch 156/300 | D=-0.5358 G=-0.4589 | frob=2.7386 (best=2.4113) | 33.3s
Epoch 157/300 | D=-0.5319 G=-0.4702 | frob=2.7216 (best=2.4113) | 33.2s
Epoch 158/300 | D=-0.5283 G=-0.4871 | frob=2.5683 (best=2.4113) | 33.4s
Epoch 159/300 | D=-0.5228 G=-0.5088 | frob=2.6513 (best=2.4113) | 33.2s
Epoch 160/300 | D=-0.5199 G=-0.5205 | frob=2.5360 (best=2.4113) | 33.2s
Epoch 161/300 | D=-0.5182 G=-0.5130 | frob=2.4881 (best=2.4113) | 33.3s
Epoch 162/300 | D=-0.5135 G=-0.5250 | frob=2.4500 (best=2.4113) | 33.4s
Epoch 163/300 | D=-0.5116 G=-0.5269 | frob=2.4975 (best=2.4113) | 33.8s
Epoch 164/300 | D=-0.5109 G=-0.5431 | frob=2.6264 (best=2.4113) | 33.4s
Epoch 165/300 | D=-0.5070 G=-0.5620 | frob=2.4490 (best=2.4113) | 33.4s
Epoch 166/300 | D=-0.5054 G=-0.5846 | frob=2.3477 (best=2.4113) | 33.1s
Epoch 167/300 | D=-0.4996 G=-0.6016 | frob=2.5663 (best=2.3477) | 33.4s
Epoch 168/300 | D=-0.4973 G=-0.6103 | frob=2.5422 (best=2.3477) | 33.4s
Epoch 169/300 | D=-0.4968 G=-0.6020 | frob=2.4672 (best=2.3477) | 33.3s
Epoch 170/300 | D=-0.4925 G=-0.6237 | frob=2.5779 (best=2.3477) | 33.4s
Epoch 171/300 | D=-0.4893 G=-0.6500 | frob=2.4252 (best=2.3477) | 33.2s
Epoch 172/300 | D=-0.4856 G=-0.6394 | frob=2.7329 (best=2.3477) | 33.3s
Epoch 173/300 | D=-0.4822 G=-0.6255 | frob=2.7222 (best=2.3477) | 33.3s
Epoch 174/300 | D=-0.4812 G=-0.6156 | frob=2.6397 (best=2.3477) | 33.3s
Epoch 175/300 | D=-0.4770 G=-0.6326 | frob=2.5849 (best=2.3477) | 33.1s
Epoch 176/300 | D=-0.4785 G=-0.6500 | frob=2.5123 (best=2.3477) | 33.8s
Epoch 177/300 | D=-0.4742 G=-0.6534 | frob=2.2893 (best=2.3477) | 33.2s
Epoch 178/300 | D=-0.4695 G=-0.6787 | frob=2.9029 (best=2.2893) | 33.2s
Epoch 179/300 | D=-0.4706 G=-0.7019 | frob=2.7511 (best=2.2893) | 33.5s
Epoch 180/300 | D=-0.4683 G=-0.6972 | frob=2.7766 (best=2.2893) | 33.5s
Epoch 181/300 | D=-0.4642 G=-0.6947 | frob=2.4935 (best=2.2893) | 33.4s
Epoch 182/300 | D=-0.4633 G=-0.6828 | frob=2.3831 (best=2.2893) | 33.4s
Epoch 183/300 | D=-0.4591 G=-0.7127 | frob=2.9186 (best=2.2893) | 33.4s
Epoch 184/300 | D=-0.4556 G=-0.7218 | frob=2.5693 (best=2.2893) | 33.4s
Epoch 185/300 | D=-0.4563 G=-0.7387 | frob=2.8311 (best=2.2893) | 33.3s
Epoch 186/300 | D=-0.4553 G=-0.7431 | frob=2.5086 (best=2.2893) | 33.3s
Epoch 187/300 | D=-0.4517 G=-0.7384 | frob=2.8575 (best=2.2893) | 33.3s
Epoch 188/300 | D=-0.4482 G=-0.7632 | frob=3.0114 (best=2.2893) | 33.3s
Epoch 189/300 | D=-0.4461 G=-0.7742 | frob=2.7441 (best=2.2893) | 33.4s
Epoch 190/300 | D=-0.4463 G=-0.7806 | frob=2.5186 (best=2.2893) | 33.6s
Epoch 191/300 | D=-0.4439 G=-0.8089 | frob=2.6153 (best=2.2893) | 33.3s
Epoch 192/300 | D=-0.4411 G=-0.7975 | frob=2.9712 (best=2.2893) | 33.4s
Epoch 193/300 | D=-0.4382 G=-0.7911 | frob=2.6191 (best=2.2893) | 33.5s
Epoch 194/300 | D=-0.4357 G=-0.8093 | frob=2.6587 (best=2.2893) | 33.3s
Epoch 195/300 | D=-0.4352 G=-0.8093 | frob=2.8969 (best=2.2893) | 33.4s
Epoch 196/300 | D=-0.4298 G=-0.7912 | frob=2.9429 (best=2.2893) | 33.1s
Epoch 197/300 | D=-0.4254 G=-0.7869 | frob=3.1440 (best=2.2893) | 33.3s
Epoch 198/300 | D=-0.4319 G=-0.7721 | frob=2.8872 (best=2.2893) | 33.4s
Epoch 199/300 | D=-0.4250 G=-0.7669 | frob=2.5093 (best=2.2893) | 33.7s
Epoch 200/300 | D=-0.4242 G=-0.7435 | frob=2.8869 (best=2.2893) | 33.4s
Epoch 201/300 | D=-0.4236 G=-0.7398 | frob=2.7328 (best=2.2893) | 33.5s
Epoch 202/300 | D=-0.4186 G=-0.7401 | frob=2.6551 (best=2.2893) | 33.4s
Epoch 203/300 | D=-0.4213 G=-0.7566 | frob=2.6854 (best=2.2893) | 33.2s
Epoch 204/300 | D=-0.4176 G=-0.7446 | frob=2.9908 (best=2.2893) | 33.4s
Epoch 205/300 | D=-0.4158 G=-0.7458 | frob=2.8869 (best=2.2893) | 33.0s
Epoch 206/300 | D=-0.4125 G=-0.7419 | frob=2.8401 (best=2.2893) | 33.3s
Epoch 207/300 | D=-0.4161 G=-0.7587 | frob=2.9799 (best=2.2893) | 33.3s
Epoch 208/300 | D=-0.4105 G=-0.7465 | frob=2.7260 (best=2.2893) | 33.3s
Epoch 209/300 | D=-0.4087 G=-0.7469 | frob=2.9841 (best=2.2893) | 33.3s
Epoch 210/300 | D=-0.4091 G=-0.7449 | frob=3.1111 (best=2.2893) | 33.2s
Epoch 211/300 | D=-0.4068 G=-0.7447 | frob=2.9835 (best=2.2893) | 33.1s
Epoch 212/300 | D=-0.4079 G=-0.7242 | frob=3.1970 (best=2.2893) | 33.1s
Epoch 213/300 | D=-0.4049 G=-0.7382 | frob=2.8833 (best=2.2893) | 33.3s
Epoch 214/300 | D=-0.4036 G=-0.7539 | frob=2.7226 (best=2.2893) | 33.4s
Epoch 215/300 | D=-0.4039 G=-0.7621 | frob=3.0377 (best=2.2893) | 33.6s
Epoch 216/300 | D=-0.3993 G=-0.7513 | frob=3.1558 (best=2.2893) | 33.1s
Epoch 217/300 | D=-0.4014 G=-0.7385 | frob=2.8646 (best=2.2893) | 33.3s
Epoch 218/300 | D=-0.4014 G=-0.7422 | frob=2.9728 (best=2.2893) | 33.3s
Epoch 219/300 | D=-0.3970 G=-0.7438 | frob=2.8153 (best=2.2893) | 33.6s
Epoch 220/300 | D=-0.3946 G=-0.7305 | frob=3.0441 (best=2.2893) | 33.4s
Epoch 221/300 | D=-0.3932 G=-0.7279 | frob=2.7026 (best=2.2893) | 33.3s
Epoch 222/300 | D=-0.3940 G=-0.7359 | frob=3.2745 (best=2.2893) | 33.6s
Epoch 223/300 | D=-0.3921 G=-0.7377 | frob=2.7940 (best=2.2893) | 33.3s
Epoch 224/300 | D=-0.3892 G=-0.7362 | frob=3.3764 (best=2.2893) | 33.2s
Epoch 225/300 | D=-0.3935 G=-0.7384 | frob=3.1154 (best=2.2893) | 33.5s
Epoch 226/300 | D=-0.3904 G=-0.7421 | frob=3.2289 (best=2.2893) | 33.4s
Epoch 227/300 | D=-0.3872 G=-0.7538 | frob=3.2955 (best=2.2893) | 33.3s
Early stopping at epoch 227

Fine-tuning 10 epochs...
  FT 1/10 | D=-0.3874 G=-0.7504
  FT 2/10 | D=-0.3970 G=-0.7301
  FT 3/10 | D=-0.4053 G=-0.7217
  FT 4/10 | D=-0.4068 G=-0.7392
  FT 5/10 | D=-0.4095 G=-0.7541
  FT 6/10 | D=-0.4126 G=-0.7602
  FT 7/10 | D=-0.4155 G=-0.7736
  FT 8/10 | D=-0.4162 G=-0.7856
  FT 9/10 | D=-0.4164 G=-0.7948
  FT 10/10 | D=-0.4197 G=-0.7961

Done. Best val_frob=2.2893
