[macro_film] bonds (20 assets) | device=cuda | seed=42
  Loaded daily macro: (3963, 19) (['vix_level', 'vix_change', 'term_spread', 'term_level', 'credit_spread']...)
  PCA: 19 features → 8 PCs (explained var: 0.803)
  Regime detection: T=3773, window=504, step=21...
  Regime detection complete.
  Final covariate dim: 15 — ['pc_1', 'pc_2', 'pc_3', 'pc_4', 'pc_5', 'pc_6', 'pc_7', 'pc_8', 'regime_0', 'regime_1', 'regime_2', 'vix_level_z', 'realized_vol_20d_z', 'term_level_z', 'credit_level_z']
  Computing rolling OLS: T=3773, N=20, K=5, window=126...
    t=500/3773
    t=1000/3773
    t=1500/3773
    t=2000/3773
    t=2500/3773
    t=3000/3773
    t=3500/3773
  Rolling OLS complete.
  n_assets=20, K=5, d_cov=15
  Train: 2890 windows | Val: 3142
Training [macro_film] | T_L=252 | lr=0.0005
  G: 2,564,000 params
  D: 1,789,185 params
----------------------------------------------------------------------
Epoch   1/300 | D=4.6559 G=2.3975 | frob=8.6654 (best=inf) | 48.9s
Epoch   2/300 | D=0.4456 G=-0.0322 | frob=6.8054 (best=8.6654) | 48.2s
Epoch   3/300 | D=0.1252 G=-0.1785 | frob=3.2401 (best=6.8054) | 48.3s
Epoch   4/300 | D=0.0665 G=0.5206 | frob=3.6531 (best=3.2401) | 48.3s
Epoch   5/300 | D=0.0479 G=-2.7609 | frob=3.7176 (best=3.2401) | 48.3s
Epoch   6/300 | D=0.0310 G=-1.5239 | frob=3.3181 (best=3.2401) | 48.4s
Epoch   7/300 | D=0.0390 G=0.1134 | frob=2.8260 (best=3.2401) | 48.3s
Epoch   8/300 | D=0.0227 G=-2.8981 | frob=3.2464 (best=2.8260) | 48.4s
Epoch   9/300 | D=0.0193 G=-1.6946 | frob=2.7157 (best=2.8260) | 48.3s
Epoch  10/300 | D=0.0160 G=0.5020 | frob=2.3355 (best=2.7157) | 48.3s
Epoch  11/300 | D=0.0075 G=2.2380 | frob=2.3480 (best=2.3355) | 48.4s
Epoch  12/300 | D=0.0021 G=3.3735 | frob=2.5262 (best=2.3355) | 48.4s
Epoch  13/300 | D=0.0084 G=7.0146 | frob=2.3812 (best=2.3355) | 48.3s
Epoch  14/300 | D=0.0259 G=10.0510 | frob=2.1258 (best=2.3355) | 48.3s
Epoch  15/300 | D=0.0099 G=7.4353 | frob=2.4193 (best=2.1258) | 48.3s
Epoch  16/300 | D=0.0111 G=3.7567 | frob=2.5607 (best=2.1258) | 48.3s
Epoch  17/300 | D=0.0102 G=0.6461 | frob=2.4830 (best=2.1258) | 48.3s
Epoch  18/300 | D=0.0030 G=-1.6548 | frob=2.4062 (best=2.1258) | 48.3s
Epoch  19/300 | D=0.0208 G=-3.0406 | frob=2.3091 (best=2.1258) | 48.4s
Epoch  20/300 | D=0.0121 G=-7.0634 | frob=2.3627 (best=2.1258) | 48.3s
Epoch  21/300 | D=0.0342 G=-18.3733 | frob=2.4509 (best=2.1258) | 48.3s
Epoch  22/300 | D=0.0262 G=-17.8676 | frob=2.4043 (best=2.1258) | 48.4s
Epoch  23/300 | D=0.0260 G=-18.8233 | frob=2.3888 (best=2.1258) | 48.4s
Epoch  24/300 | D=0.0154 G=-17.3128 | frob=2.4150 (best=2.1258) | 48.4s
Epoch  25/300 | D=0.0188 G=-16.8684 | frob=2.4759 (best=2.1258) | 48.4s
Epoch  26/300 | D=0.0306 G=-15.4383 | frob=2.3078 (best=2.1258) | 48.3s
Epoch  27/300 | D=0.0138 G=-15.0820 | frob=2.4273 (best=2.1258) | 48.3s
Epoch  28/300 | D=0.0363 G=-16.1587 | frob=2.3908 (best=2.1258) | 48.3s
Epoch  29/300 | D=0.0386 G=-11.5182 | frob=2.6372 (best=2.1258) | 48.4s
Epoch  30/300 | D=0.0256 G=-18.0658 | frob=2.3321 (best=2.1258) | 48.3s
Epoch  31/300 | D=0.0129 G=-26.3418 | frob=2.4144 (best=2.1258) | 48.3s
Epoch  32/300 | D=0.0098 G=-23.7098 | frob=2.4773 (best=2.1258) | 48.3s
Epoch  33/300 | D=-0.0021 G=-29.9008 | frob=2.6503 (best=2.1258) | 48.3s
Epoch  34/300 | D=0.0305 G=-26.3367 | frob=2.6168 (best=2.1258) | 48.4s
Epoch  35/300 | D=0.0286 G=-21.2581 | frob=2.5810 (best=2.1258) | 48.3s
Epoch  36/300 | D=0.0272 G=-22.7794 | frob=2.9224 (best=2.1258) | 48.3s
Epoch  37/300 | D=0.0249 G=-31.4721 | frob=2.5712 (best=2.1258) | 48.3s
Epoch  38/300 | D=0.0277 G=-34.9863 | frob=2.7617 (best=2.1258) | 48.4s
Epoch  39/300 | D=0.0700 G=-31.5750 | frob=2.7691 (best=2.1258) | 48.3s
Epoch  40/300 | D=0.0171 G=-27.7516 | frob=2.3041 (best=2.1258) | 48.3s
Epoch  41/300 | D=0.0676 G=-30.6980 | frob=3.7245 (best=2.1258) | 48.2s
Epoch  42/300 | D=0.0312 G=-32.5945 | frob=2.3923 (best=2.1258) | 48.3s
Epoch  43/300 | D=0.0115 G=-34.0859 | frob=2.8155 (best=2.1258) | 48.2s
Epoch  44/300 | D=0.0157 G=-38.2258 | frob=2.3918 (best=2.1258) | 48.3s
Epoch  45/300 | D=0.0513 G=-37.2007 | frob=3.0063 (best=2.1258) | 48.3s
Epoch  46/300 | D=0.0018 G=-37.9786 | frob=3.0171 (best=2.1258) | 48.3s
Epoch  47/300 | D=0.0306 G=-34.1846 | frob=3.4338 (best=2.1258) | 48.3s
Epoch  48/300 | D=0.0312 G=-33.6857 | frob=4.6238 (best=2.1258) | 48.3s
Epoch  49/300 | D=0.0238 G=-42.8994 | frob=3.1092 (best=2.1258) | 48.3s
Epoch  50/300 | D=0.0504 G=-43.5122 | frob=4.2169 (best=2.1258) | 48.3s
Epoch  51/300 | D=0.0431 G=-40.3550 | frob=3.1644 (best=2.1258) | 48.3s
Epoch  52/300 | D=0.0418 G=-47.2969 | frob=4.3077 (best=2.1258) | 48.4s
Epoch  53/300 | D=0.0435 G=-44.2016 | frob=3.8099 (best=2.1258) | 48.2s
Epoch  54/300 | D=0.0355 G=-40.7303 | frob=3.7997 (best=2.1258) | 48.3s
Epoch  55/300 | D=0.0391 G=-41.7724 | frob=3.8408 (best=2.1258) | 48.3s
Epoch  56/300 | D=0.0272 G=-44.5831 | frob=3.5756 (best=2.1258) | 48.4s
Epoch  57/300 | D=0.0579 G=-48.0804 | frob=4.5310 (best=2.1258) | 48.3s
Epoch  58/300 | D=0.0406 G=-54.8851 | frob=3.4415 (best=2.1258) | 48.3s
Epoch  59/300 | D=0.0536 G=-54.1872 | frob=3.5588 (best=2.1258) | 48.3s
Epoch  60/300 | D=0.0472 G=-49.7301 | frob=4.1273 (best=2.1258) | 48.3s
Epoch  61/300 | D=0.0189 G=-53.3714 | frob=4.4651 (best=2.1258) | 48.3s
Epoch  62/300 | D=0.0462 G=-55.2967 | frob=3.4043 (best=2.1258) | 48.3s
Epoch  63/300 | D=0.0561 G=-60.7710 | frob=6.0912 (best=2.1258) | 48.3s
Epoch  64/300 | D=0.0729 G=-67.3279 | frob=3.9866 (best=2.1258) | 48.3s
Early stopping at epoch 64

Fine-tuning 10 epochs...
  FT 1/10 | D=0.0269 G=-67.9080
  FT 2/10 | D=0.0750 G=-68.8044
  FT 3/10 | D=0.0424 G=-71.2956
  FT 4/10 | D=0.0296 G=-71.2374
  FT 5/10 | D=0.0291 G=-69.0320
  FT 6/10 | D=0.0734 G=-69.6262
  FT 7/10 | D=0.0255 G=-70.4049
  FT 8/10 | D=0.0213 G=-68.4357
  FT 9/10 | D=0.0593 G=-67.4097
  FT 10/10 | D=0.0456 G=-69.4317

Done. Best val_frob=2.1258
