[macro_film] stocks (20 assets) | device=cuda | seed=42
  Loaded daily macro: (3963, 19) (['vix_level', 'vix_change', 'term_spread', 'term_level', 'credit_spread']...)
  PCA: 19 features → 8 PCs (explained var: 0.803)
  Regime detection: T=3773, window=504, step=21...
  Regime detection complete.
  Final covariate dim: 15 — ['pc_1', 'pc_2', 'pc_3', 'pc_4', 'pc_5', 'pc_6', 'pc_7', 'pc_8', 'regime_0', 'regime_1', 'regime_2', 'vix_level_z', 'realized_vol_20d_z', 'term_level_z', 'credit_level_z']
  Computing rolling OLS: T=3773, N=20, K=5, window=126...
    t=500/3773
    t=1000/3773
    t=1500/3773
    t=2000/3773
    t=2500/3773
    t=3000/3773
    t=3500/3773
  Rolling OLS complete.
  n_assets=20, K=5, d_cov=15
  Train: 2890 windows | Val: 3142
Training [macro_film] | T_L=252 | lr=0.0005
  G: 2,564,000 params
  D: 1,789,185 params
----------------------------------------------------------------------
Epoch   1/300 | D=3.6162 G=7.6728 | frob=10.5996 (best=inf) | 48.9s
Epoch   2/300 | D=0.7761 G=14.2479 | frob=10.9167 (best=10.5996) | 48.3s
Epoch   3/300 | D=0.3895 G=1.4015 | frob=10.4173 (best=10.5996) | 48.4s
Epoch   4/300 | D=0.2683 G=-7.7754 | frob=5.3025 (best=10.4173) | 48.4s
Epoch   5/300 | D=0.1955 G=-8.5871 | frob=6.4110 (best=5.3025) | 48.4s
Epoch   6/300 | D=0.1400 G=-6.3525 | frob=4.4773 (best=5.3025) | 48.3s
Epoch   7/300 | D=0.1083 G=-6.7618 | frob=5.1415 (best=4.4773) | 48.4s
Epoch   8/300 | D=0.0833 G=-5.9606 | frob=3.6906 (best=4.4773) | 48.5s
Epoch   9/300 | D=0.0792 G=-3.9847 | frob=3.8546 (best=3.6906) | 48.4s
Epoch  10/300 | D=0.0739 G=-2.5618 | frob=3.1895 (best=3.6906) | 48.4s
Epoch  11/300 | D=0.0725 G=-4.1412 | frob=3.5735 (best=3.1895) | 48.4s
Epoch  12/300 | D=0.0569 G=-4.6351 | frob=3.7003 (best=3.1895) | 48.5s
Epoch  13/300 | D=0.0505 G=-3.5214 | frob=3.9876 (best=3.1895) | 48.5s
Epoch  14/300 | D=0.0511 G=-1.8718 | frob=4.4005 (best=3.1895) | 48.3s
Epoch  15/300 | D=0.0454 G=-4.1147 | frob=5.6222 (best=3.1895) | 48.3s
Epoch  16/300 | D=0.0444 G=-5.4642 | frob=5.1812 (best=3.1895) | 48.3s
Epoch  17/300 | D=0.0484 G=-7.8716 | frob=4.8255 (best=3.1895) | 48.3s
Epoch  18/300 | D=0.0515 G=-7.8614 | frob=4.9475 (best=3.1895) | 48.3s
Epoch  19/300 | D=0.0371 G=-8.8171 | frob=5.4030 (best=3.1895) | 48.3s
Epoch  20/300 | D=0.0375 G=-9.0414 | frob=5.3546 (best=3.1895) | 48.3s
Epoch  21/300 | D=0.0487 G=-9.5804 | frob=5.1861 (best=3.1895) | 48.3s
Epoch  22/300 | D=0.0412 G=-10.3666 | frob=5.0017 (best=3.1895) | 48.3s
Epoch  23/300 | D=0.0516 G=-11.2106 | frob=4.6644 (best=3.1895) | 48.4s
Epoch  24/300 | D=0.0375 G=-9.8812 | frob=4.4240 (best=3.1895) | 48.3s
Epoch  25/300 | D=0.0520 G=-10.1287 | frob=4.5732 (best=3.1895) | 48.2s
Epoch  26/300 | D=0.0495 G=-8.6904 | frob=4.7112 (best=3.1895) | 48.3s
Epoch  27/300 | D=0.0446 G=-8.5145 | frob=4.8662 (best=3.1895) | 48.3s
Epoch  28/300 | D=0.0494 G=-7.2666 | frob=4.0207 (best=3.1895) | 48.3s
Epoch  29/300 | D=0.0282 G=-5.4772 | frob=4.9094 (best=3.1895) | 48.2s
Epoch  30/300 | D=0.0276 G=-5.4989 | frob=5.3192 (best=3.1895) | 48.3s
Epoch  31/300 | D=0.0351 G=-6.0316 | frob=4.7999 (best=3.1895) | 48.3s
Epoch  32/300 | D=0.0361 G=-5.9400 | frob=4.5098 (best=3.1895) | 48.3s
Epoch  33/300 | D=0.0324 G=-5.8443 | frob=4.1214 (best=3.1895) | 48.3s
Epoch  34/300 | D=0.0241 G=-4.9468 | frob=4.3742 (best=3.1895) | 48.3s
Epoch  35/300 | D=0.0234 G=-5.0201 | frob=3.5659 (best=3.1895) | 48.3s
Epoch  36/300 | D=0.0187 G=-4.9728 | frob=4.0280 (best=3.1895) | 48.3s
Epoch  37/300 | D=0.0260 G=-6.0462 | frob=3.6282 (best=3.1895) | 48.4s
Epoch  38/300 | D=0.0259 G=-4.7461 | frob=3.8654 (best=3.1895) | 48.4s
Epoch  39/300 | D=0.0242 G=-4.5949 | frob=3.1585 (best=3.1895) | 48.4s
Epoch  40/300 | D=0.0264 G=-6.5631 | frob=3.0119 (best=3.1585) | 48.5s
Epoch  41/300 | D=0.0257 G=-6.5418 | frob=3.7513 (best=3.0119) | 48.4s
Epoch  42/300 | D=0.0275 G=-6.5830 | frob=2.9423 (best=3.0119) | 48.3s
Epoch  43/300 | D=0.0188 G=-4.2869 | frob=2.7795 (best=2.9423) | 48.3s
Epoch  44/300 | D=0.0204 G=-3.8018 | frob=3.9718 (best=2.7795) | 48.3s
Epoch  45/300 | D=0.0295 G=-3.9412 | frob=3.2123 (best=2.7795) | 48.3s
Epoch  46/300 | D=0.0168 G=-2.8555 | frob=3.3004 (best=2.7795) | 48.3s
Epoch  47/300 | D=0.0221 G=-2.3575 | frob=3.1882 (best=2.7795) | 48.3s
Epoch  48/300 | D=0.0004 G=-2.8251 | frob=3.2047 (best=2.7795) | 48.3s
Epoch  49/300 | D=0.0235 G=-3.3186 | frob=3.3681 (best=2.7795) | 48.3s
Epoch  50/300 | D=0.0293 G=-3.5367 | frob=2.8136 (best=2.7795) | 48.3s
Epoch  51/300 | D=0.0160 G=-3.6268 | frob=2.9952 (best=2.7795) | 48.4s
Epoch  52/300 | D=0.0284 G=-3.7218 | frob=2.7074 (best=2.7795) | 48.4s
Epoch  53/300 | D=0.0154 G=-4.2042 | frob=2.5555 (best=2.7074) | 48.3s
Epoch  54/300 | D=0.0139 G=-4.2399 | frob=2.5990 (best=2.5555) | 48.3s
Epoch  55/300 | D=0.0110 G=-4.3633 | frob=2.7332 (best=2.5555) | 48.3s
Epoch  56/300 | D=0.0112 G=-4.7432 | frob=2.3599 (best=2.5555) | 48.3s
Epoch  57/300 | D=0.0165 G=-5.2104 | frob=2.4815 (best=2.3599) | 48.3s
Epoch  58/300 | D=0.0173 G=-5.6624 | frob=2.0258 (best=2.3599) | 48.3s
Epoch  59/300 | D=0.0077 G=-5.7473 | frob=2.3903 (best=2.0258) | 48.4s
Epoch  60/300 | D=0.0075 G=-5.4628 | frob=2.5285 (best=2.0258) | 48.3s
Epoch  61/300 | D=-0.0025 G=-5.6498 | frob=1.8806 (best=2.0258) | 48.3s
Epoch  62/300 | D=0.0114 G=-6.7185 | frob=2.0762 (best=1.8806) | 48.3s
Epoch  63/300 | D=0.0005 G=-7.0614 | frob=2.1743 (best=1.8806) | 48.4s
Epoch  64/300 | D=0.0088 G=-8.5475 | frob=1.9451 (best=1.8806) | 48.4s
Epoch  65/300 | D=0.0004 G=-9.4076 | frob=1.9984 (best=1.8806) | 48.3s
Epoch  66/300 | D=-0.0066 G=-10.0900 | frob=1.8312 (best=1.8806) | 48.3s
Epoch  67/300 | D=0.0089 G=-11.5751 | frob=2.0985 (best=1.8312) | 48.3s
Epoch  68/300 | D=0.0123 G=-12.1816 | frob=1.9711 (best=1.8312) | 48.3s
Epoch  69/300 | D=-0.0046 G=-12.1384 | frob=1.8388 (best=1.8312) | 48.3s
Epoch  70/300 | D=0.0065 G=-12.4533 | frob=1.6835 (best=1.8312) | 48.3s
Epoch  71/300 | D=0.0187 G=-12.4282 | frob=1.7297 (best=1.6835) | 48.4s
Epoch  72/300 | D=-0.0021 G=-12.7917 | frob=1.6735 (best=1.6835) | 48.3s
Epoch  73/300 | D=0.0049 G=-13.1024 | frob=1.7832 (best=1.6735) | 48.4s
Epoch  74/300 | D=-0.0114 G=-13.6490 | frob=1.8594 (best=1.6735) | 47.4s
Epoch  75/300 | D=-0.0073 G=-14.5256 | frob=1.6430 (best=1.6735) | 32.1s
Epoch  76/300 | D=0.0073 G=-14.6791 | frob=1.5654 (best=1.6430) | 32.1s
Epoch  77/300 | D=0.0014 G=-15.5587 | frob=1.5096 (best=1.5654) | 32.1s
Epoch  78/300 | D=-0.0059 G=-15.3600 | frob=1.4571 (best=1.5096) | 32.1s
Epoch  79/300 | D=0.0032 G=-14.9560 | frob=1.3372 (best=1.4571) | 32.1s
Epoch  80/300 | D=-0.0044 G=-15.1656 | frob=1.2755 (best=1.3372) | 32.2s
Epoch  81/300 | D=-0.0052 G=-15.1263 | frob=1.3210 (best=1.2755) | 32.1s
Epoch  82/300 | D=-0.0025 G=-16.4389 | frob=1.3075 (best=1.2755) | 32.1s
Epoch  83/300 | D=-0.0059 G=-16.9178 | frob=1.3592 (best=1.2755) | 32.2s
Epoch  84/300 | D=-0.0061 G=-16.4598 | frob=1.3088 (best=1.2755) | 32.1s
Epoch  85/300 | D=-0.0056 G=-15.1242 | frob=1.2608 (best=1.2755) | 32.1s
Epoch  86/300 | D=-0.0006 G=-15.3943 | frob=1.3335 (best=1.2608) | 32.1s
Epoch  87/300 | D=-0.0105 G=-16.1025 | frob=1.4824 (best=1.2608) | 32.1s
Epoch  88/300 | D=-0.0004 G=-15.3768 | frob=1.3437 (best=1.2608) | 32.1s
Epoch  89/300 | D=-0.0015 G=-14.6252 | frob=1.2065 (best=1.2608) | 32.1s
Epoch  90/300 | D=-0.0015 G=-14.1747 | frob=1.1248 (best=1.2065) | 32.1s
Epoch  91/300 | D=-0.0155 G=-13.6487 | frob=1.3125 (best=1.1248) | 32.1s
Epoch  92/300 | D=-0.0196 G=-13.7220 | frob=1.2116 (best=1.1248) | 32.1s
Epoch  93/300 | D=-0.0089 G=-13.1363 | frob=1.6127 (best=1.1248) | 32.1s
Epoch  94/300 | D=-0.0064 G=-12.3231 | frob=1.1510 (best=1.1248) | 32.2s
Epoch  95/300 | D=-0.0099 G=-12.8012 | frob=1.0712 (best=1.1248) | 32.2s
Epoch  96/300 | D=-0.0102 G=-12.6488 | frob=1.3876 (best=1.0712) | 32.2s
Epoch  97/300 | D=-0.0155 G=-12.2916 | frob=1.1268 (best=1.0712) | 32.2s
Epoch  98/300 | D=-0.0168 G=-11.8134 | frob=1.5381 (best=1.0712) | 32.2s
Epoch  99/300 | D=-0.0235 G=-11.5673 | frob=1.3509 (best=1.0712) | 32.2s
Epoch 100/300 | D=-0.0268 G=-11.4279 | frob=1.0974 (best=1.0712) | 32.1s
Epoch 101/300 | D=-0.0214 G=-11.1320 | frob=1.0971 (best=1.0712) | 32.2s
Epoch 102/300 | D=-0.0230 G=-10.2766 | frob=1.1360 (best=1.0712) | 32.2s
Epoch 103/300 | D=-0.0323 G=-9.7208 | frob=1.6004 (best=1.0712) | 32.3s
Epoch 104/300 | D=-0.0346 G=-9.1026 | frob=1.0770 (best=1.0712) | 32.2s
Epoch 105/300 | D=-0.0429 G=-8.3635 | frob=1.0864 (best=1.0712) | 32.2s
Epoch 106/300 | D=-0.0450 G=-8.1680 | frob=1.0553 (best=1.0712) | 32.3s
Epoch 107/300 | D=-0.0600 G=-7.6230 | frob=1.0955 (best=1.0553) | 32.2s
Epoch 108/300 | D=-0.0481 G=-7.3634 | frob=1.0399 (best=1.0553) | 32.1s
Epoch 109/300 | D=-0.0665 G=-6.9863 | frob=1.0438 (best=1.0399) | 32.1s
Epoch 110/300 | D=-0.0680 G=-6.4824 | frob=1.2435 (best=1.0399) | 32.0s
Epoch 111/300 | D=-0.0749 G=-5.9768 | frob=1.0892 (best=1.0399) | 32.2s
Epoch 112/300 | D=-0.0881 G=-5.4726 | frob=1.1939 (best=1.0399) | 32.1s
Epoch 113/300 | D=-0.0856 G=-5.1645 | frob=1.0699 (best=1.0399) | 32.2s
Epoch 114/300 | D=-0.0998 G=-4.9638 | frob=1.0407 (best=1.0399) | 32.1s
Epoch 115/300 | D=-0.1078 G=-4.6037 | frob=1.0618 (best=1.0399) | 32.2s
Epoch 116/300 | D=-0.1202 G=-4.1567 | frob=1.0576 (best=1.0399) | 32.2s
Epoch 117/300 | D=-0.1214 G=-3.6473 | frob=0.9929 (best=1.0399) | 32.2s
Epoch 118/300 | D=-0.1377 G=-3.2536 | frob=0.9443 (best=0.9929) | 32.2s
Epoch 119/300 | D=-0.1412 G=-2.9352 | frob=0.9888 (best=0.9443) | 32.1s
Epoch 120/300 | D=-0.1524 G=-2.5585 | frob=1.1071 (best=0.9443) | 32.3s
Epoch 121/300 | D=-0.1743 G=-2.1298 | frob=0.9990 (best=0.9443) | 32.3s
Epoch 122/300 | D=-0.1836 G=-1.9140 | frob=0.9925 (best=0.9443) | 32.1s
Epoch 123/300 | D=-0.1927 G=-1.7127 | frob=0.9404 (best=0.9443) | 32.1s
Epoch 124/300 | D=-0.2079 G=-1.5234 | frob=0.8862 (best=0.9404) | 32.2s
Epoch 125/300 | D=-0.2158 G=-1.3850 | frob=0.8681 (best=0.8862) | 32.1s
Epoch 126/300 | D=-0.2280 G=-1.2142 | frob=1.1108 (best=0.8681) | 32.1s
Epoch 127/300 | D=-0.2357 G=-1.0708 | frob=1.0632 (best=0.8681) | 32.1s
Epoch 128/300 | D=-0.2411 G=-0.9567 | frob=0.9316 (best=0.8681) | 32.1s
Epoch 129/300 | D=-0.2449 G=-0.8668 | frob=0.9605 (best=0.8681) | 32.1s
Epoch 130/300 | D=-0.2528 G=-0.7635 | frob=1.0720 (best=0.8681) | 32.2s
Epoch 131/300 | D=-0.2536 G=-0.6823 | frob=0.9876 (best=0.8681) | 32.1s
Epoch 132/300 | D=-0.2596 G=-0.6192 | frob=1.0369 (best=0.8681) | 32.2s
Epoch 133/300 | D=-0.2620 G=-0.5825 | frob=1.0155 (best=0.8681) | 32.1s
Epoch 134/300 | D=-0.2628 G=-0.5326 | frob=0.9710 (best=0.8681) | 32.2s
Epoch 135/300 | D=-0.2652 G=-0.5115 | frob=0.9196 (best=0.8681) | 32.1s
Epoch 136/300 | D=-0.2725 G=-0.4889 | frob=1.0526 (best=0.8681) | 32.1s
Epoch 137/300 | D=-0.2692 G=-0.4578 | frob=1.0373 (best=0.8681) | 32.1s
Epoch 138/300 | D=-0.2706 G=-0.4065 | frob=1.1061 (best=0.8681) | 32.1s
Epoch 139/300 | D=-0.2747 G=-0.3913 | frob=1.0053 (best=0.8681) | 32.1s
Epoch 140/300 | D=-0.2786 G=-0.3484 | frob=1.1472 (best=0.8681) | 32.1s
Epoch 141/300 | D=-0.2807 G=-0.3310 | frob=1.1636 (best=0.8681) | 32.1s
Epoch 142/300 | D=-0.2828 G=-0.2967 | frob=1.1471 (best=0.8681) | 32.2s
Epoch 143/300 | D=-0.2841 G=-0.2645 | frob=1.1633 (best=0.8681) | 32.2s
Epoch 144/300 | D=-0.2864 G=-0.2545 | frob=1.2099 (best=0.8681) | 32.2s
Epoch 145/300 | D=-0.2940 G=-0.2451 | frob=1.2150 (best=0.8681) | 32.1s
Epoch 146/300 | D=-0.2905 G=-0.2131 | frob=1.1548 (best=0.8681) | 32.1s
Epoch 147/300 | D=-0.2962 G=-0.1922 | frob=1.1152 (best=0.8681) | 32.1s
Epoch 148/300 | D=-0.2923 G=-0.1760 | frob=1.1588 (best=0.8681) | 32.1s
Epoch 149/300 | D=-0.2894 G=-0.1586 | frob=1.1443 (best=0.8681) | 32.3s
Epoch 150/300 | D=-0.2982 G=-0.1457 | frob=1.1654 (best=0.8681) | 32.1s
Epoch 151/300 | D=-0.2963 G=-0.1373 | frob=1.1193 (best=0.8681) | 32.2s
Epoch 152/300 | D=-0.2962 G=-0.1349 | frob=1.1179 (best=0.8681) | 32.0s
Epoch 153/300 | D=-0.3018 G=-0.1068 | frob=1.0979 (best=0.8681) | 32.2s
Epoch 154/300 | D=-0.3033 G=-0.1087 | frob=1.0471 (best=0.8681) | 32.2s
Epoch 155/300 | D=-0.2994 G=-0.0980 | frob=1.0822 (best=0.8681) | 32.2s
Epoch 156/300 | D=-0.3026 G=-0.0959 | frob=1.0348 (best=0.8681) | 32.2s
Epoch 157/300 | D=-0.3020 G=-0.0991 | frob=0.9487 (best=0.8681) | 32.1s
Epoch 158/300 | D=-0.3046 G=-0.0754 | frob=0.9541 (best=0.8681) | 32.2s
Epoch 159/300 | D=-0.3017 G=-0.0835 | frob=0.9328 (best=0.8681) | 32.3s
Epoch 160/300 | D=-0.3049 G=-0.0740 | frob=0.8888 (best=0.8681) | 32.2s
Epoch 161/300 | D=-0.3068 G=-0.0583 | frob=0.8276 (best=0.8681) | 32.2s
Epoch 162/300 | D=-0.3051 G=-0.0642 | frob=0.8296 (best=0.8276) | 32.2s
Epoch 163/300 | D=-0.3017 G=-0.0654 | frob=0.8762 (best=0.8276) | 32.1s
Epoch 164/300 | D=-0.3063 G=-0.0559 | frob=0.8246 (best=0.8276) | 32.1s
Epoch 165/300 | D=-0.3001 G=-0.0553 | frob=0.8618 (best=0.8246) | 32.2s
Epoch 166/300 | D=-0.3027 G=-0.0584 | frob=0.8145 (best=0.8246) | 32.2s
Epoch 167/300 | D=-0.2995 G=-0.0472 | frob=0.8473 (best=0.8145) | 32.2s
Epoch 168/300 | D=-0.2990 G=-0.0520 | frob=0.8739 (best=0.8145) | 32.2s
Epoch 169/300 | D=-0.3011 G=-0.0567 | frob=0.8083 (best=0.8145) | 32.2s
Epoch 170/300 | D=-0.2998 G=-0.0469 | frob=0.8331 (best=0.8083) | 32.1s
Epoch 171/300 | D=-0.2987 G=-0.0492 | frob=0.8139 (best=0.8083) | 32.1s
Epoch 172/300 | D=-0.2943 G=-0.0356 | frob=0.7693 (best=0.8083) | 32.2s
Epoch 173/300 | D=-0.2963 G=-0.0327 | frob=0.7460 (best=0.7693) | 32.1s
Epoch 174/300 | D=-0.2943 G=-0.0276 | frob=0.8621 (best=0.7460) | 32.1s
Epoch 175/300 | D=-0.2930 G=-0.0362 | frob=0.7873 (best=0.7460) | 32.2s
Epoch 176/300 | D=-0.2930 G=-0.0495 | frob=0.8044 (best=0.7460) | 32.2s
Epoch 177/300 | D=-0.2887 G=-0.0492 | frob=0.9384 (best=0.7460) | 32.2s
Epoch 178/300 | D=-0.2902 G=-0.0491 | frob=0.8211 (best=0.7460) | 32.1s
Epoch 179/300 | D=-0.2859 G=-0.0351 | frob=0.7370 (best=0.7460) | 32.1s
Epoch 180/300 | D=-0.2849 G=-0.0335 | frob=0.8867 (best=0.7370) | 32.1s
Epoch 181/300 | D=-0.2851 G=-0.0424 | frob=0.7609 (best=0.7370) | 32.1s
Epoch 182/300 | D=-0.2818 G=-0.0407 | frob=0.7725 (best=0.7370) | 32.1s
Epoch 183/300 | D=-0.2818 G=-0.0337 | frob=0.7795 (best=0.7370) | 32.2s
Epoch 184/300 | D=-0.2805 G=-0.0204 | frob=0.7472 (best=0.7370) | 32.1s
Epoch 185/300 | D=-0.2779 G=-0.0214 | frob=1.1864 (best=0.7370) | 32.2s
Epoch 186/300 | D=-0.2740 G=-0.0249 | frob=0.8245 (best=0.7370) | 32.1s
Epoch 187/300 | D=-0.2751 G=-0.0106 | frob=0.7839 (best=0.7370) | 32.1s
Epoch 188/300 | D=-0.2735 G=-0.0105 | frob=0.6992 (best=0.7370) | 32.1s
Epoch 189/300 | D=-0.2717 G=-0.0209 | frob=0.8121 (best=0.6992) | 32.1s
Epoch 190/300 | D=-0.2710 G=-0.0168 | frob=0.8517 (best=0.6992) | 32.1s
Epoch 191/300 | D=-0.2701 G=-0.0074 | frob=0.9364 (best=0.6992) | 32.3s
Epoch 192/300 | D=-0.2676 G=0.0069 | frob=0.8470 (best=0.6992) | 32.1s
Epoch 193/300 | D=-0.2668 G=0.0083 | frob=0.8336 (best=0.6992) | 32.2s
Epoch 194/300 | D=-0.2638 G=-0.0012 | frob=1.0167 (best=0.6992) | 32.0s
Epoch 195/300 | D=-0.2665 G=0.0054 | frob=0.9722 (best=0.6992) | 32.1s
Epoch 196/300 | D=-0.2631 G=0.0024 | frob=1.0130 (best=0.6992) | 32.2s
Epoch 197/300 | D=-0.2608 G=0.0073 | frob=0.8882 (best=0.6992) | 32.2s
Epoch 198/300 | D=-0.2597 G=0.0216 | frob=1.1310 (best=0.6992) | 32.2s
Epoch 199/300 | D=-0.2577 G=0.0255 | frob=0.8608 (best=0.6992) | 32.1s
Epoch 200/300 | D=-0.2576 G=0.0260 | frob=0.9324 (best=0.6992) | 32.3s
Epoch 201/300 | D=-0.2532 G=0.0259 | frob=1.0341 (best=0.6992) | 32.1s
Epoch 202/300 | D=-0.2565 G=0.0232 | frob=1.0046 (best=0.6992) | 32.2s
Epoch 203/300 | D=-0.2501 G=0.0400 | frob=1.0665 (best=0.6992) | 32.2s
Epoch 204/300 | D=-0.2502 G=0.0319 | frob=0.9090 (best=0.6992) | 32.2s
Epoch 205/300 | D=-0.2501 G=0.0342 | frob=0.7369 (best=0.6992) | 32.2s
Epoch 206/300 | D=-0.2485 G=0.0446 | frob=1.0941 (best=0.6992) | 32.2s
Epoch 207/300 | D=-0.2473 G=0.0613 | frob=1.1537 (best=0.6992) | 32.2s
Epoch 208/300 | D=-0.2416 G=0.0662 | frob=1.1360 (best=0.6992) | 32.2s
Epoch 209/300 | D=-0.2420 G=0.0716 | frob=1.0956 (best=0.6992) | 32.2s
Epoch 210/300 | D=-0.2418 G=0.0673 | frob=1.2360 (best=0.6992) | 32.2s
Epoch 211/300 | D=-0.2384 G=0.0608 | frob=1.1166 (best=0.6992) | 32.2s
Epoch 212/300 | D=-0.2401 G=0.0774 | frob=1.1694 (best=0.6992) | 32.2s
Epoch 213/300 | D=-0.2382 G=0.0764 | frob=1.0292 (best=0.6992) | 32.2s
Epoch 214/300 | D=-0.2379 G=0.0782 | frob=0.9115 (best=0.6992) | 32.2s
Epoch 215/300 | D=-0.2326 G=0.0683 | frob=1.3419 (best=0.6992) | 32.2s
Epoch 216/300 | D=-0.2338 G=0.0850 | frob=0.9619 (best=0.6992) | 32.2s
Epoch 217/300 | D=-0.2315 G=0.0919 | frob=1.0924 (best=0.6992) | 32.3s
Epoch 218/300 | D=-0.2305 G=0.0915 | frob=1.2233 (best=0.6992) | 32.1s
Epoch 219/300 | D=-0.2312 G=0.0926 | frob=1.1234 (best=0.6992) | 32.2s
Epoch 220/300 | D=-0.2338 G=0.0910 | frob=1.0424 (best=0.6992) | 32.3s
Epoch 221/300 | D=-0.2291 G=0.0966 | frob=1.0731 (best=0.6992) | 32.1s
Epoch 222/300 | D=-0.2288 G=0.0966 | frob=1.1378 (best=0.6992) | 32.1s
Epoch 223/300 | D=-0.2274 G=0.1145 | frob=1.2804 (best=0.6992) | 32.2s
Epoch 224/300 | D=-0.2275 G=0.1084 | frob=1.2258 (best=0.6992) | 32.1s
Epoch 225/300 | D=-0.2247 G=0.1127 | frob=1.2424 (best=0.6992) | 32.1s
Epoch 226/300 | D=-0.2220 G=0.1220 | frob=1.1114 (best=0.6992) | 32.1s
Epoch 227/300 | D=-0.2222 G=0.1231 | frob=1.2738 (best=0.6992) | 32.1s
Epoch 228/300 | D=-0.2209 G=0.1201 | frob=1.3957 (best=0.6992) | 32.2s
Epoch 229/300 | D=-0.2206 G=0.1250 | frob=1.3769 (best=0.6992) | 32.1s
Epoch 230/300 | D=-0.2196 G=0.1366 | frob=1.2467 (best=0.6992) | 32.1s
Epoch 231/300 | D=-0.2216 G=0.1291 | frob=1.2615 (best=0.6992) | 32.2s
Epoch 232/300 | D=-0.2180 G=0.1226 | frob=1.2416 (best=0.6992) | 32.1s
Epoch 233/300 | D=-0.2158 G=0.1276 | frob=1.4002 (best=0.6992) | 32.4s
Epoch 234/300 | D=-0.2165 G=0.1341 | frob=1.2426 (best=0.6992) | 32.1s
Epoch 235/300 | D=-0.2176 G=0.1409 | frob=1.0772 (best=0.6992) | 32.1s
Epoch 236/300 | D=-0.2132 G=0.1428 | frob=1.2682 (best=0.6992) | 32.0s
Epoch 237/300 | D=-0.2124 G=0.1491 | frob=1.2350 (best=0.6992) | 32.1s
Epoch 238/300 | D=-0.2094 G=0.1613 | frob=1.4252 (best=0.6992) | 32.1s
Early stopping at epoch 238

Fine-tuning 10 epochs...
  FT 1/10 | D=-0.2121 G=0.1645
  FT 2/10 | D=-0.2274 G=0.1714
  FT 3/10 | D=-0.2310 G=0.1679
  FT 4/10 | D=-0.2337 G=0.1596
  FT 5/10 | D=-0.2345 G=0.1552
  FT 6/10 | D=-0.2341 G=0.1503
  FT 7/10 | D=-0.2373 G=0.1437
  FT 8/10 | D=-0.2384 G=0.1352
  FT 9/10 | D=-0.2388 G=0.1252
  FT 10/10 | D=-0.2399 G=0.1043

Done. Best val_frob=0.6992
