[sf_balanced] all (60 assets) | device=cuda | seed=42
  Loaded daily macro: (3963, 19) (['vix_level', 'vix_change', 'term_spread', 'term_level', 'credit_spread']...)
  PCA: 19 features → 8 PCs (explained var: 0.803)
  Regime detection: T=3773, window=504, step=21...
  Regime detection complete.
  Final covariate dim: 15 — ['pc_1', 'pc_2', 'pc_3', 'pc_4', 'pc_5', 'pc_6', 'pc_7', 'pc_8', 'regime_0', 'regime_1', 'regime_2', 'vix_level_z', 'realized_vol_20d_z', 'term_level_z', 'credit_level_z']
  Computing rolling OLS: T=3773, N=60, K=5, window=126...
    t=500/3773
    t=1000/3773
    t=1500/3773
    t=2000/3773
    t=2500/3773
    t=3000/3773
    t=3500/3773
  Rolling OLS complete.
  n_assets=60, K=5, d_cov=15
  Train: 2890 windows | Val: 3142
Training [sf_balanced] | T_L=252 | lr=0.0005
  G: 2,646,240 params
  D: 1,799,425 params
  SF: EMA gradient scaling (τ=0.3), warmup=30
----------------------------------------------------------------------
Epoch   1/300 | D=4.5393 G=-1.2932 | frob=26.0761 (best=inf) | 19.6s
Epoch   2/300 | D=0.2512 G=-10.2418 | frob=27.2690 (best=26.0761) | 18.5s
Epoch   3/300 | D=0.1951 G=-13.5677 | frob=28.2497 (best=26.0761) | 18.4s
Epoch   4/300 | D=0.1363 G=-21.0181 | frob=24.7169 (best=26.0761) | 18.6s
Epoch   5/300 | D=0.0869 G=-24.9478 | frob=23.5041 (best=24.7169) | 18.7s
Epoch   6/300 | D=0.0411 G=-24.7978 | frob=19.7968 (best=23.5041) | 18.4s
Epoch   7/300 | D=0.0569 G=-25.9037 | frob=16.7167 (best=19.7968) | 18.6s
Epoch   8/300 | D=0.0400 G=-28.0292 | frob=17.9843 (best=16.7167) | 18.4s
Epoch   9/300 | D=0.0239 G=-28.7432 | frob=14.4931 (best=16.7167) | 18.5s
Epoch  10/300 | D=0.0263 G=-29.0259 | frob=12.2428 (best=14.4931) | 18.3s
Epoch  11/300 | D=0.0192 G=-29.8296 | frob=13.7317 (best=12.2428) | 18.7s
Epoch  12/300 | D=0.0172 G=-32.7317 | frob=14.1999 (best=12.2428) | 18.5s
Epoch  13/300 | D=0.0234 G=-31.9573 | frob=13.7680 (best=12.2428) | 18.6s
Epoch  14/300 | D=0.0182 G=-33.0675 | frob=12.9540 (best=12.2428) | 18.5s
Epoch  15/300 | D=0.0171 G=-33.6456 | frob=12.7155 (best=12.2428) | 18.6s
Epoch  16/300 | D=0.0133 G=-33.5326 | frob=12.2434 (best=12.2428) | 18.6s
Epoch  17/300 | D=0.0121 G=-34.4180 | frob=11.6204 (best=12.2428) | 18.5s
Epoch  18/300 | D=0.0123 G=-33.4696 | frob=11.8154 (best=11.6204) | 18.6s
Epoch  19/300 | D=0.0140 G=-32.0050 | frob=12.3446 (best=11.6204) | 18.4s
Epoch  20/300 | D=0.0064 G=-32.9708 | frob=11.4328 (best=11.6204) | 18.5s
Epoch  21/300 | D=0.0104 G=-34.0966 | frob=11.0474 (best=11.4328) | 18.7s
Epoch  22/300 | D=0.0145 G=-32.5431 | frob=10.5069 (best=11.0474) | 18.7s
Epoch  23/300 | D=0.0021 G=-34.1683 | frob=10.6710 (best=10.5069) | 19.0s
Epoch  24/300 | D=0.0203 G=-35.7628 | frob=10.3461 (best=10.5069) | 18.5s
Epoch  25/300 | D=0.0123 G=-34.1932 | frob=10.5465 (best=10.3461) | 18.6s
Epoch  26/300 | D=0.0163 G=-34.5809 | frob=10.5412 (best=10.3461) | 18.5s
Epoch  27/300 | D=0.0162 G=-35.4467 | frob=10.5718 (best=10.3461) | 18.5s
Epoch  28/300 | D=0.0151 G=-34.8945 | frob=10.4333 (best=10.3461) | 18.5s
Epoch  29/300 | D=0.0053 G=-32.5193 | frob=10.8139 (best=10.3461) | 18.5s
Epoch  30/300 | D=0.0058 G=-31.5451 | frob=11.6989 (best=10.3461) | 18.5s
Epoch  31/300 | D=0.0094 G=-28.1996 SF=0.0290(s=10.00) | frob=10.6853 (best=10.3461) | 18.7s
Epoch  32/300 | D=0.0087 G=-28.9048 SF=0.0121(s=10.00) | frob=5.6130 (best=10.3461) | 18.6s
Epoch  33/300 | D=0.0053 G=-29.3915 SF=0.0064(s=10.00) | frob=4.7517 (best=5.6130) | 18.4s
Epoch  34/300 | D=0.0070 G=-28.5712 SF=0.0044(s=10.00) | frob=4.1242 (best=4.7517) | 18.6s
Epoch  35/300 | D=0.0029 G=-28.3193 SF=0.0034(s=10.00) | frob=3.8738 (best=4.1242) | 18.6s
Epoch  36/300 | D=0.0090 G=-27.4883 SF=0.0028(s=10.00) | frob=3.5030 (best=3.8738) | 18.5s
Epoch  37/300 | D=-0.0122 G=-28.7672 SF=0.0024(s=10.00) | frob=3.3411 (best=3.5030) | 18.6s
Epoch  38/300 | D=0.0182 G=-29.8102 SF=0.0023(s=10.00) | frob=3.3632 (best=3.3411) | 18.6s
Epoch  39/300 | D=0.0194 G=-29.6942 SF=0.0021(s=10.00) | frob=3.1928 (best=3.3411) | 18.4s
Epoch  40/300 | D=0.0039 G=-29.4374 SF=0.0020(s=10.00) | frob=2.9148 (best=3.1928) | 18.7s
Epoch  41/300 | D=0.0029 G=-30.6404 SF=0.0018(s=10.00) | frob=2.9235 (best=2.9148) | 18.7s
Epoch  42/300 | D=-0.0075 G=-29.3970 SF=0.0018(s=10.00) | frob=2.8249 (best=2.9148) | 18.4s
Epoch  43/300 | D=0.0154 G=-27.7395 SF=0.0017(s=10.00) | frob=2.7928 (best=2.8249) | 18.6s
Epoch  44/300 | D=0.0010 G=-27.7982 SF=0.0015(s=10.00) | frob=2.6200 (best=2.7928) | 18.7s
Epoch  45/300 | D=0.0014 G=-27.6609 SF=0.0014(s=10.00) | frob=2.5714 (best=2.6200) | 18.6s
Epoch  46/300 | D=-0.0038 G=-27.4107 SF=0.0013(s=10.00) | frob=2.4414 (best=2.5714) | 18.6s
Epoch  47/300 | D=-0.0100 G=-26.7700 SF=0.0013(s=10.00) | frob=2.7092 (best=2.4414) | 18.6s
Epoch  48/300 | D=0.0023 G=-27.9720 SF=0.0012(s=10.00) | frob=2.3753 (best=2.4414) | 18.6s
Epoch  49/300 | D=0.0003 G=-27.4314 SF=0.0012(s=10.00) | frob=2.3708 (best=2.3753) | 18.5s
Epoch  50/300 | D=0.0084 G=-26.7515 SF=0.0012(s=10.00) | frob=2.1447 (best=2.3708) | 18.6s
Epoch  51/300 | D=0.0007 G=-27.3567 SF=0.0011(s=10.00) | frob=2.2370 (best=2.1447) | 18.7s
Epoch  52/300 | D=-0.0124 G=-27.8116 SF=0.0011(s=10.00) | frob=2.1247 (best=2.1447) | 18.4s
Epoch  53/300 | D=-0.0190 G=-26.2784 SF=0.0011(s=10.00) | frob=2.3857 (best=2.1247) | 18.8s
Epoch  54/300 | D=-0.0291 G=-22.3622 SF=0.0011(s=10.00) | frob=2.3182 (best=2.1247) | 18.5s
Epoch  55/300 | D=-0.0318 G=-20.5761 SF=0.0011(s=10.00) | frob=2.0319 (best=2.1247) | 18.0s
Epoch  56/300 | D=-0.0134 G=-20.6123 SF=0.0011(s=10.00) | frob=2.2026 (best=2.0319) | 18.6s
Epoch  57/300 | D=-0.0150 G=-20.8631 SF=0.0010(s=10.00) | frob=2.1811 (best=2.0319) | 18.6s
Epoch  58/300 | D=-0.0174 G=-19.6137 SF=0.0010(s=10.00) | frob=2.1005 (best=2.0319) | 18.5s
Epoch  59/300 | D=-0.0184 G=-18.1562 SF=0.0010(s=10.00) | frob=2.0915 (best=2.0319) | 18.7s
Epoch  60/300 | D=-0.0143 G=-16.5295 SF=0.0010(s=10.00) | frob=2.1291 (best=2.0319) | 18.5s
Epoch  61/300 | D=-0.0199 G=-15.2697 SF=0.0010(s=10.00) | frob=2.1965 (best=2.0319) | 18.4s
Epoch  62/300 | D=-0.0217 G=-14.0573 SF=0.0011(s=10.00) | frob=1.9682 (best=2.0319) | 18.6s
Epoch  63/300 | D=-0.0235 G=-11.6886 SF=0.0010(s=10.00) | frob=2.0547 (best=1.9682) | 18.6s
Epoch  64/300 | D=-0.0378 G=-11.4309 SF=0.0010(s=10.00) | frob=2.2212 (best=1.9682) | 18.9s
Epoch  65/300 | D=-0.0160 G=-10.9729 SF=0.0011(s=10.00) | frob=2.0062 (best=1.9682) | 18.5s
Epoch  66/300 | D=-0.0300 G=-10.5602 SF=0.0010(s=10.00) | frob=1.9110 (best=1.9682) | 18.5s
Epoch  67/300 | D=-0.0298 G=-10.1670 SF=0.0010(s=10.00) | frob=2.2954 (best=1.9110) | 18.7s
Epoch  68/300 | D=-0.0308 G=-8.9804 SF=0.0009(s=10.00) | frob=2.0103 (best=1.9110) | 18.5s
Epoch  69/300 | D=-0.0387 G=-8.5969 SF=0.0009(s=10.00) | frob=2.3624 (best=1.9110) | 18.5s
Epoch  70/300 | D=-0.0329 G=-7.5379 SF=0.0009(s=10.00) | frob=2.0079 (best=1.9110) | 18.5s
Epoch  71/300 | D=-0.0227 G=-7.1089 SF=0.0009(s=10.00) | frob=2.4801 (best=1.9110) | 18.5s
Epoch  72/300 | D=-0.0394 G=-6.5615 SF=0.0009(s=10.00) | frob=2.1727 (best=1.9110) | 18.4s
Epoch  73/300 | D=-0.0445 G=-7.2470 SF=0.0009(s=10.00) | frob=2.0931 (best=1.9110) | 18.4s
Epoch  74/300 | D=-0.0451 G=-8.0263 SF=0.0009(s=10.00) | frob=1.9451 (best=1.9110) | 18.3s
Epoch  75/300 | D=-0.0369 G=-6.9229 SF=0.0009(s=10.00) | frob=1.9743 (best=1.9110) | 17.8s
Epoch  76/300 | D=-0.0513 G=-6.5060 SF=0.0008(s=10.00) | frob=2.1546 (best=1.9110) | 18.4s
Epoch  77/300 | D=-0.0490 G=-6.3373 SF=0.0009(s=10.00) | frob=2.9450 (best=1.9110) | 18.3s
Epoch  78/300 | D=-0.0642 G=-6.6228 SF=0.0009(s=10.00) | frob=2.3308 (best=1.9110) | 18.5s
Epoch  79/300 | D=-0.0610 G=-6.3446 SF=0.0008(s=10.00) | frob=1.7740 (best=1.9110) | 18.5s
Epoch  80/300 | D=-0.0651 G=-5.8030 SF=0.0008(s=10.00) | frob=1.7164 (best=1.7740) | 18.5s
Epoch  81/300 | D=-0.0759 G=-5.3161 SF=0.0008(s=10.00) | frob=1.7493 (best=1.7164) | 18.5s
Epoch  82/300 | D=-0.0878 G=-5.4557 SF=0.0008(s=10.00) | frob=1.9231 (best=1.7164) | 18.4s
Epoch  83/300 | D=-0.0946 G=-4.8343 SF=0.0008(s=10.00) | frob=2.0197 (best=1.7164) | 18.5s
Epoch  84/300 | D=-0.0939 G=-4.2524 SF=0.0007(s=10.00) | frob=1.9392 (best=1.7164) | 18.4s
Epoch  85/300 | D=-0.1159 G=-3.8970 SF=0.0007(s=10.00) | frob=2.0238 (best=1.7164) | 18.7s
Epoch  86/300 | D=-0.1185 G=-3.7351 SF=0.0007(s=10.00) | frob=1.8830 (best=1.7164) | 18.3s
Epoch  87/300 | D=-0.1283 G=-3.4743 SF=0.0007(s=10.00) | frob=1.9352 (best=1.7164) | 18.4s
Epoch  88/300 | D=-0.1459 G=-3.2732 SF=0.0007(s=10.00) | frob=1.9836 (best=1.7164) | 18.3s
Epoch  89/300 | D=-0.1484 G=-2.9981 SF=0.0007(s=10.00) | frob=2.0940 (best=1.7164) | 18.3s
Epoch  90/300 | D=-0.1686 G=-3.0093 SF=0.0007(s=10.00) | frob=1.7230 (best=1.7164) | 18.2s
Epoch  91/300 | D=-0.1848 G=-2.8669 SF=0.0007(s=10.00) | frob=1.8816 (best=1.7164) | 18.5s
Epoch  92/300 | D=-0.1992 G=-2.5401 SF=0.0006(s=10.00) | frob=2.3065 (best=1.7164) | 18.4s
Epoch  93/300 | D=-0.2056 G=-2.1269 SF=0.0007(s=10.00) | frob=1.8507 (best=1.7164) | 18.5s
Epoch  94/300 | D=-0.2278 G=-1.7585 SF=0.0006(s=10.00) | frob=2.2847 (best=1.7164) | 18.5s
Epoch  95/300 | D=-0.2400 G=-1.6411 SF=0.0006(s=10.00) | frob=1.8249 (best=1.7164) | 18.6s
Epoch  96/300 | D=-0.2541 G=-1.4813 SF=0.0006(s=10.00) | frob=1.7572 (best=1.7164) | 18.6s
Epoch  97/300 | D=-0.2735 G=-1.3061 SF=0.0006(s=10.00) | frob=1.7494 (best=1.7164) | 18.5s
Epoch  98/300 | D=-0.2795 G=-1.2810 SF=0.0006(s=10.00) | frob=2.0994 (best=1.7164) | 18.5s
Epoch  99/300 | D=-0.3038 G=-1.1777 SF=0.0006(s=10.00) | frob=1.8096 (best=1.7164) | 18.5s
Epoch 100/300 | D=-0.3161 G=-1.1293 SF=0.0006(s=10.00) | frob=1.6830 (best=1.7164) | 18.6s
Epoch 101/300 | D=-0.3306 G=-1.0310 SF=0.0006(s=10.00) | frob=1.6676 (best=1.6830) | 18.6s
Epoch 102/300 | D=-0.3485 G=-0.8717 SF=0.0006(s=10.00) | frob=1.8315 (best=1.6676) | 18.4s
Epoch 103/300 | D=-0.3599 G=-0.8432 SF=0.0006(s=10.00) | frob=2.0666 (best=1.6676) | 18.6s
Epoch 104/300 | D=-0.3850 G=-0.7953 SF=0.0005(s=10.00) | frob=1.9650 (best=1.6676) | 18.4s
Epoch 105/300 | D=-0.3949 G=-0.6900 SF=0.0006(s=10.00) | frob=1.7544 (best=1.6676) | 18.7s
Epoch 106/300 | D=-0.4034 G=-0.6414 SF=0.0005(s=10.00) | frob=2.0063 (best=1.6676) | 18.4s
Epoch 107/300 | D=-0.4162 G=-0.6338 SF=0.0005(s=10.00) | frob=1.6733 (best=1.6676) | 18.5s
Epoch 108/300 | D=-0.4308 G=-0.5098 SF=0.0005(s=10.00) | frob=2.0259 (best=1.6676) | 18.4s
Epoch 109/300 | D=-0.4388 G=-0.4665 SF=0.0005(s=10.00) | frob=1.8654 (best=1.6676) | 18.4s
Epoch 110/300 | D=-0.4520 G=-0.4626 SF=0.0005(s=10.00) | frob=1.8017 (best=1.6676) | 18.5s
Epoch 111/300 | D=-0.4616 G=-0.4413 SF=0.0006(s=10.00) | frob=1.6840 (best=1.6676) | 18.6s
Epoch 112/300 | D=-0.4731 G=-0.4223 SF=0.0006(s=10.00) | frob=1.6290 (best=1.6676) | 18.7s
Epoch 113/300 | D=-0.4742 G=-0.3612 SF=0.0005(s=10.00) | frob=1.6016 (best=1.6290) | 18.5s
Epoch 114/300 | D=-0.4899 G=-0.4101 SF=0.0005(s=10.00) | frob=1.6774 (best=1.6016) | 18.6s
Epoch 115/300 | D=-0.4970 G=-0.4256 SF=0.0005(s=10.00) | frob=1.7322 (best=1.6016) | 18.6s
Epoch 116/300 | D=-0.5031 G=-0.4881 SF=0.0005(s=10.00) | frob=1.7499 (best=1.6016) | 18.5s
Epoch 117/300 | D=-0.5122 G=-0.5283 SF=0.0005(s=10.00) | frob=1.8274 (best=1.6016) | 18.5s
Epoch 118/300 | D=-0.5172 G=-0.5435 SF=0.0005(s=10.00) | frob=1.7690 (best=1.6016) | 18.5s
Epoch 119/300 | D=-0.5220 G=-0.5556 SF=0.0005(s=10.00) | frob=1.6835 (best=1.6016) | 18.4s
Epoch 120/300 | D=-0.5284 G=-0.5463 SF=0.0005(s=10.00) | frob=1.7477 (best=1.6016) | 18.3s
Epoch 121/300 | D=-0.5330 G=-0.5906 SF=0.0005(s=10.00) | frob=1.7395 (best=1.6016) | 18.3s
Epoch 122/300 | D=-0.5410 G=-0.6209 SF=0.0005(s=10.00) | frob=1.7946 (best=1.6016) | 18.5s
Epoch 123/300 | D=-0.5455 G=-0.6365 SF=0.0005(s=10.00) | frob=1.9817 (best=1.6016) | 18.4s
Epoch 124/300 | D=-0.5489 G=-0.6232 SF=0.0005(s=10.00) | frob=1.8175 (best=1.6016) | 18.5s
Epoch 125/300 | D=-0.5491 G=-0.6608 SF=0.0005(s=10.00) | frob=1.8669 (best=1.6016) | 18.4s
Epoch 126/300 | D=-0.5541 G=-0.7418 SF=0.0005(s=10.00) | frob=1.9148 (best=1.6016) | 18.7s
Epoch 127/300 | D=-0.5555 G=-0.7603 SF=0.0005(s=10.00) | frob=1.7767 (best=1.6016) | 18.5s
Epoch 128/300 | D=-0.5594 G=-0.7614 SF=0.0005(s=10.00) | frob=1.7627 (best=1.6016) | 18.5s
Epoch 129/300 | D=-0.5594 G=-0.7999 SF=0.0005(s=10.00) | frob=1.8461 (best=1.6016) | 18.7s
Epoch 130/300 | D=-0.5626 G=-0.8271 SF=0.0005(s=10.00) | frob=1.9249 (best=1.6016) | 18.3s
Epoch 131/300 | D=-0.5629 G=-0.8527 SF=0.0005(s=10.00) | frob=1.9095 (best=1.6016) | 18.4s
Epoch 132/300 | D=-0.5658 G=-0.8931 SF=0.0005(s=10.00) | frob=1.9830 (best=1.6016) | 18.4s
Epoch 133/300 | D=-0.5663 G=-0.9181 SF=0.0005(s=10.00) | frob=2.0061 (best=1.6016) | 18.5s
Epoch 134/300 | D=-0.5665 G=-0.9703 SF=0.0004(s=10.00) | frob=1.9846 (best=1.6016) | 18.7s
Epoch 135/300 | D=-0.5675 G=-1.0103 SF=0.0004(s=10.00) | frob=1.9726 (best=1.6016) | 18.6s
Epoch 136/300 | D=-0.5670 G=-1.0350 SF=0.0004(s=10.00) | frob=1.9494 (best=1.6016) | 18.6s
Epoch 137/300 | D=-0.5697 G=-1.0511 SF=0.0004(s=10.00) | frob=1.8719 (best=1.6016) | 18.5s
Epoch 138/300 | D=-0.5679 G=-1.0920 SF=0.0004(s=10.00) | frob=2.1513 (best=1.6016) | 18.8s
Epoch 139/300 | D=-0.5663 G=-1.1342 SF=0.0004(s=10.00) | frob=2.0049 (best=1.6016) | 18.3s
Epoch 140/300 | D=-0.5638 G=-1.1604 SF=0.0004(s=10.00) | frob=1.9870 (best=1.6016) | 18.6s
Epoch 141/300 | D=-0.5667 G=-1.1836 SF=0.0004(s=10.00) | frob=1.9466 (best=1.6016) | 18.5s
Epoch 142/300 | D=-0.5667 G=-1.1972 SF=0.0004(s=10.00) | frob=2.1411 (best=1.6016) | 18.5s
Epoch 143/300 | D=-0.5658 G=-1.2317 SF=0.0004(s=10.00) | frob=1.9028 (best=1.6016) | 18.5s
Epoch 144/300 | D=-0.5648 G=-1.2722 SF=0.0004(s=10.00) | frob=1.8301 (best=1.6016) | 18.7s
Epoch 145/300 | D=-0.5650 G=-1.3041 SF=0.0004(s=10.00) | frob=2.0942 (best=1.6016) | 18.5s
Epoch 146/300 | D=-0.5656 G=-1.3330 SF=0.0004(s=10.00) | frob=1.9893 (best=1.6016) | 18.5s
Epoch 147/300 | D=-0.5626 G=-1.3546 SF=0.0004(s=10.00) | frob=1.8911 (best=1.6016) | 18.7s
Epoch 148/300 | D=-0.5591 G=-1.3617 SF=0.0004(s=10.00) | frob=1.7840 (best=1.6016) | 18.3s
Epoch 149/300 | D=-0.5579 G=-1.3572 SF=0.0004(s=10.00) | frob=2.2866 (best=1.6016) | 18.4s
Epoch 150/300 | D=-0.5587 G=-1.3747 SF=0.0004(s=10.00) | frob=2.0535 (best=1.6016) | 18.6s
Epoch 151/300 | D=-0.5578 G=-1.3840 SF=0.0004(s=10.00) | frob=2.0309 (best=1.6016) | 18.5s
Epoch 152/300 | D=-0.5570 G=-1.4281 SF=0.0004(s=10.00) | frob=1.8858 (best=1.6016) | 18.3s
Epoch 153/300 | D=-0.5526 G=-1.4176 SF=0.0004(s=10.00) | frob=2.1636 (best=1.6016) | 18.5s
Epoch 154/300 | D=-0.5574 G=-1.4175 SF=0.0004(s=10.00) | frob=1.7354 (best=1.6016) | 18.5s
Epoch 155/300 | D=-0.5521 G=-1.4355 SF=0.0004(s=10.00) | frob=2.0041 (best=1.6016) | 18.6s
Epoch 156/300 | D=-0.5471 G=-1.4653 SF=0.0003(s=10.00) | frob=2.1452 (best=1.6016) | 18.6s
Epoch 157/300 | D=-0.5447 G=-1.5093 SF=0.0003(s=10.00) | frob=2.1560 (best=1.6016) | 18.6s
Epoch 158/300 | D=-0.5462 G=-1.5065 SF=0.0003(s=10.00) | frob=2.1040 (best=1.6016) | 18.4s
Epoch 159/300 | D=-0.5399 G=-1.5221 SF=0.0003(s=10.00) | frob=1.8978 (best=1.6016) | 18.4s
Epoch 160/300 | D=-0.5393 G=-1.5466 SF=0.0003(s=10.00) | frob=2.0102 (best=1.6016) | 18.4s
Epoch 161/300 | D=-0.5399 G=-1.5638 SF=0.0003(s=10.00) | frob=1.9888 (best=1.6016) | 18.4s
Epoch 162/300 | D=-0.5380 G=-1.5830 SF=0.0003(s=10.00) | frob=1.8868 (best=1.6016) | 18.5s
Epoch 163/300 | D=-0.5330 G=-1.5944 SF=0.0003(s=10.00) | frob=1.9436 (best=1.6016) | 18.4s
Early stopping at epoch 163

Fine-tuning 10 epochs...
  FT 1/10 | D=-0.5327 G=-1.6080
  FT 2/10 | D=-0.5421 G=-1.5968
  FT 3/10 | D=-0.5471 G=-1.5887
  FT 4/10 | D=-0.5489 G=-1.5680
  FT 5/10 | D=-0.5489 G=-1.5834
  FT 6/10 | D=-0.5532 G=-1.5875
  FT 7/10 | D=-0.5579 G=-1.5659
  FT 8/10 | D=-0.5603 G=-1.5722
  FT 9/10 | D=-0.5596 G=-1.5639
  FT 10/10 | D=-0.5622 G=-1.5633

Done. Best val_frob=1.6016
