[macro_film] commodities (20 assets) | device=cuda | seed=42
  Loaded daily macro: (3963, 19) (['vix_level', 'vix_change', 'term_spread', 'term_level', 'credit_spread']...)
  PCA: 19 features → 8 PCs (explained var: 0.803)
  Regime detection: T=3773, window=504, step=21...
  Regime detection complete.
  Final covariate dim: 15 — ['pc_1', 'pc_2', 'pc_3', 'pc_4', 'pc_5', 'pc_6', 'pc_7', 'pc_8', 'regime_0', 'regime_1', 'regime_2', 'vix_level_z', 'realized_vol_20d_z', 'term_level_z', 'credit_level_z']
  Computing rolling OLS: T=3773, N=20, K=5, window=126...
    t=500/3773
    t=1000/3773
    t=1500/3773
    t=2000/3773
    t=2500/3773
    t=3000/3773
    t=3500/3773
  Rolling OLS complete.
  n_assets=20, K=5, d_cov=15
  Train: 2890 windows | Val: 3142
Training [macro_film] | T_L=252 | lr=0.0005
  G: 2,564,000 params
  D: 1,789,185 params
----------------------------------------------------------------------
Epoch   1/300 | D=2.7657 G=0.6410 | frob=11.5050 (best=inf) | 48.0s
Epoch   2/300 | D=0.7249 G=4.7280 | frob=10.2664 (best=11.5050) | 48.1s
Epoch   3/300 | D=0.2253 G=10.9044 | frob=9.8351 (best=10.2664) | 48.1s
Epoch   4/300 | D=0.3375 G=16.7544 | frob=6.7441 (best=9.8351) | 48.3s
Epoch   5/300 | D=0.6394 G=21.8680 | frob=5.4126 (best=6.7441) | 48.3s
Epoch   6/300 | D=0.2748 G=29.4058 | frob=10.1366 (best=5.4126) | 48.3s
Epoch   7/300 | D=0.1781 G=29.2101 | frob=8.4616 (best=5.4126) | 48.3s
Epoch   8/300 | D=0.1895 G=28.3206 | frob=9.3165 (best=5.4126) | 48.3s
Epoch   9/300 | D=0.1517 G=27.4419 | frob=6.9171 (best=5.4126) | 48.2s
Epoch  10/300 | D=0.1423 G=27.4606 | frob=7.7504 (best=5.4126) | 48.3s
Epoch  11/300 | D=0.1200 G=27.2912 | frob=7.1871 (best=5.4126) | 48.2s
Epoch  12/300 | D=0.1106 G=26.6846 | frob=6.0935 (best=5.4126) | 48.3s
Epoch  13/300 | D=0.1008 G=26.7426 | frob=5.6304 (best=5.4126) | 48.3s
Epoch  14/300 | D=0.0751 G=28.4542 | frob=3.9746 (best=5.4126) | 48.2s
Epoch  15/300 | D=0.0910 G=27.9948 | frob=4.1300 (best=3.9746) | 48.2s
Epoch  16/300 | D=0.0899 G=28.9315 | frob=4.3988 (best=3.9746) | 48.3s
Epoch  17/300 | D=0.0859 G=31.3554 | frob=4.8003 (best=3.9746) | 48.3s
Epoch  18/300 | D=0.0766 G=32.5015 | frob=5.1220 (best=3.9746) | 48.3s
Epoch  19/300 | D=0.0691 G=32.4521 | frob=4.6329 (best=3.9746) | 48.2s
Epoch  20/300 | D=0.0592 G=34.8581 | frob=3.7507 (best=3.9746) | 48.3s
Epoch  21/300 | D=0.0591 G=35.2084 | frob=4.8141 (best=3.7507) | 48.3s
Epoch  22/300 | D=0.0558 G=36.8378 | frob=5.0908 (best=3.7507) | 48.3s
Epoch  23/300 | D=0.0644 G=37.7425 | frob=4.0739 (best=3.7507) | 48.1s
Epoch  24/300 | D=0.0554 G=37.4914 | frob=4.7795 (best=3.7507) | 48.3s
Epoch  25/300 | D=0.0496 G=37.5705 | frob=4.4766 (best=3.7507) | 48.3s
Epoch  26/300 | D=0.0530 G=38.2664 | frob=4.1093 (best=3.7507) | 48.4s
Epoch  27/300 | D=0.0554 G=39.4260 | frob=4.3341 (best=3.7507) | 48.3s
Epoch  28/300 | D=0.0572 G=39.6046 | frob=4.7696 (best=3.7507) | 48.3s
Epoch  29/300 | D=0.0557 G=42.0090 | frob=5.3461 (best=3.7507) | 48.3s
Epoch  30/300 | D=0.0464 G=43.8105 | frob=6.0540 (best=3.7507) | 48.3s
Epoch  31/300 | D=0.0459 G=45.2189 | frob=6.5084 (best=3.7507) | 48.3s
Epoch  32/300 | D=0.0374 G=47.0870 | frob=7.5719 (best=3.7507) | 48.3s
Epoch  33/300 | D=0.0378 G=47.1398 | frob=5.2561 (best=3.7507) | 48.3s
Epoch  34/300 | D=0.0342 G=46.9978 | frob=5.8255 (best=3.7507) | 48.3s
Epoch  35/300 | D=0.0335 G=47.8653 | frob=4.6536 (best=3.7507) | 48.3s
Epoch  36/300 | D=0.0286 G=49.5767 | frob=4.8064 (best=3.7507) | 48.3s
Epoch  37/300 | D=0.0320 G=49.0254 | frob=6.0622 (best=3.7507) | 48.3s
Epoch  38/300 | D=0.0315 G=49.4364 | frob=4.7864 (best=3.7507) | 48.3s
Epoch  39/300 | D=0.0244 G=50.4711 | frob=5.3793 (best=3.7507) | 48.3s
Epoch  40/300 | D=0.0237 G=49.0995 | frob=4.7850 (best=3.7507) | 48.2s
Epoch  41/300 | D=0.0293 G=46.1427 | frob=4.5705 (best=3.7507) | 48.3s
Epoch  42/300 | D=0.0195 G=46.5348 | frob=3.6507 (best=3.7507) | 48.3s
Epoch  43/300 | D=0.0209 G=46.4664 | frob=3.3770 (best=3.6507) | 48.3s
Epoch  44/300 | D=0.0162 G=46.4831 | frob=3.5591 (best=3.3770) | 48.3s
Epoch  45/300 | D=0.0224 G=46.1386 | frob=3.5403 (best=3.3770) | 48.3s
Epoch  46/300 | D=0.0193 G=47.9595 | frob=3.6538 (best=3.3770) | 48.2s
Epoch  47/300 | D=0.0074 G=48.5112 | frob=3.8980 (best=3.3770) | 48.2s
Epoch  48/300 | D=0.0174 G=49.1065 | frob=3.9321 (best=3.3770) | 48.2s
Epoch  49/300 | D=0.0241 G=47.7511 | frob=3.8024 (best=3.3770) | 48.3s
Epoch  50/300 | D=0.0224 G=47.3815 | frob=3.4444 (best=3.3770) | 48.2s
Epoch  51/300 | D=0.0074 G=47.2897 | frob=3.4759 (best=3.3770) | 48.3s
Epoch  52/300 | D=0.0160 G=46.4112 | frob=3.4043 (best=3.3770) | 48.3s
Epoch  53/300 | D=0.0165 G=48.4203 | frob=3.3707 (best=3.3770) | 48.2s
Epoch  54/300 | D=0.0118 G=49.9650 | frob=3.3503 (best=3.3707) | 48.2s
Epoch  55/300 | D=0.0231 G=50.7669 | frob=3.2123 (best=3.3503) | 48.3s
Epoch  56/300 | D=0.0178 G=52.3986 | frob=3.3548 (best=3.2123) | 48.3s
Epoch  57/300 | D=0.0199 G=52.7757 | frob=3.2217 (best=3.2123) | 48.2s
Epoch  58/300 | D=0.0156 G=53.3777 | frob=4.1584 (best=3.2123) | 48.3s
Epoch  59/300 | D=0.0146 G=55.5458 | frob=3.9041 (best=3.2123) | 48.2s
Epoch  60/300 | D=0.0182 G=57.9425 | frob=3.6410 (best=3.2123) | 48.3s
Epoch  61/300 | D=0.0042 G=57.5092 | frob=3.1935 (best=3.2123) | 48.2s
Epoch  62/300 | D=0.0077 G=60.0074 | frob=3.3177 (best=3.1935) | 48.2s
Epoch  63/300 | D=0.0019 G=59.3479 | frob=3.5910 (best=3.1935) | 48.2s
Epoch  64/300 | D=0.0159 G=58.2841 | frob=4.9579 (best=3.1935) | 48.3s
Epoch  65/300 | D=0.0213 G=58.5863 | frob=4.6482 (best=3.1935) | 48.1s
Epoch  66/300 | D=0.0105 G=56.7405 | frob=3.4981 (best=3.1935) | 48.3s
Epoch  67/300 | D=0.0174 G=54.4882 | frob=3.7962 (best=3.1935) | 48.3s
Epoch  68/300 | D=0.0170 G=55.5711 | frob=3.2549 (best=3.1935) | 48.4s
Epoch  69/300 | D=0.0071 G=58.1836 | frob=3.2271 (best=3.1935) | 48.3s
Epoch  70/300 | D=0.0156 G=58.5713 | frob=3.6474 (best=3.1935) | 48.3s
Epoch  71/300 | D=0.0201 G=56.8479 | frob=3.1817 (best=3.1935) | 48.2s
Epoch  72/300 | D=-0.0011 G=57.3936 | frob=2.6899 (best=3.1817) | 48.3s
Epoch  73/300 | D=0.0192 G=57.2798 | frob=3.5674 (best=2.6899) | 48.3s
Epoch  74/300 | D=0.0148 G=55.8636 | frob=3.3636 (best=2.6899) | 48.3s
Epoch  75/300 | D=0.0123 G=55.3202 | frob=3.1106 (best=2.6899) | 33.5s
Epoch  76/300 | D=0.0076 G=52.2371 | frob=2.8124 (best=2.6899) | 32.1s
Epoch  77/300 | D=0.0192 G=49.8889 | frob=2.7438 (best=2.6899) | 32.1s
Epoch  78/300 | D=0.0064 G=45.6244 | frob=2.2999 (best=2.6899) | 32.1s
Epoch  79/300 | D=0.0099 G=45.7235 | frob=2.1627 (best=2.2999) | 32.1s
Epoch  80/300 | D=0.0089 G=44.0953 | frob=2.2462 (best=2.1627) | 32.1s
Epoch  81/300 | D=0.0147 G=42.2713 | frob=2.2853 (best=2.1627) | 32.1s
Epoch  82/300 | D=0.0128 G=40.8791 | frob=2.4645 (best=2.1627) | 32.2s
Epoch  83/300 | D=0.0039 G=41.7756 | frob=2.3149 (best=2.1627) | 32.2s
Epoch  84/300 | D=0.0096 G=41.6407 | frob=2.4994 (best=2.1627) | 32.2s
Epoch  85/300 | D=0.0001 G=41.6201 | frob=2.4586 (best=2.1627) | 32.2s
Epoch  86/300 | D=-0.0022 G=42.3302 | frob=2.3387 (best=2.1627) | 32.1s
Epoch  87/300 | D=0.0143 G=41.9192 | frob=2.2250 (best=2.1627) | 32.2s
Epoch  88/300 | D=0.0183 G=44.0068 | frob=2.2452 (best=2.1627) | 32.2s
Epoch  89/300 | D=0.0140 G=43.6708 | frob=2.1818 (best=2.1627) | 32.2s
Epoch  90/300 | D=0.0107 G=43.5588 | frob=2.1861 (best=2.1627) | 32.1s
Epoch  91/300 | D=0.0060 G=45.0321 | frob=2.1071 (best=2.1627) | 32.1s
Epoch  92/300 | D=-0.0078 G=45.0237 | frob=2.0975 (best=2.1071) | 32.2s
Epoch  93/300 | D=0.0081 G=45.3776 | frob=1.8229 (best=2.0975) | 32.2s
Epoch  94/300 | D=0.0192 G=45.0615 | frob=1.8409 (best=1.8229) | 32.2s
Epoch  95/300 | D=0.0093 G=41.0978 | frob=1.7713 (best=1.8229) | 32.2s
Epoch  96/300 | D=-0.0002 G=39.5064 | frob=1.5986 (best=1.7713) | 32.1s
Epoch  97/300 | D=-0.0034 G=39.7562 | frob=1.7759 (best=1.5986) | 32.2s
Epoch  98/300 | D=-0.0016 G=38.4472 | frob=1.9727 (best=1.5986) | 32.2s
Epoch  99/300 | D=0.0074 G=38.4199 | frob=2.0153 (best=1.5986) | 32.2s
Epoch 100/300 | D=0.0245 G=37.4554 | frob=1.9131 (best=1.5986) | 32.2s
Epoch 101/300 | D=0.0058 G=39.1472 | frob=1.9424 (best=1.5986) | 32.2s
Epoch 102/300 | D=0.0072 G=38.1242 | frob=1.9703 (best=1.5986) | 32.2s
Epoch 103/300 | D=0.0157 G=37.6165 | frob=1.9540 (best=1.5986) | 32.0s
Epoch 104/300 | D=0.0197 G=36.0062 | frob=1.7393 (best=1.5986) | 32.1s
Epoch 105/300 | D=-0.0006 G=36.3988 | frob=1.7942 (best=1.5986) | 32.2s
Epoch 106/300 | D=0.0207 G=36.0041 | frob=1.7089 (best=1.5986) | 32.2s
Epoch 107/300 | D=-0.0079 G=34.3653 | frob=1.6484 (best=1.5986) | 32.0s
Epoch 108/300 | D=-0.0021 G=35.0577 | frob=1.7335 (best=1.5986) | 32.2s
Epoch 109/300 | D=0.0186 G=38.0383 | frob=1.6223 (best=1.5986) | 32.1s
Epoch 110/300 | D=0.0061 G=39.1471 | frob=1.4920 (best=1.5986) | 32.3s
Epoch 111/300 | D=-0.0128 G=39.4164 | frob=1.5884 (best=1.4920) | 32.2s
Epoch 112/300 | D=0.0097 G=37.7936 | frob=1.4502 (best=1.4920) | 32.2s
Epoch 113/300 | D=0.0065 G=38.3787 | frob=1.4641 (best=1.4502) | 32.2s
Epoch 114/300 | D=0.0141 G=37.1207 | frob=1.4434 (best=1.4502) | 32.2s
Epoch 115/300 | D=0.0174 G=36.5266 | frob=1.3874 (best=1.4434) | 32.2s
Epoch 116/300 | D=-0.0056 G=37.5850 | frob=1.4103 (best=1.3874) | 32.2s
Epoch 117/300 | D=0.0072 G=39.2380 | frob=1.3485 (best=1.3874) | 32.2s
Epoch 118/300 | D=-0.0078 G=39.3427 | frob=1.4729 (best=1.3485) | 32.2s
Epoch 119/300 | D=-0.0028 G=38.3828 | frob=1.4139 (best=1.3485) | 32.1s
Epoch 120/300 | D=0.0021 G=39.0663 | frob=1.4607 (best=1.3485) | 32.2s
Epoch 121/300 | D=-0.0134 G=38.8347 | frob=1.5513 (best=1.3485) | 32.2s
Epoch 122/300 | D=-0.0146 G=36.4592 | frob=1.4616 (best=1.3485) | 32.2s
Epoch 123/300 | D=-0.0034 G=35.2605 | frob=1.2507 (best=1.3485) | 32.2s
Epoch 124/300 | D=-0.0008 G=36.1670 | frob=1.5730 (best=1.2507) | 32.1s
Epoch 125/300 | D=-0.0008 G=37.4001 | frob=1.3622 (best=1.2507) | 32.1s
Epoch 126/300 | D=0.0040 G=39.1950 | frob=1.1429 (best=1.2507) | 32.1s
Epoch 127/300 | D=-0.0031 G=37.2475 | frob=1.0880 (best=1.1429) | 32.1s
Epoch 128/300 | D=-0.0092 G=35.3427 | frob=1.1103 (best=1.0880) | 32.2s
Epoch 129/300 | D=-0.0020 G=34.3557 | frob=1.2302 (best=1.0880) | 32.2s
Epoch 130/300 | D=-0.0037 G=31.2814 | frob=1.1636 (best=1.0880) | 32.3s
Epoch 131/300 | D=-0.0174 G=29.6849 | frob=1.0255 (best=1.0880) | 32.2s
Epoch 132/300 | D=-0.0196 G=29.9615 | frob=1.0390 (best=1.0255) | 32.2s
Epoch 133/300 | D=-0.0187 G=29.9890 | frob=1.1146 (best=1.0255) | 32.2s
Epoch 134/300 | D=-0.0248 G=28.7483 | frob=1.2059 (best=1.0255) | 32.1s
Epoch 135/300 | D=-0.0187 G=27.5953 | frob=1.1019 (best=1.0255) | 32.1s
Epoch 136/300 | D=-0.0141 G=27.8011 | frob=1.2085 (best=1.0255) | 32.2s
Epoch 137/300 | D=-0.0310 G=27.5022 | frob=1.1263 (best=1.0255) | 32.1s
Epoch 138/300 | D=-0.0210 G=27.2704 | frob=1.1303 (best=1.0255) | 32.1s
Epoch 139/300 | D=-0.0342 G=26.3654 | frob=1.0881 (best=1.0255) | 32.2s
Epoch 140/300 | D=-0.0425 G=24.3368 | frob=1.1990 (best=1.0255) | 32.2s
Epoch 141/300 | D=-0.0351 G=23.7404 | frob=1.1394 (best=1.0255) | 32.2s
Epoch 142/300 | D=-0.0458 G=23.4424 | frob=1.1844 (best=1.0255) | 32.1s
Epoch 143/300 | D=-0.0266 G=22.7136 | frob=1.0780 (best=1.0255) | 32.2s
Epoch 144/300 | D=-0.0234 G=21.0143 | frob=1.1060 (best=1.0255) | 32.1s
Epoch 145/300 | D=-0.0192 G=20.5605 | frob=1.2033 (best=1.0255) | 32.2s
Epoch 146/300 | D=-0.0228 G=20.2063 | frob=1.0232 (best=1.0255) | 32.2s
Epoch 147/300 | D=-0.0271 G=19.9034 | frob=0.9688 (best=1.0232) | 32.2s
Epoch 148/300 | D=-0.0266 G=18.9297 | frob=0.9139 (best=0.9688) | 32.1s
Epoch 149/300 | D=-0.0328 G=18.4658 | frob=0.9239 (best=0.9139) | 32.0s
Epoch 150/300 | D=-0.0358 G=16.9846 | frob=0.8933 (best=0.9139) | 32.1s
Epoch 151/300 | D=-0.0372 G=16.0709 | frob=0.9376 (best=0.8933) | 32.2s
Epoch 152/300 | D=-0.0408 G=15.3351 | frob=0.9666 (best=0.8933) | 32.3s
Epoch 153/300 | D=-0.0315 G=15.0741 | frob=0.9201 (best=0.8933) | 32.2s
Epoch 154/300 | D=-0.0373 G=14.2570 | frob=0.9451 (best=0.8933) | 32.2s
Epoch 155/300 | D=-0.0378 G=13.6049 | frob=0.9401 (best=0.8933) | 32.2s
Epoch 156/300 | D=-0.0523 G=12.8705 | frob=0.8783 (best=0.8933) | 32.1s
Epoch 157/300 | D=-0.0460 G=12.2732 | frob=0.8209 (best=0.8783) | 32.2s
Epoch 158/300 | D=-0.0613 G=12.0519 | frob=0.8347 (best=0.8209) | 32.2s
Epoch 159/300 | D=-0.0606 G=11.6582 | frob=0.7746 (best=0.8209) | 32.2s
Epoch 160/300 | D=-0.0748 G=10.9845 | frob=0.8152 (best=0.7746) | 32.2s
Epoch 161/300 | D=-0.0770 G=10.1662 | frob=0.7950 (best=0.7746) | 32.2s
Epoch 162/300 | D=-0.0907 G=9.7073 | frob=0.8122 (best=0.7746) | 32.1s
Epoch 163/300 | D=-0.0854 G=9.1393 | frob=0.7924 (best=0.7746) | 32.2s
Epoch 164/300 | D=-0.1111 G=8.8130 | frob=0.7186 (best=0.7746) | 32.2s
Epoch 165/300 | D=-0.1126 G=8.2627 | frob=0.7128 (best=0.7186) | 32.1s
Epoch 166/300 | D=-0.1174 G=7.6692 | frob=0.7552 (best=0.7128) | 32.2s
Epoch 167/300 | D=-0.1298 G=7.4068 | frob=0.7394 (best=0.7128) | 32.2s
Epoch 168/300 | D=-0.1295 G=7.1790 | frob=0.7423 (best=0.7128) | 32.2s
Epoch 169/300 | D=-0.1487 G=6.6585 | frob=0.8237 (best=0.7128) | 32.2s
Epoch 170/300 | D=-0.1501 G=6.3435 | frob=0.8443 (best=0.7128) | 32.1s
Epoch 171/300 | D=-0.1572 G=5.8661 | frob=0.7801 (best=0.7128) | 32.2s
Epoch 172/300 | D=-0.1687 G=5.5598 | frob=0.7615 (best=0.7128) | 32.2s
Epoch 173/300 | D=-0.1745 G=5.0803 | frob=0.7738 (best=0.7128) | 32.1s
Epoch 174/300 | D=-0.1810 G=4.8088 | frob=0.7565 (best=0.7128) | 32.1s
Epoch 175/300 | D=-0.1856 G=4.5414 | frob=0.7652 (best=0.7128) | 32.2s
Epoch 176/300 | D=-0.1985 G=4.3171 | frob=0.7375 (best=0.7128) | 32.1s
Epoch 177/300 | D=-0.2031 G=4.0699 | frob=0.7295 (best=0.7128) | 32.1s
Epoch 178/300 | D=-0.2150 G=3.8872 | frob=0.7130 (best=0.7128) | 32.2s
Epoch 179/300 | D=-0.2178 G=3.7182 | frob=0.6936 (best=0.7128) | 32.2s
Epoch 180/300 | D=-0.2237 G=3.4310 | frob=0.6950 (best=0.6936) | 32.1s
Epoch 181/300 | D=-0.2326 G=3.2222 | frob=0.7013 (best=0.6936) | 32.2s
Epoch 182/300 | D=-0.2427 G=3.0387 | frob=0.7136 (best=0.6936) | 32.2s
Epoch 183/300 | D=-0.2468 G=2.9226 | frob=0.7079 (best=0.6936) | 32.1s
Epoch 184/300 | D=-0.2459 G=2.7615 | frob=0.7503 (best=0.6936) | 32.2s
Epoch 185/300 | D=-0.2568 G=2.5542 | frob=0.7155 (best=0.6936) | 32.2s
Epoch 186/300 | D=-0.2573 G=2.3883 | frob=0.7588 (best=0.6936) | 32.2s
Epoch 187/300 | D=-0.2624 G=2.2980 | frob=0.7196 (best=0.6936) | 32.1s
Epoch 188/300 | D=-0.2693 G=2.1395 | frob=0.7040 (best=0.6936) | 32.2s
Epoch 189/300 | D=-0.2716 G=2.0511 | frob=0.7605 (best=0.6936) | 32.1s
Epoch 190/300 | D=-0.2731 G=1.9696 | frob=0.7222 (best=0.6936) | 32.2s
Epoch 191/300 | D=-0.2765 G=1.8382 | frob=0.7517 (best=0.6936) | 32.0s
Epoch 192/300 | D=-0.2797 G=1.8316 | frob=0.7179 (best=0.6936) | 32.2s
Epoch 193/300 | D=-0.2811 G=1.7302 | frob=0.7364 (best=0.6936) | 32.2s
Epoch 194/300 | D=-0.2860 G=1.6396 | frob=0.6997 (best=0.6936) | 32.3s
Epoch 195/300 | D=-0.2921 G=1.5822 | frob=0.7546 (best=0.6936) | 32.2s
Epoch 196/300 | D=-0.2883 G=1.5084 | frob=0.7652 (best=0.6936) | 32.2s
Epoch 197/300 | D=-0.2918 G=1.4895 | frob=0.7446 (best=0.6936) | 32.2s
Epoch 198/300 | D=-0.2954 G=1.4713 | frob=0.8009 (best=0.6936) | 32.1s
Epoch 199/300 | D=-0.2887 G=1.3965 | frob=0.7326 (best=0.6936) | 32.3s
Epoch 200/300 | D=-0.2894 G=1.3216 | frob=0.7291 (best=0.6936) | 32.2s
Epoch 201/300 | D=-0.2932 G=1.2896 | frob=0.7238 (best=0.6936) | 32.2s
Epoch 202/300 | D=-0.2920 G=1.2251 | frob=0.7646 (best=0.6936) | 32.2s
Epoch 203/300 | D=-0.2927 G=1.2008 | frob=0.7940 (best=0.6936) | 32.2s
Epoch 204/300 | D=-0.2943 G=1.1168 | frob=0.7663 (best=0.6936) | 32.2s
Epoch 205/300 | D=-0.2900 G=1.0394 | frob=0.7363 (best=0.6936) | 32.2s
Epoch 206/300 | D=-0.2946 G=1.0047 | frob=0.7752 (best=0.6936) | 32.1s
Epoch 207/300 | D=-0.2917 G=0.9508 | frob=0.8361 (best=0.6936) | 32.2s
Epoch 208/300 | D=-0.2906 G=0.9582 | frob=0.8010 (best=0.6936) | 32.2s
Epoch 209/300 | D=-0.2851 G=0.9167 | frob=0.8198 (best=0.6936) | 32.2s
Epoch 210/300 | D=-0.2858 G=0.8806 | frob=0.7550 (best=0.6936) | 32.2s
Epoch 211/300 | D=-0.2860 G=0.8893 | frob=0.7806 (best=0.6936) | 32.2s
Epoch 212/300 | D=-0.2838 G=0.8676 | frob=0.7148 (best=0.6936) | 32.2s
Epoch 213/300 | D=-0.2833 G=0.8368 | frob=0.7093 (best=0.6936) | 32.2s
Epoch 214/300 | D=-0.2838 G=0.8247 | frob=0.7709 (best=0.6936) | 32.2s
Epoch 215/300 | D=-0.2827 G=0.7730 | frob=0.7021 (best=0.6936) | 32.2s
Epoch 216/300 | D=-0.2845 G=0.7600 | frob=0.6903 (best=0.6936) | 32.1s
Epoch 217/300 | D=-0.2847 G=0.7258 | frob=0.7577 (best=0.6903) | 32.1s
Epoch 218/300 | D=-0.2797 G=0.6805 | frob=0.7254 (best=0.6903) | 32.1s
Epoch 219/300 | D=-0.2829 G=0.6751 | frob=0.8398 (best=0.6903) | 32.1s
Epoch 220/300 | D=-0.2817 G=0.6312 | frob=0.7990 (best=0.6903) | 32.1s
Epoch 221/300 | D=-0.2802 G=0.6092 | frob=0.7861 (best=0.6903) | 32.1s
Epoch 222/300 | D=-0.2791 G=0.5660 | frob=0.7737 (best=0.6903) | 32.2s
Epoch 223/300 | D=-0.2794 G=0.5559 | frob=0.7416 (best=0.6903) | 32.2s
Epoch 224/300 | D=-0.2793 G=0.5481 | frob=0.8037 (best=0.6903) | 32.2s
Epoch 225/300 | D=-0.2714 G=0.5027 | frob=0.8379 (best=0.6903) | 32.2s
Epoch 226/300 | D=-0.2754 G=0.4684 | frob=0.7431 (best=0.6903) | 32.2s
Epoch 227/300 | D=-0.2749 G=0.4708 | frob=0.7156 (best=0.6903) | 32.2s
Epoch 228/300 | D=-0.2685 G=0.4499 | frob=0.7654 (best=0.6903) | 32.2s
Epoch 229/300 | D=-0.2748 G=0.3913 | frob=0.7814 (best=0.6903) | 32.2s
Epoch 230/300 | D=-0.2737 G=0.3521 | frob=0.8561 (best=0.6903) | 32.2s
Epoch 231/300 | D=-0.2727 G=0.3642 | frob=0.7697 (best=0.6903) | 32.1s
Epoch 232/300 | D=-0.2698 G=0.3533 | frob=0.6591 (best=0.6903) | 32.2s
Epoch 233/300 | D=-0.2686 G=0.3274 | frob=0.8059 (best=0.6591) | 32.0s
Epoch 234/300 | D=-0.2674 G=0.2848 | frob=0.8579 (best=0.6591) | 32.2s
Epoch 235/300 | D=-0.2640 G=0.2649 | frob=0.8425 (best=0.6591) | 32.2s
Epoch 236/300 | D=-0.2569 G=0.2473 | frob=0.8824 (best=0.6591) | 32.3s
Epoch 237/300 | D=-0.2508 G=0.2558 | frob=0.8186 (best=0.6591) | 32.2s
Epoch 238/300 | D=-0.2390 G=0.2709 | frob=0.7604 (best=0.6591) | 32.2s
Epoch 239/300 | D=-0.2364 G=0.2600 | frob=0.7752 (best=0.6591) | 32.2s
Epoch 240/300 | D=-0.2312 G=0.2651 | frob=0.9908 (best=0.6591) | 32.2s
Epoch 241/300 | D=-0.2269 G=0.2705 | frob=0.7769 (best=0.6591) | 32.2s
Epoch 242/300 | D=-0.2225 G=0.3003 | frob=0.7878 (best=0.6591) | 32.3s
Epoch 243/300 | D=-0.2217 G=0.3127 | frob=0.7611 (best=0.6591) | 32.2s
Epoch 244/300 | D=-0.2165 G=0.3218 | frob=0.9918 (best=0.6591) | 32.4s
Epoch 245/300 | D=-0.2172 G=0.3538 | frob=0.8621 (best=0.6591) | 32.3s
Epoch 246/300 | D=-0.2158 G=0.3512 | frob=1.0013 (best=0.6591) | 32.2s
Epoch 247/300 | D=-0.2130 G=0.3663 | frob=0.7892 (best=0.6591) | 32.2s
Epoch 248/300 | D=-0.2136 G=0.3794 | frob=0.8177 (best=0.6591) | 32.2s
Epoch 249/300 | D=-0.2110 G=0.3947 | frob=0.7597 (best=0.6591) | 16.8s
Epoch 250/300 | D=-0.2103 G=0.4163 | frob=0.8503 (best=0.6591) | 16.1s
Epoch 251/300 | D=-0.2058 G=0.4268 | frob=0.8029 (best=0.6591) | 16.0s
Epoch 252/300 | D=-0.2071 G=0.4135 | frob=0.8527 (best=0.6591) | 16.1s
Epoch 253/300 | D=-0.2053 G=0.4317 | frob=0.7454 (best=0.6591) | 16.1s
Epoch 254/300 | D=-0.2036 G=0.4358 | frob=0.8740 (best=0.6591) | 16.1s
Epoch 255/300 | D=-0.2005 G=0.4330 | frob=0.8033 (best=0.6591) | 16.1s
Epoch 256/300 | D=-0.2004 G=0.4257 | frob=0.9722 (best=0.6591) | 16.0s
Epoch 257/300 | D=-0.2027 G=0.4240 | frob=0.7599 (best=0.6591) | 16.1s
Epoch 258/300 | D=-0.1967 G=0.4414 | frob=0.8442 (best=0.6591) | 16.1s
Epoch 259/300 | D=-0.1970 G=0.4409 | frob=0.8566 (best=0.6591) | 15.8s
Epoch 260/300 | D=-0.1947 G=0.4424 | frob=0.7520 (best=0.6591) | 15.8s
Epoch 261/300 | D=-0.1934 G=0.4306 | frob=0.8853 (best=0.6591) | 15.8s
Epoch 262/300 | D=-0.1958 G=0.4423 | frob=0.7670 (best=0.6591) | 16.1s
Epoch 263/300 | D=-0.1912 G=0.4525 | frob=0.8810 (best=0.6591) | 16.1s
Epoch 264/300 | D=-0.1909 G=0.4606 | frob=0.7649 (best=0.6591) | 16.1s
Epoch 265/300 | D=-0.1938 G=0.4725 | frob=0.9605 (best=0.6591) | 16.1s
Epoch 266/300 | D=-0.1900 G=0.4790 | frob=0.9169 (best=0.6591) | 16.1s
Epoch 267/300 | D=-0.1883 G=0.4956 | frob=0.8205 (best=0.6591) | 16.1s
Epoch 268/300 | D=-0.1864 G=0.4908 | frob=0.7882 (best=0.6591) | 16.1s
Epoch 269/300 | D=-0.1885 G=0.4896 | frob=0.8912 (best=0.6591) | 16.1s
Epoch 270/300 | D=-0.1870 G=0.4800 | frob=0.9351 (best=0.6591) | 16.1s
Epoch 271/300 | D=-0.1825 G=0.4708 | frob=1.0818 (best=0.6591) | 16.1s
Epoch 272/300 | D=-0.1888 G=0.4893 | frob=0.8499 (best=0.6591) | 16.0s
Epoch 273/300 | D=-0.1847 G=0.4928 | frob=0.8701 (best=0.6591) | 16.0s
Epoch 274/300 | D=-0.1822 G=0.4921 | frob=0.9273 (best=0.6591) | 16.1s
Epoch 275/300 | D=-0.1813 G=0.4975 | frob=0.7201 (best=0.6591) | 16.1s
Epoch 276/300 | D=-0.1828 G=0.5126 | frob=0.8257 (best=0.6591) | 16.1s
Epoch 277/300 | D=-0.1810 G=0.5231 | frob=0.8527 (best=0.6591) | 16.0s
Epoch 278/300 | D=-0.1836 G=0.5051 | frob=0.8878 (best=0.6591) | 16.1s
Epoch 279/300 | D=-0.1762 G=0.5160 | frob=0.9544 (best=0.6591) | 16.2s
Epoch 280/300 | D=-0.1813 G=0.5361 | frob=0.8360 (best=0.6591) | 16.1s
Epoch 281/300 | D=-0.1760 G=0.5316 | frob=0.8015 (best=0.6591) | 16.0s
Epoch 282/300 | D=-0.1781 G=0.5322 | frob=0.7475 (best=0.6591) | 16.0s
Early stopping at epoch 282

Fine-tuning 10 epochs...
  FT 1/10 | D=-0.1713 G=0.5309
  FT 2/10 | D=-0.1886 G=0.5272
  FT 3/10 | D=-0.1910 G=0.5075
  FT 4/10 | D=-0.1943 G=0.5056
  FT 5/10 | D=-0.1952 G=0.4779
  FT 6/10 | D=-0.1977 G=0.4687
  FT 7/10 | D=-0.1989 G=0.4476
  FT 8/10 | D=-0.2000 G=0.4262
  FT 9/10 | D=-0.2028 G=0.4104
  FT 10/10 | D=-0.2027 G=0.4081

Done. Best val_frob=0.6591
