[sf_balanced] all (60 assets) | device=cuda | seed=7
  Loaded daily macro: (3963, 19) (['vix_level', 'vix_change', 'term_spread', 'term_level', 'credit_spread']...)
  PCA: 19 features → 8 PCs (explained var: 0.803)
  Regime detection: T=3773, window=504, step=21...
  Regime detection complete.
  Final covariate dim: 15 — ['pc_1', 'pc_2', 'pc_3', 'pc_4', 'pc_5', 'pc_6', 'pc_7', 'pc_8', 'regime_0', 'regime_1', 'regime_2', 'vix_level_z', 'realized_vol_20d_z', 'term_level_z', 'credit_level_z']
  Computing rolling OLS: T=3773, N=60, K=5, window=126...
    t=500/3773
    t=1000/3773
    t=1500/3773
    t=2000/3773
    t=2500/3773
    t=3000/3773
    t=3500/3773
  Rolling OLS complete.
  n_assets=60, K=5, d_cov=15
  Train: 2890 windows | Val: 3142
Training [sf_balanced] | T_L=252 | lr=0.0005
  G: 2,646,240 params
  D: 1,799,425 params
  SF: EMA gradient scaling (τ=0.3), warmup=30
----------------------------------------------------------------------
Epoch   1/300 | D=3.3837 G=2.5747 | frob=23.8490 (best=inf) | 34.9s
Epoch   2/300 | D=0.3730 G=9.0443 | frob=22.3108 (best=23.8490) | 34.1s
Epoch   3/300 | D=0.1540 G=15.5457 | frob=23.8792 (best=22.3108) | 33.7s
Epoch   4/300 | D=0.1129 G=17.9741 | frob=22.4486 (best=22.3108) | 33.8s
Epoch   5/300 | D=0.0602 G=20.6284 | frob=19.1704 (best=22.3108) | 33.3s
Epoch   6/300 | D=0.0441 G=23.3277 | frob=15.3576 (best=19.1704) | 33.3s
Epoch   7/300 | D=0.0374 G=26.1385 | frob=14.4084 (best=15.3576) | 33.3s
Epoch   8/300 | D=0.0300 G=28.6140 | frob=14.6346 (best=14.4084) | 33.5s
Epoch   9/300 | D=0.0269 G=30.9704 | frob=12.4760 (best=14.4084) | 33.9s
Epoch  10/300 | D=0.0194 G=33.0962 | frob=13.7414 (best=12.4760) | 33.6s
Epoch  11/300 | D=0.0244 G=33.4545 | frob=14.1600 (best=12.4760) | 33.4s
Epoch  12/300 | D=0.0196 G=35.4534 | frob=13.6654 (best=12.4760) | 33.4s
Epoch  13/300 | D=0.0234 G=38.0541 | frob=14.3620 (best=12.4760) | 33.1s
Epoch  14/300 | D=0.0134 G=41.2744 | frob=14.2281 (best=12.4760) | 33.2s
Epoch  15/300 | D=0.0145 G=45.4679 | frob=14.3224 (best=12.4760) | 33.2s
Epoch  16/300 | D=0.0179 G=47.6285 | frob=13.4505 (best=12.4760) | 33.4s
Epoch  17/300 | D=0.0147 G=49.8147 | frob=13.2419 (best=12.4760) | 33.4s
Epoch  18/300 | D=0.0194 G=50.4708 | frob=13.4970 (best=12.4760) | 33.3s
Epoch  19/300 | D=0.0089 G=51.3151 | frob=14.4782 (best=12.4760) | 33.5s
Epoch  20/300 | D=0.0043 G=54.5245 | frob=15.9493 (best=12.4760) | 33.4s
Epoch  21/300 | D=-0.0024 G=59.1964 | frob=13.8543 (best=12.4760) | 33.4s
Epoch  22/300 | D=0.0163 G=61.6110 | frob=12.8059 (best=12.4760) | 33.4s
Epoch  23/300 | D=0.0093 G=64.4607 | frob=12.1075 (best=12.4760) | 33.2s
Epoch  24/300 | D=0.0183 G=67.6009 | frob=10.7263 (best=12.1075) | 33.3s
Epoch  25/300 | D=-0.0030 G=65.7670 | frob=10.9308 (best=10.7263) | 33.4s
Epoch  26/300 | D=0.0114 G=67.8563 | frob=10.6128 (best=10.7263) | 33.4s
Epoch  27/300 | D=0.0014 G=67.9495 | frob=10.6540 (best=10.6128) | 33.5s
Epoch  28/300 | D=0.0038 G=70.2679 | frob=11.3004 (best=10.6128) | 33.4s
Epoch  29/300 | D=0.0024 G=70.9899 | frob=12.4503 (best=10.6128) | 33.2s
Epoch  30/300 | D=0.0032 G=70.0148 | frob=11.8262 (best=10.6128) | 33.5s
Epoch  31/300 | D=0.0096 G=71.6339 SF=0.0308(s=10.00) | frob=11.7163 (best=10.6128) | 33.8s
Epoch  32/300 | D=0.0146 G=72.8173 SF=0.0130(s=10.00) | frob=6.3056 (best=10.6128) | 34.0s
Epoch  33/300 | D=-0.0004 G=75.2590 SF=0.0065(s=10.00) | frob=4.8537 (best=6.3056) | 34.1s
Epoch  34/300 | D=-0.0063 G=78.7568 SF=0.0046(s=10.00) | frob=4.2717 (best=4.8537) | 34.2s
Epoch  35/300 | D=-0.0002 G=79.5790 SF=0.0036(s=10.00) | frob=3.8219 (best=4.2717) | 34.2s
Epoch  36/300 | D=-0.0011 G=77.9901 SF=0.0029(s=10.00) | frob=3.3609 (best=3.8219) | 33.8s
Epoch  37/300 | D=0.0010 G=78.9287 SF=0.0024(s=10.00) | frob=3.2952 (best=3.3609) | 34.6s
Epoch  38/300 | D=-0.0065 G=78.0601 SF=0.0022(s=10.00) | frob=3.3137 (best=3.2952) | 34.1s
Epoch  39/300 | D=-0.0151 G=82.8965 SF=0.0021(s=10.00) | frob=2.9172 (best=3.2952) | 33.9s
Epoch  40/300 | D=-0.0043 G=82.9992 SF=0.0019(s=10.00) | frob=2.7791 (best=2.9172) | 34.3s
Epoch  41/300 | D=0.0141 G=84.5789 SF=0.0017(s=10.00) | frob=2.6733 (best=2.7791) | 34.2s
Epoch  42/300 | D=0.0083 G=83.2850 SF=0.0016(s=10.00) | frob=2.7306 (best=2.6733) | 34.3s
Epoch  43/300 | D=0.0039 G=85.3995 SF=0.0015(s=10.00) | frob=2.5791 (best=2.6733) | 33.8s
Epoch  44/300 | D=0.0073 G=85.5732 SF=0.0014(s=10.00) | frob=2.5890 (best=2.5791) | 33.6s
Epoch  45/300 | D=-0.0056 G=88.3009 SF=0.0014(s=10.00) | frob=2.4505 (best=2.5791) | 33.6s
Epoch  46/300 | D=-0.0012 G=90.3520 SF=0.0013(s=10.00) | frob=2.3727 (best=2.4505) | 34.2s
Epoch  47/300 | D=-0.0033 G=93.3718 SF=0.0012(s=10.00) | frob=2.3457 (best=2.3727) | 34.1s
Epoch  48/300 | D=-0.0039 G=94.8175 SF=0.0012(s=10.00) | frob=2.4445 (best=2.3457) | 34.1s
Epoch  49/300 | D=0.0165 G=95.2994 SF=0.0012(s=10.00) | frob=2.3939 (best=2.3457) | 33.9s
Epoch  50/300 | D=0.0083 G=93.3430 SF=0.0011(s=10.00) | frob=2.1349 (best=2.3457) | 34.1s
Epoch  51/300 | D=-0.0018 G=91.9980 SF=0.0011(s=10.00) | frob=2.2468 (best=2.1349) | 33.8s
Epoch  52/300 | D=-0.0019 G=91.6992 SF=0.0011(s=10.00) | frob=2.2183 (best=2.1349) | 34.1s
Epoch  53/300 | D=-0.0257 G=92.6584 SF=0.0011(s=10.00) | frob=2.4273 (best=2.1349) | 34.6s
Epoch  54/300 | D=-0.0094 G=94.2094 SF=0.0012(s=10.00) | frob=2.2102 (best=2.1349) | 33.9s
Epoch  55/300 | D=-0.0082 G=90.1530 SF=0.0012(s=10.00) | frob=2.5079 (best=2.1349) | 34.2s
Epoch  56/300 | D=-0.0135 G=87.1182 SF=0.0012(s=10.00) | frob=2.3984 (best=2.1349) | 34.1s
Epoch  57/300 | D=-0.0188 G=86.0680 SF=0.0011(s=10.00) | frob=2.2766 (best=2.1349) | 34.1s
Epoch  58/300 | D=-0.0256 G=86.0996 SF=0.0011(s=10.00) | frob=2.1165 (best=2.1349) | 34.1s
Epoch  59/300 | D=-0.0186 G=83.8685 SF=0.0011(s=10.00) | frob=2.2401 (best=2.1165) | 34.3s
Epoch  60/300 | D=-0.0248 G=80.3090 SF=0.0011(s=10.00) | frob=2.2312 (best=2.1165) | 34.1s
Epoch  61/300 | D=-0.0396 G=74.7674 SF=0.0011(s=10.00) | frob=2.0706 (best=2.1165) | 37.5s
Epoch  62/300 | D=-0.0294 G=71.2272 SF=0.0011(s=10.00) | frob=2.2095 (best=2.0706) | 33.5s
Epoch  63/300 | D=-0.0282 G=68.5602 SF=0.0010(s=10.00) | frob=2.2950 (best=2.0706) | 33.2s
Epoch  64/300 | D=-0.0330 G=65.4298 SF=0.0010(s=10.00) | frob=2.0805 (best=2.0706) | 33.1s
Epoch  65/300 | D=-0.0376 G=64.5160 SF=0.0010(s=10.00) | frob=2.0728 (best=2.0706) | 34.0s
Epoch  66/300 | D=-0.0562 G=61.9513 SF=0.0010(s=10.00) | frob=1.9281 (best=2.0706) | 34.4s
Epoch  67/300 | D=-0.0401 G=60.3638 SF=0.0010(s=10.00) | frob=2.0878 (best=1.9281) | 34.4s
Epoch  68/300 | D=-0.0480 G=58.5546 SF=0.0010(s=10.00) | frob=1.9678 (best=1.9281) | 33.6s
Epoch  69/300 | D=-0.0591 G=54.3354 SF=0.0009(s=10.00) | frob=2.1270 (best=1.9281) | 34.6s
Epoch  70/300 | D=-0.0628 G=53.7683 SF=0.0010(s=10.00) | frob=1.9501 (best=1.9281) | 34.8s
Epoch  71/300 | D=-0.0690 G=51.6434 SF=0.0009(s=10.00) | frob=1.9350 (best=1.9281) | 34.5s
Epoch  72/300 | D=-0.0734 G=48.7760 SF=0.0009(s=10.00) | frob=2.3954 (best=1.9281) | 34.3s
Epoch  73/300 | D=-0.0783 G=46.2428 SF=0.0009(s=10.00) | frob=1.9365 (best=1.9281) | 34.8s
Epoch  74/300 | D=-0.0711 G=44.6466 SF=0.0009(s=10.00) | frob=2.0908 (best=1.9281) | 36.5s
Epoch  75/300 | D=-0.0869 G=42.5328 SF=0.0009(s=10.00) | frob=1.9862 (best=1.9281) | 33.2s
Epoch  76/300 | D=-0.0991 G=40.5914 SF=0.0008(s=10.00) | frob=1.9998 (best=1.9281) | 33.4s
Epoch  77/300 | D=-0.0969 G=39.0306 SF=0.0008(s=10.00) | frob=2.0310 (best=1.9281) | 33.3s
Epoch  78/300 | D=-0.1030 G=37.2319 SF=0.0008(s=10.00) | frob=2.1938 (best=1.9281) | 33.4s
Epoch  79/300 | D=-0.1109 G=36.2354 SF=0.0008(s=10.00) | frob=1.7537 (best=1.9281) | 34.2s
Epoch  80/300 | D=-0.1091 G=34.3080 SF=0.0008(s=10.00) | frob=1.9286 (best=1.7537) | 33.9s
Epoch  81/300 | D=-0.1221 G=32.7026 SF=0.0008(s=10.00) | frob=2.0928 (best=1.7537) | 39.3s
Epoch  82/300 | D=-0.1329 G=30.7663 SF=0.0008(s=10.00) | frob=1.9816 (best=1.7537) | 33.6s
Epoch  83/300 | D=-0.1493 G=28.9498 SF=0.0008(s=10.00) | frob=1.9788 (best=1.7537) | 33.0s
Epoch  84/300 | D=-0.1584 G=27.0634 SF=0.0008(s=10.00) | frob=1.8754 (best=1.7537) | 33.3s
Epoch  85/300 | D=-0.1745 G=25.7874 SF=0.0008(s=10.00) | frob=1.7161 (best=1.7537) | 33.4s
Epoch  86/300 | D=-0.1838 G=23.5754 SF=0.0007(s=10.00) | frob=2.0341 (best=1.7161) | 33.4s
Epoch  87/300 | D=-0.1870 G=22.0742 SF=0.0008(s=10.00) | frob=2.0337 (best=1.7161) | 33.3s
Epoch  88/300 | D=-0.2150 G=20.8617 SF=0.0007(s=10.00) | frob=1.9458 (best=1.7161) | 33.3s
Epoch  89/300 | D=-0.2307 G=19.8065 SF=0.0007(s=10.00) | frob=1.8223 (best=1.7161) | 33.5s
Epoch  90/300 | D=-0.2490 G=18.3630 SF=0.0006(s=10.00) | frob=1.7397 (best=1.7161) | 33.2s
Epoch  91/300 | D=-0.2580 G=17.5681 SF=0.0007(s=10.00) | frob=1.9142 (best=1.7161) | 33.7s
Epoch  92/300 | D=-0.2751 G=16.8810 SF=0.0006(s=10.00) | frob=1.9449 (best=1.7161) | 33.6s
Epoch  93/300 | D=-0.2779 G=15.9485 SF=0.0007(s=10.00) | frob=2.2449 (best=1.7161) | 33.3s
Epoch  94/300 | D=-0.3098 G=14.7200 SF=0.0006(s=10.00) | frob=1.8127 (best=1.7161) | 33.4s
Epoch  95/300 | D=-0.3215 G=13.6238 SF=0.0006(s=10.00) | frob=1.7677 (best=1.7161) | 33.1s
Epoch  96/300 | D=-0.3427 G=12.6434 SF=0.0006(s=10.00) | frob=1.9712 (best=1.7161) | 33.3s
Epoch  97/300 | D=-0.3581 G=11.8302 SF=0.0006(s=10.00) | frob=1.6714 (best=1.7161) | 33.5s
Epoch  98/300 | D=-0.3677 G=10.8041 SF=0.0006(s=10.00) | frob=1.7913 (best=1.6714) | 33.6s
Epoch  99/300 | D=-0.3834 G=10.1927 SF=0.0006(s=10.00) | frob=1.8778 (best=1.6714) | 33.2s
Epoch 100/300 | D=-0.3941 G=9.5190 SF=0.0006(s=10.00) | frob=1.7288 (best=1.6714) | 33.2s
Epoch 101/300 | D=-0.4100 G=9.0120 SF=0.0006(s=10.00) | frob=1.9114 (best=1.6714) | 33.3s
Epoch 102/300 | D=-0.4153 G=8.3832 SF=0.0006(s=10.00) | frob=1.8837 (best=1.6714) | 33.2s
Epoch 103/300 | D=-0.4418 G=7.8370 SF=0.0006(s=10.00) | frob=1.9060 (best=1.6714) | 33.6s
Epoch 104/300 | D=-0.4491 G=7.2431 SF=0.0006(s=10.00) | frob=1.8558 (best=1.6714) | 33.3s
Epoch 105/300 | D=-0.4584 G=6.9211 SF=0.0006(s=10.00) | frob=1.8568 (best=1.6714) | 33.5s
Epoch 106/300 | D=-0.4755 G=6.4368 SF=0.0006(s=10.00) | frob=1.8117 (best=1.6714) | 33.6s
Epoch 107/300 | D=-0.4840 G=5.9748 SF=0.0006(s=10.00) | frob=1.7343 (best=1.6714) | 33.6s
Epoch 108/300 | D=-0.4929 G=5.5471 SF=0.0006(s=10.00) | frob=1.7555 (best=1.6714) | 33.5s
Epoch 109/300 | D=-0.5068 G=5.1857 SF=0.0006(s=10.00) | frob=1.8083 (best=1.6714) | 33.4s
Epoch 110/300 | D=-0.5165 G=4.8697 SF=0.0006(s=10.00) | frob=1.8046 (best=1.6714) | 33.5s
Epoch 111/300 | D=-0.5223 G=4.6063 SF=0.0006(s=10.00) | frob=1.6540 (best=1.6714) | 33.3s
Epoch 112/300 | D=-0.5309 G=4.3222 SF=0.0006(s=10.00) | frob=1.6695 (best=1.6540) | 33.1s
Epoch 113/300 | D=-0.5401 G=4.1397 SF=0.0006(s=10.00) | frob=1.8172 (best=1.6540) | 33.6s
Epoch 114/300 | D=-0.5427 G=3.9325 SF=0.0006(s=10.00) | frob=1.7747 (best=1.6540) | 33.5s
Epoch 115/300 | D=-0.5510 G=3.6763 SF=0.0006(s=10.00) | frob=1.8770 (best=1.6540) | 33.2s
Epoch 116/300 | D=-0.5547 G=3.4435 SF=0.0006(s=10.00) | frob=1.7881 (best=1.6540) | 33.3s
Epoch 117/300 | D=-0.5670 G=3.2042 SF=0.0006(s=10.00) | frob=1.7764 (best=1.6540) | 33.4s
Epoch 118/300 | D=-0.5774 G=3.0049 SF=0.0006(s=10.00) | frob=1.7085 (best=1.6540) | 33.4s
Epoch 119/300 | D=-0.5780 G=2.7809 SF=0.0006(s=10.00) | frob=1.8892 (best=1.6540) | 33.4s
Epoch 120/300 | D=-0.5848 G=2.7012 SF=0.0006(s=10.00) | frob=1.7427 (best=1.6540) | 33.6s
Epoch 121/300 | D=-0.5846 G=2.4946 SF=0.0006(s=10.00) | frob=2.0904 (best=1.6540) | 33.3s
Epoch 122/300 | D=-0.5903 G=2.3177 SF=0.0006(s=10.00) | frob=1.8353 (best=1.6540) | 33.6s
Epoch 123/300 | D=-0.5958 G=2.1409 SF=0.0006(s=10.00) | frob=1.7603 (best=1.6540) | 37.1s
Epoch 124/300 | D=-0.5973 G=2.0411 SF=0.0006(s=10.00) | frob=1.8221 (best=1.6540) | 33.7s
Epoch 125/300 | D=-0.5977 G=1.8707 SF=0.0006(s=10.00) | frob=1.9520 (best=1.6540) | 33.5s
Epoch 126/300 | D=-0.5961 G=1.6764 SF=0.0005(s=10.00) | frob=1.7594 (best=1.6540) | 33.8s
Epoch 127/300 | D=-0.5973 G=1.5569 SF=0.0005(s=10.00) | frob=2.0007 (best=1.6540) | 33.4s
Epoch 128/300 | D=-0.5965 G=1.4044 SF=0.0005(s=10.00) | frob=1.8772 (best=1.6540) | 33.2s
Epoch 129/300 | D=-0.5987 G=1.2901 SF=0.0005(s=10.00) | frob=1.8786 (best=1.6540) | 33.4s
Epoch 130/300 | D=-0.5968 G=1.1552 SF=0.0005(s=10.00) | frob=1.8054 (best=1.6540) | 32.9s
Epoch 131/300 | D=-0.5985 G=1.0372 SF=0.0005(s=10.00) | frob=1.8353 (best=1.6540) | 33.3s
Epoch 132/300 | D=-0.5944 G=0.8785 SF=0.0005(s=10.00) | frob=1.6958 (best=1.6540) | 33.4s
Epoch 133/300 | D=-0.5972 G=0.7447 SF=0.0005(s=10.00) | frob=1.9722 (best=1.6540) | 33.4s
Epoch 134/300 | D=-0.5917 G=0.6530 SF=0.0005(s=10.00) | frob=1.8287 (best=1.6540) | 33.1s
Epoch 135/300 | D=-0.5907 G=0.5713 SF=0.0005(s=10.00) | frob=1.8506 (best=1.6540) | 33.2s
Epoch 136/300 | D=-0.5971 G=0.4771 SF=0.0005(s=10.00) | frob=1.8986 (best=1.6540) | 33.1s
Epoch 137/300 | D=-0.5910 G=0.3981 SF=0.0005(s=10.00) | frob=1.7105 (best=1.6540) | 33.1s
Epoch 138/300 | D=-0.5901 G=0.2562 SF=0.0005(s=10.00) | frob=1.9373 (best=1.6540) | 33.3s
Epoch 139/300 | D=-0.5916 G=0.2047 SF=0.0005(s=10.00) | frob=1.8439 (best=1.6540) | 33.3s
Epoch 140/300 | D=-0.5869 G=0.1483 SF=0.0004(s=10.00) | frob=1.8646 (best=1.6540) | 33.1s
Epoch 141/300 | D=-0.5847 G=0.0879 SF=0.0004(s=10.00) | frob=1.7988 (best=1.6540) | 33.4s
Epoch 142/300 | D=-0.5825 G=0.0227 SF=0.0004(s=10.00) | frob=2.0553 (best=1.6540) | 33.4s
Epoch 143/300 | D=-0.5807 G=-0.0471 SF=0.0004(s=10.00) | frob=2.0493 (best=1.6540) | 33.3s
Epoch 144/300 | D=-0.5798 G=-0.0995 SF=0.0004(s=10.00) | frob=1.6464 (best=1.6540) | 33.2s
Epoch 145/300 | D=-0.5763 G=-0.1709 SF=0.0004(s=10.00) | frob=1.7435 (best=1.6464) | 33.2s
Epoch 146/300 | D=-0.5729 G=-0.2219 SF=0.0004(s=10.00) | frob=1.7754 (best=1.6464) | 33.4s
Epoch 147/300 | D=-0.5717 G=-0.2694 SF=0.0004(s=10.00) | frob=1.8689 (best=1.6464) | 33.0s
Epoch 148/300 | D=-0.5709 G=-0.2812 SF=0.0004(s=10.00) | frob=1.8052 (best=1.6464) | 33.4s
Epoch 149/300 | D=-0.5699 G=-0.3112 SF=0.0004(s=10.00) | frob=1.7916 (best=1.6464) | 33.6s
Epoch 150/300 | D=-0.5647 G=-0.3669 SF=0.0004(s=10.00) | frob=1.9050 (best=1.6464) | 33.6s
Epoch 151/300 | D=-0.5606 G=-0.4086 SF=0.0004(s=10.00) | frob=1.6909 (best=1.6464) | 33.4s
Epoch 152/300 | D=-0.5578 G=-0.4448 SF=0.0004(s=10.00) | frob=1.7968 (best=1.6464) | 33.2s
Epoch 153/300 | D=-0.5543 G=-0.4827 SF=0.0004(s=10.00) | frob=1.8523 (best=1.6464) | 33.2s
Epoch 154/300 | D=-0.5550 G=-0.5342 SF=0.0004(s=10.00) | frob=1.6789 (best=1.6464) | 33.3s
Epoch 155/300 | D=-0.5509 G=-0.5608 SF=0.0004(s=10.00) | frob=1.7400 (best=1.6464) | 33.7s
Epoch 156/300 | D=-0.5493 G=-0.5975 SF=0.0004(s=10.00) | frob=1.9236 (best=1.6464) | 33.2s
Epoch 157/300 | D=-0.5460 G=-0.6175 SF=0.0003(s=10.00) | frob=1.7547 (best=1.6464) | 33.3s
Epoch 158/300 | D=-0.5431 G=-0.6595 SF=0.0003(s=10.00) | frob=1.8724 (best=1.6464) | 33.3s
Epoch 159/300 | D=-0.5357 G=-0.6843 SF=0.0003(s=10.00) | frob=1.6539 (best=1.6464) | 33.2s
Epoch 160/300 | D=-0.5356 G=-0.7114 SF=0.0003(s=10.00) | frob=2.0119 (best=1.6464) | 33.3s
Epoch 161/300 | D=-0.5363 G=-0.7125 SF=0.0003(s=10.00) | frob=1.7647 (best=1.6464) | 33.3s
Epoch 162/300 | D=-0.5273 G=-0.7409 SF=0.0003(s=10.00) | frob=1.6383 (best=1.6464) | 33.4s
Epoch 163/300 | D=-0.5269 G=-0.7680 SF=0.0003(s=10.00) | frob=1.6858 (best=1.6383) | 33.7s
Epoch 164/300 | D=-0.5234 G=-0.8310 SF=0.0003(s=10.00) | frob=1.9005 (best=1.6383) | 33.5s
Epoch 165/300 | D=-0.5229 G=-0.8546 SF=0.0003(s=10.00) | frob=1.5120 (best=1.6383) | 33.3s
Epoch 166/300 | D=-0.5199 G=-0.8599 SF=0.0003(s=10.00) | frob=1.7076 (best=1.5120) | 33.1s
Epoch 167/300 | D=-0.5176 G=-0.8846 SF=0.0003(s=10.00) | frob=1.7342 (best=1.5120) | 33.4s
Epoch 168/300 | D=-0.5140 G=-0.8897 SF=0.0003(s=10.00) | frob=1.9265 (best=1.5120) | 33.5s
Epoch 169/300 | D=-0.5092 G=-0.9111 SF=0.0003(s=10.00) | frob=1.7145 (best=1.5120) | 33.3s
Epoch 170/300 | D=-0.5060 G=-0.8969 SF=0.0003(s=10.00) | frob=1.7105 (best=1.5120) | 33.4s
Epoch 171/300 | D=-0.5014 G=-0.9192 SF=0.0003(s=10.00) | frob=2.0271 (best=1.5120) | 33.3s
Epoch 172/300 | D=-0.5016 G=-0.9032 SF=0.0003(s=10.00) | frob=1.8352 (best=1.5120) | 33.3s
Epoch 173/300 | D=-0.4951 G=-0.9307 SF=0.0003(s=10.00) | frob=1.9809 (best=1.5120) | 33.3s
Epoch 174/300 | D=-0.4980 G=-0.9332 SF=0.0003(s=10.00) | frob=1.6543 (best=1.5120) | 33.2s
Epoch 175/300 | D=-0.4909 G=-0.9656 SF=0.0003(s=10.00) | frob=1.7946 (best=1.5120) | 33.3s
Epoch 176/300 | D=-0.4910 G=-0.9863 SF=0.0003(s=10.00) | frob=1.7425 (best=1.5120) | 33.7s
Epoch 177/300 | D=-0.4892 G=-0.9949 SF=0.0003(s=10.00) | frob=1.8013 (best=1.5120) | 33.1s
Epoch 178/300 | D=-0.4831 G=-1.0087 SF=0.0002(s=10.00) | frob=1.4865 (best=1.5120) | 33.1s
Epoch 179/300 | D=-0.4827 G=-1.0164 SF=0.0002(s=10.00) | frob=1.8460 (best=1.4865) | 33.6s
Epoch 180/300 | D=-0.4813 G=-1.0315 SF=0.0003(s=10.00) | frob=2.0589 (best=1.4865) | 33.5s
Epoch 181/300 | D=-0.4768 G=-1.0557 SF=0.0002(s=10.00) | frob=1.6436 (best=1.4865) | 33.4s
Epoch 182/300 | D=-0.4750 G=-1.0839 SF=0.0003(s=10.00) | frob=1.7824 (best=1.4865) | 33.4s
Epoch 183/300 | D=-0.4704 G=-1.0926 SF=0.0002(s=10.00) | frob=1.7659 (best=1.4865) | 33.4s
Epoch 184/300 | D=-0.4701 G=-1.1235 SF=0.0002(s=10.00) | frob=1.7367 (best=1.4865) | 33.4s
Epoch 185/300 | D=-0.4691 G=-1.1407 SF=0.0002(s=10.00) | frob=1.7331 (best=1.4865) | 33.2s
Epoch 186/300 | D=-0.4662 G=-1.1635 SF=0.0002(s=10.00) | frob=2.0404 (best=1.4865) | 33.3s
Epoch 187/300 | D=-0.4630 G=-1.1715 SF=0.0002(s=10.00) | frob=2.0288 (best=1.4865) | 33.3s
Epoch 188/300 | D=-0.4617 G=-1.1903 SF=0.0002(s=10.00) | frob=1.9842 (best=1.4865) | 33.3s
Epoch 189/300 | D=-0.4583 G=-1.2307 SF=0.0002(s=10.00) | frob=1.9625 (best=1.4865) | 33.4s
Epoch 190/300 | D=-0.4557 G=-1.2573 SF=0.0002(s=10.00) | frob=1.8374 (best=1.4865) | 33.4s
Epoch 191/300 | D=-0.4538 G=-1.2865 SF=0.0002(s=10.00) | frob=2.0818 (best=1.4865) | 33.5s
Epoch 192/300 | D=-0.4542 G=-1.2786 SF=0.0002(s=10.00) | frob=1.4592 (best=1.4865) | 33.3s
Epoch 193/300 | D=-0.4490 G=-1.2501 SF=0.0002(s=10.00) | frob=1.7181 (best=1.4592) | 33.4s
Epoch 194/300 | D=-0.4468 G=-1.2457 SF=0.0002(s=10.00) | frob=1.6910 (best=1.4592) | 33.4s
Epoch 195/300 | D=-0.4461 G=-1.2365 SF=0.0002(s=10.00) | frob=2.0118 (best=1.4592) | 33.3s
Epoch 196/300 | D=-0.4417 G=-1.2434 SF=0.0002(s=10.00) | frob=1.6165 (best=1.4592) | 33.1s
Epoch 197/300 | D=-0.4398 G=-1.2421 SF=0.0002(s=10.00) | frob=2.2683 (best=1.4592) | 33.4s
Epoch 198/300 | D=-0.4418 G=-1.2208 SF=0.0002(s=10.00) | frob=1.5106 (best=1.4592) | 33.3s
Epoch 199/300 | D=-0.4365 G=-1.2247 SF=0.0002(s=10.00) | frob=1.7765 (best=1.4592) | 33.7s
Epoch 200/300 | D=-0.4317 G=-1.1917 SF=0.0002(s=10.00) | frob=1.7196 (best=1.4592) | 33.5s
Epoch 201/300 | D=-0.4328 G=-1.1740 SF=0.0002(s=10.00) | frob=1.9679 (best=1.4592) | 33.5s
Epoch 202/300 | D=-0.4285 G=-1.1723 SF=0.0002(s=10.00) | frob=1.6134 (best=1.4592) | 33.3s
Epoch 203/300 | D=-0.4282 G=-1.1955 SF=0.0002(s=10.00) | frob=1.6992 (best=1.4592) | 33.3s
Epoch 204/300 | D=-0.4269 G=-1.1907 SF=0.0002(s=10.00) | frob=1.6654 (best=1.4592) | 33.3s
Epoch 205/300 | D=-0.4221 G=-1.1985 SF=0.0002(s=10.00) | frob=1.9259 (best=1.4592) | 33.1s
Epoch 206/300 | D=-0.4214 G=-1.1849 SF=0.0002(s=10.00) | frob=1.9022 (best=1.4592) | 33.4s
Epoch 207/300 | D=-0.4250 G=-1.1906 SF=0.0002(s=10.00) | frob=2.2455 (best=1.4592) | 33.3s
Epoch 208/300 | D=-0.4198 G=-1.1887 SF=0.0002(s=10.00) | frob=1.4916 (best=1.4592) | 33.3s
Epoch 209/300 | D=-0.4164 G=-1.1807 SF=0.0002(s=10.00) | frob=1.9007 (best=1.4592) | 33.2s
Epoch 210/300 | D=-0.4146 G=-1.1777 SF=0.0002(s=10.00) | frob=1.9247 (best=1.4592) | 33.2s
Epoch 211/300 | D=-0.4132 G=-1.1863 SF=0.0002(s=10.00) | frob=1.8310 (best=1.4592) | 33.2s
Epoch 212/300 | D=-0.4164 G=-1.1730 SF=0.0002(s=10.00) | frob=1.7856 (best=1.4592) | 33.2s
Epoch 213/300 | D=-0.4121 G=-1.2120 SF=0.0002(s=10.00) | frob=1.6004 (best=1.4592) | 33.2s
Epoch 214/300 | D=-0.4110 G=-1.2197 SF=0.0002(s=10.00) | frob=1.6774 (best=1.4592) | 33.5s
Epoch 215/300 | D=-0.4089 G=-1.2388 SF=0.0002(s=10.00) | frob=1.6432 (best=1.4592) | 33.4s
Epoch 216/300 | D=-0.4046 G=-1.2103 SF=0.0002(s=10.00) | frob=1.8191 (best=1.4592) | 33.2s
Epoch 217/300 | D=-0.4088 G=-1.2243 SF=0.0002(s=10.00) | frob=2.1459 (best=1.4592) | 33.2s
Epoch 218/300 | D=-0.4063 G=-1.2317 SF=0.0002(s=10.00) | frob=1.9592 (best=1.4592) | 33.4s
Epoch 219/300 | D=-0.4035 G=-1.2132 SF=0.0002(s=10.00) | frob=2.1108 (best=1.4592) | 33.5s
Epoch 220/300 | D=-0.3984 G=-1.2311 SF=0.0002(s=10.00) | frob=2.1155 (best=1.4592) | 33.5s
Epoch 221/300 | D=-0.3999 G=-1.2040 SF=0.0002(s=10.00) | frob=1.6364 (best=1.4592) | 33.3s
Epoch 222/300 | D=-0.4000 G=-1.1862 SF=0.0002(s=10.00) | frob=2.0348 (best=1.4592) | 33.6s
Epoch 223/300 | D=-0.3967 G=-1.2071 SF=0.0002(s=10.00) | frob=1.8066 (best=1.4592) | 33.3s
Epoch 224/300 | D=-0.3946 G=-1.2169 SF=0.0002(s=10.00) | frob=1.7982 (best=1.4592) | 33.3s
Epoch 225/300 | D=-0.3964 G=-1.2338 SF=0.0002(s=10.00) | frob=1.9497 (best=1.4592) | 33.4s
Epoch 226/300 | D=-0.3943 G=-1.2529 SF=0.0002(s=10.00) | frob=1.8267 (best=1.4592) | 33.3s
Epoch 227/300 | D=-0.3934 G=-1.2776 SF=0.0002(s=10.00) | frob=1.9297 (best=1.4592) | 33.3s
Epoch 228/300 | D=-0.3922 G=-1.2647 SF=0.0002(s=10.00) | frob=1.7534 (best=1.4592) | 34.4s
Epoch 229/300 | D=-0.3891 G=-1.2604 SF=0.0002(s=10.00) | frob=2.1945 (best=1.4592) | 33.4s
Epoch 230/300 | D=-0.3888 G=-1.2438 SF=0.0002(s=10.00) | frob=1.6377 (best=1.4592) | 33.5s
Epoch 231/300 | D=-0.3880 G=-1.2560 SF=0.0002(s=10.00) | frob=2.1932 (best=1.4592) | 33.9s
Epoch 232/300 | D=-0.3875 G=-1.2521 SF=0.0002(s=10.00) | frob=1.9677 (best=1.4592) | 33.9s
Epoch 233/300 | D=-0.3907 G=-1.2485 SF=0.0002(s=10.00) | frob=2.0216 (best=1.4592) | 33.8s
Epoch 234/300 | D=-0.3861 G=-1.2327 SF=0.0002(s=10.00) | frob=1.7561 (best=1.4592) | 33.8s
Epoch 235/300 | D=-0.3858 G=-1.2442 SF=0.0002(s=10.00) | frob=1.5405 (best=1.4592) | 34.5s
Epoch 236/300 | D=-0.3840 G=-1.2473 SF=0.0002(s=10.00) | frob=2.1124 (best=1.4592) | 34.5s
Epoch 237/300 | D=-0.3805 G=-1.2521 SF=0.0002(s=10.00) | frob=2.1859 (best=1.4592) | 29.8s
Epoch 238/300 | D=-0.3834 G=-1.2616 SF=0.0002(s=10.00) | frob=1.9823 (best=1.4592) | 18.5s
Epoch 239/300 | D=-0.3793 G=-1.2615 SF=0.0002(s=10.00) | frob=2.0798 (best=1.4592) | 18.4s
Epoch 240/300 | D=-0.3761 G=-1.2743 SF=0.0002(s=10.00) | frob=2.0821 (best=1.4592) | 18.6s
Epoch 241/300 | D=-0.3776 G=-1.2499 SF=0.0002(s=10.00) | frob=2.0750 (best=1.4592) | 18.0s
Epoch 242/300 | D=-0.3764 G=-1.2227 SF=0.0002(s=10.00) | frob=1.7790 (best=1.4592) | 18.5s
Early stopping at epoch 242

Fine-tuning 10 epochs...
  FT 1/10 | D=-0.3735 G=-1.2070
  FT 2/10 | D=-0.3882 G=-1.2348
  FT 3/10 | D=-0.3909 G=-1.2192
  FT 4/10 | D=-0.3973 G=-1.2388
  FT 5/10 | D=-0.4009 G=-1.2391
  FT 6/10 | D=-0.4019 G=-1.2505
  FT 7/10 | D=-0.4045 G=-1.2626
  FT 8/10 | D=-0.4016 G=-1.2778
  FT 9/10 | D=-0.4059 G=-1.2713
  FT 10/10 | D=-0.4074 G=-1.2872

Done. Best val_frob=1.4592
