[baseline] device=cuda, hidden=256, lr=0.0005
  Loaded daily macro: (3963, 19) (['vix_level', 'vix_change', 'term_spread', 'term_level', 'credit_spread']...)
  Computing rolling OLS: T=3773, N=60, K=5, window=126...
    t=500/3773
    t=1000/3773
    t=1500/3773
    t=2000/3773
    t=2500/3773
    t=3000/3773
    t=3500/3773
  Rolling OLS complete.
  Train windows: 2890, Val: 3142
Training [baseline] | T_L=252 | lr=0.0005
  G: 2,507,232 params
  D: 1,598,209 params
----------------------------------------------------------------------
Epoch   1/300 | D=1.3940 G=1.5600 | frob=21.4902 (best=inf) | 31.9s
Epoch   2/300 | D=0.3272 G=2.6278 | frob=19.1875 (best=21.4902) | 34.6s
Epoch   3/300 | D=0.1036 G=2.9603 | frob=18.3272 (best=19.1875) | 33.9s
Epoch   4/300 | D=0.0883 G=2.8785 | frob=18.1223 (best=18.3272) | 33.6s
Epoch   5/300 | D=0.0607 G=2.5813 | frob=17.4319 (best=18.1223) | 34.8s
Epoch   6/300 | D=0.0487 G=2.7464 | frob=17.7746 (best=17.4319) | 34.6s
Epoch   7/300 | D=0.0306 G=2.7685 | frob=15.5809 (best=17.4319) | 34.4s
Epoch   8/300 | D=0.0753 G=2.2482 | frob=14.2291 (best=15.5809) | 34.2s
Epoch   9/300 | D=0.0402 G=2.3336 | frob=15.9618 (best=14.2291) | 33.8s
Epoch  10/300 | D=0.0232 G=2.7496 | frob=16.4465 (best=14.2291) | 33.2s
Epoch  11/300 | D=0.0317 G=2.9990 | frob=16.8331 (best=14.2291) | 33.2s
Epoch  12/300 | D=0.0215 G=3.2015 | frob=16.7199 (best=14.2291) | 33.0s
Epoch  13/300 | D=0.0233 G=3.5748 | frob=15.4048 (best=14.2291) | 33.1s
Epoch  14/300 | D=0.0110 G=3.5388 | frob=14.1312 (best=14.2291) | 33.3s
Epoch  15/300 | D=0.1621 G=3.4289 | frob=13.6740 (best=14.1312) | 33.2s
Epoch  16/300 | D=0.4879 G=4.7804 | frob=19.9811 (best=13.6740) | 35.6s
Epoch  17/300 | D=0.0866 G=5.1338 | frob=20.9146 (best=13.6740) | 34.0s
Epoch  18/300 | D=0.0655 G=4.9746 | frob=17.8080 (best=13.6740) | 34.0s
Epoch  19/300 | D=0.0450 G=5.4118 | frob=17.8801 (best=13.6740) | 34.1s
Epoch  20/300 | D=0.0293 G=5.8763 | frob=18.3241 (best=13.6740) | 34.7s
Epoch  21/300 | D=0.0170 G=5.8072 | frob=15.6449 (best=13.6740) | 33.8s
Epoch  22/300 | D=0.0189 G=6.0122 | frob=15.1113 (best=13.6740) | 35.2s
Epoch  23/300 | D=0.0208 G=6.1276 | frob=17.3161 (best=13.6740) | 33.6s
Epoch  24/300 | D=0.0206 G=6.2662 | frob=16.4950 (best=13.6740) | 34.4s
Epoch  25/300 | D=0.0227 G=6.7495 | frob=17.4128 (best=13.6740) | 33.3s
Epoch  26/300 | D=0.0152 G=6.9878 | frob=17.3877 (best=13.6740) | 33.2s
Epoch  27/300 | D=0.0252 G=7.3308 | frob=18.6948 (best=13.6740) | 33.8s
Epoch  28/300 | D=0.0139 G=7.3471 | frob=19.0381 (best=13.6740) | 33.9s
Epoch  29/300 | D=0.0221 G=7.5158 | frob=17.4772 (best=13.6740) | 33.5s
Epoch  30/300 | D=0.0200 G=7.4539 | frob=14.9850 (best=13.6740) | 34.4s
Epoch  31/300 | D=0.0186 G=7.3794 | frob=15.5959 (best=13.6740) | 34.8s
Epoch  32/300 | D=0.0223 G=7.2132 | frob=15.3923 (best=13.6740) | 33.4s
Epoch  33/300 | D=0.0211 G=6.9712 | frob=15.3466 (best=13.6740) | 33.5s
Epoch  34/300 | D=0.0192 G=7.2362 | frob=17.6161 (best=13.6740) | 33.7s
Epoch  35/300 | D=0.0161 G=7.1263 | frob=16.9562 (best=13.6740) | 33.9s
Epoch  36/300 | D=0.0130 G=6.8800 | frob=20.2286 (best=13.6740) | 33.4s
Epoch  37/300 | D=0.0060 G=6.7338 | frob=18.1331 (best=13.6740) | 33.2s
Epoch  38/300 | D=0.0034 G=6.9097 | frob=17.9512 (best=13.6740) | 32.8s
Epoch  39/300 | D=0.0076 G=7.1959 | frob=19.9970 (best=13.6740) | 33.1s
Epoch  40/300 | D=0.0103 G=7.3120 | frob=21.9101 (best=13.6740) | 33.3s
Epoch  41/300 | D=0.0106 G=7.5990 | frob=18.1955 (best=13.6740) | 33.3s
Epoch  42/300 | D=0.0072 G=7.8574 | frob=20.4359 (best=13.6740) | 33.8s
Epoch  43/300 | D=0.0053 G=7.7988 | frob=17.1209 (best=13.6740) | 34.2s
Epoch  44/300 | D=0.0043 G=7.9674 | frob=15.6993 (best=13.6740) | 33.6s
Epoch  45/300 | D=0.0069 G=8.1468 | frob=17.6169 (best=13.6740) | 33.3s
Epoch  46/300 | D=-0.0002 G=8.0457 | frob=16.7431 (best=13.6740) | 33.9s
Epoch  47/300 | D=-0.0045 G=7.9012 | frob=16.4014 (best=13.6740) | 33.4s
Epoch  48/300 | D=-0.0309 G=7.3511 | frob=13.1220 (best=13.6740) | 34.2s
Epoch  49/300 | D=-0.0306 G=7.2004 | frob=13.9512 (best=13.1220) | 33.3s
Epoch  50/300 | D=-0.0183 G=7.8530 | frob=14.5398 (best=13.1220) | 34.7s
Epoch  51/300 | D=-0.0108 G=8.4283 | frob=11.9439 (best=13.1220) | 33.1s
Epoch  52/300 | D=-0.0019 G=8.8412 | frob=14.0007 (best=11.9439) | 33.9s
Epoch  53/300 | D=0.0008 G=9.0017 | frob=12.9229 (best=11.9439) | 33.8s
Epoch  54/300 | D=0.0017 G=9.1724 | frob=12.3686 (best=11.9439) | 34.0s
Epoch  55/300 | D=-0.0009 G=9.1715 | frob=11.1525 (best=11.9439) | 33.7s
Epoch  56/300 | D=-0.0065 G=9.3424 | frob=10.6142 (best=11.1525) | 33.3s
Epoch  57/300 | D=-0.0087 G=9.4065 | frob=14.1823 (best=10.6142) | 34.1s
Epoch  58/300 | D=-0.0082 G=9.5799 | frob=12.5753 (best=10.6142) | 34.0s
Epoch  59/300 | D=-0.0087 G=9.6412 | frob=11.2251 (best=10.6142) | 34.9s
Epoch  60/300 | D=-0.0101 G=9.9247 | frob=12.6138 (best=10.6142) | 33.7s
Epoch  61/300 | D=-0.0092 G=9.9428 | frob=12.7477 (best=10.6142) | 33.4s
Epoch  62/300 | D=-0.0041 G=10.0054 | frob=11.0075 (best=10.6142) | 33.2s
Epoch  63/300 | D=-0.0071 G=10.1789 | frob=12.0343 (best=10.6142) | 33.6s
Epoch  64/300 | D=-0.0132 G=10.4197 | frob=12.0336 (best=10.6142) | 35.0s
Epoch  65/300 | D=-0.0149 G=10.4201 | frob=12.3418 (best=10.6142) | 34.1s
Epoch  66/300 | D=-0.0189 G=10.6387 | frob=10.3765 (best=10.6142) | 33.6s
Epoch  67/300 | D=-0.0184 G=10.7014 | frob=10.8429 (best=10.3765) | 33.4s
Epoch  68/300 | D=-0.0200 G=10.7378 | frob=11.0685 (best=10.3765) | 34.6s
Epoch  69/300 | D=-0.0227 G=11.1913 | frob=10.5256 (best=10.3765) | 33.6s
Epoch  70/300 | D=-0.0028 G=11.5524 | frob=10.7241 (best=10.3765) | 34.6s
Epoch  71/300 | D=0.0432 G=11.5453 | frob=12.1863 (best=10.3765) | 33.6s
Epoch  72/300 | D=-0.0172 G=11.7517 | frob=11.4607 (best=10.3765) | 34.5s
Epoch  73/300 | D=-0.0193 G=12.0165 | frob=11.1662 (best=10.3765) | 34.0s
Epoch  74/300 | D=-0.0184 G=12.3271 | frob=10.6862 (best=10.3765) | 33.2s
Epoch  75/300 | D=-0.0224 G=12.6372 | frob=10.5196 (best=10.3765) | 33.3s
Epoch  76/300 | D=-0.0218 G=12.8872 | frob=9.4157 (best=10.3765) | 33.3s
Epoch  77/300 | D=-0.0194 G=12.7972 | frob=9.7080 (best=9.4157) | 34.4s
Epoch  78/300 | D=-0.0251 G=13.1720 | frob=9.4940 (best=9.4157) | 33.8s
Epoch  79/300 | D=-0.0272 G=13.5863 | frob=8.6711 (best=9.4157) | 33.0s
Epoch  80/300 | D=-0.0370 G=13.5355 | frob=8.4657 (best=8.6711) | 33.5s
Epoch  81/300 | D=-0.0411 G=13.5138 | frob=8.2001 (best=8.4657) | 34.7s
Epoch  82/300 | D=-0.0435 G=13.5826 | frob=8.3073 (best=8.2001) | 33.8s
Epoch  83/300 | D=-0.0538 G=13.4876 | frob=6.8150 (best=8.2001) | 33.6s
Epoch  84/300 | D=-0.0575 G=13.4134 | frob=6.5258 (best=6.8150) | 35.0s
Epoch  85/300 | D=-0.0593 G=13.3772 | frob=6.0109 (best=6.5258) | 33.8s
Epoch  86/300 | D=-0.0608 G=13.0985 | frob=6.6494 (best=6.0109) | 34.3s
Epoch  87/300 | D=-0.0717 G=12.9863 | frob=6.4713 (best=6.0109) | 33.2s
Epoch  88/300 | D=-0.0719 G=12.8769 | frob=6.5527 (best=6.0109) | 34.0s
Epoch  89/300 | D=-0.0797 G=12.6973 | frob=6.4209 (best=6.0109) | 33.9s
Epoch  90/300 | D=-0.0901 G=12.3215 | frob=6.5622 (best=6.0109) | 33.2s
Epoch  91/300 | D=-0.0988 G=12.3131 | frob=7.1269 (best=6.0109) | 33.2s
Epoch  92/300 | D=-0.0996 G=12.1141 | frob=6.6862 (best=6.0109) | 33.0s
Epoch  93/300 | D=-0.1092 G=12.0535 | frob=7.1335 (best=6.0109) | 33.6s
Epoch  94/300 | D=-0.1123 G=12.0132 | frob=7.0147 (best=6.0109) | 33.0s
Epoch  95/300 | D=-0.1240 G=11.9892 | frob=7.2433 (best=6.0109) | 33.0s
Epoch  96/300 | D=-0.1334 G=11.9508 | frob=7.3921 (best=6.0109) | 33.1s
Epoch  97/300 | D=-0.1391 G=11.9580 | frob=7.2179 (best=6.0109) | 33.4s
Epoch  98/300 | D=-0.1549 G=11.8930 | frob=7.1057 (best=6.0109) | 34.4s
Epoch  99/300 | D=-0.1603 G=11.9974 | frob=7.2125 (best=6.0109) | 33.9s
Epoch 100/300 | D=-0.1677 G=12.0341 | frob=6.4497 (best=6.0109) | 33.6s
Epoch 101/300 | D=-0.1843 G=11.9279 | frob=6.3933 (best=6.0109) | 34.9s
Epoch 102/300 | D=-0.2079 G=11.7577 | frob=6.1095 (best=6.0109) | 33.7s
Epoch 103/300 | D=-0.2140 G=11.5370 | frob=5.5129 (best=6.0109) | 33.8s
Epoch 104/300 | D=-0.2260 G=11.3575 | frob=5.7474 (best=5.5129) | 33.3s
Epoch 105/300 | D=-0.2278 G=11.1958 | frob=5.5671 (best=5.5129) | 32.8s
Epoch 106/300 | D=-0.2523 G=10.8071 | frob=5.2208 (best=5.5129) | 33.9s
Epoch 107/300 | D=-0.2689 G=10.4858 | frob=5.5764 (best=5.2208) | 33.0s
Epoch 108/300 | D=-0.2785 G=10.2768 | frob=5.5197 (best=5.2208) | 33.4s
Epoch 109/300 | D=-0.2990 G=10.1606 | frob=5.4989 (best=5.2208) | 33.5s
Epoch 110/300 | D=-0.2976 G=9.9821 | frob=5.3732 (best=5.2208) | 32.8s
Epoch 111/300 | D=-0.3061 G=10.0090 | frob=4.8339 (best=5.2208) | 33.0s
Epoch 112/300 | D=-0.3416 G=9.8574 | frob=5.2350 (best=4.8339) | 34.4s
Epoch 113/300 | D=-0.3536 G=9.6658 | frob=5.1546 (best=4.8339) | 33.3s
Epoch 114/300 | D=-0.3763 G=9.3969 | frob=5.1865 (best=4.8339) | 33.7s
Epoch 115/300 | D=-0.3791 G=9.1921 | frob=5.0756 (best=4.8339) | 19.9s
Epoch 116/300 | D=-0.3902 G=8.9387 | frob=4.9647 (best=4.8339) | 18.8s
Epoch 117/300 | D=-0.4016 G=8.6728 | frob=5.0881 (best=4.8339) | 31.6s
Epoch 118/300 | D=-0.4117 G=8.4601 | frob=5.1570 (best=4.8339) | 33.5s
Epoch 119/300 | D=-0.4349 G=8.1314 | frob=5.1218 (best=4.8339) | 33.1s
Epoch 120/300 | D=-0.4470 G=7.9264 | frob=4.7675 (best=4.8339) | 33.2s
Epoch 121/300 | D=-0.4630 G=7.6827 | frob=5.0285 (best=4.7675) | 34.2s
Epoch 122/300 | D=-0.4762 G=7.4027 | frob=5.1250 (best=4.7675) | 33.5s
Epoch 123/300 | D=-0.4938 G=7.1333 | frob=5.1038 (best=4.7675) | 34.0s
Epoch 124/300 | D=-0.5079 G=6.8720 | frob=5.4692 (best=4.7675) | 34.6s
Epoch 125/300 | D=-0.5224 G=6.6592 | frob=5.7269 (best=4.7675) | 33.5s
Epoch 126/300 | D=-0.5414 G=6.4331 | frob=5.9902 (best=4.7675) | 33.4s
Epoch 127/300 | D=-0.5490 G=6.1482 | frob=6.0966 (best=4.7675) | 33.6s
Epoch 128/300 | D=-0.5730 G=5.9493 | frob=5.8047 (best=4.7675) | 32.6s
Epoch 129/300 | D=-0.5901 G=5.8713 | frob=5.9832 (best=4.7675) | 33.0s
Epoch 130/300 | D=-0.5958 G=5.6759 | frob=6.7749 (best=4.7675) | 33.9s
Epoch 131/300 | D=-0.6101 G=5.4710 | frob=6.2124 (best=4.7675) | 33.3s
Epoch 132/300 | D=-0.6327 G=5.2526 | frob=6.2920 (best=4.7675) | 33.8s
Epoch 133/300 | D=-0.6481 G=5.0868 | frob=5.5184 (best=4.7675) | 34.0s
Epoch 134/300 | D=-0.6606 G=4.9242 | frob=6.0425 (best=4.7675) | 33.6s
Epoch 135/300 | D=-0.6797 G=4.7813 | frob=5.8911 (best=4.7675) | 33.3s
Epoch 136/300 | D=-0.6928 G=4.5852 | frob=5.8928 (best=4.7675) | 33.8s
Epoch 137/300 | D=-0.7120 G=4.4158 | frob=6.0407 (best=4.7675) | 33.7s
Epoch 138/300 | D=-0.7166 G=4.2235 | frob=7.2789 (best=4.7675) | 34.2s
Epoch 139/300 | D=-0.7269 G=4.0645 | frob=6.3706 (best=4.7675) | 33.7s
Epoch 140/300 | D=-0.7495 G=3.8608 | frob=7.0644 (best=4.7675) | 33.9s
Epoch 141/300 | D=-0.7730 G=3.6224 | frob=6.7982 (best=4.7675) | 34.3s
Epoch 142/300 | D=-0.7722 G=3.5021 | frob=7.0462 (best=4.7675) | 33.5s
Epoch 143/300 | D=-0.7914 G=3.3681 | frob=6.7306 (best=4.7675) | 33.9s
Epoch 144/300 | D=-0.7993 G=3.1524 | frob=6.4214 (best=4.7675) | 33.5s
Epoch 145/300 | D=-0.8195 G=3.0386 | frob=6.4728 (best=4.7675) | 33.3s
Epoch 146/300 | D=-0.8398 G=2.9028 | frob=8.4239 (best=4.7675) | 33.7s
Epoch 147/300 | D=-0.8398 G=2.7972 | frob=7.8133 (best=4.7675) | 34.0s
Epoch 148/300 | D=-0.8549 G=2.6856 | frob=6.7651 (best=4.7675) | 33.6s
Epoch 149/300 | D=-0.8582 G=2.5863 | frob=8.0891 (best=4.7675) | 34.3s
Epoch 150/300 | D=-0.8812 G=2.4599 | frob=6.8306 (best=4.7675) | 34.5s
Epoch 151/300 | D=-0.8875 G=2.3997 | frob=6.9273 (best=4.7675) | 33.4s
Epoch 152/300 | D=-0.9013 G=2.2684 | frob=7.9902 (best=4.7675) | 34.6s
Epoch 153/300 | D=-0.9057 G=2.1364 | frob=7.9702 (best=4.7675) | 33.9s
Epoch 154/300 | D=-0.9156 G=2.0498 | frob=6.8600 (best=4.7675) | 33.8s
Epoch 155/300 | D=-0.9142 G=1.9084 | frob=6.4926 (best=4.7675) | 33.4s
Epoch 156/300 | D=-0.9271 G=1.8192 | frob=6.9807 (best=4.7675) | 33.9s
Epoch 157/300 | D=-0.9512 G=1.7321 | frob=7.3595 (best=4.7675) | 34.2s
Epoch 158/300 | D=-0.9564 G=1.6388 | frob=6.7404 (best=4.7675) | 34.3s
Epoch 159/300 | D=-0.9537 G=1.5684 | frob=10.0585 (best=4.7675) | 34.3s
Epoch 160/300 | D=-0.9746 G=1.5156 | frob=9.5969 (best=4.7675) | 33.1s
Epoch 161/300 | D=-0.9873 G=1.4398 | frob=6.7595 (best=4.7675) | 33.2s
Epoch 162/300 | D=-0.9976 G=1.3788 | frob=7.3638 (best=4.7675) | 33.3s
Epoch 163/300 | D=-0.9871 G=1.3634 | frob=7.5249 (best=4.7675) | 33.2s
Epoch 164/300 | D=-1.0158 G=1.3160 | frob=8.1095 (best=4.7675) | 33.6s
Epoch 165/300 | D=-1.0075 G=1.2799 | frob=7.6387 (best=4.7675) | 33.1s
Epoch 166/300 | D=-1.0044 G=1.1989 | frob=7.2856 (best=4.7675) | 32.8s
Epoch 167/300 | D=-1.0216 G=1.1600 | frob=7.1210 (best=4.7675) | 32.0s
Epoch 168/300 | D=-1.0188 G=1.1072 | frob=7.0658 (best=4.7675) | 32.4s
Epoch 169/300 | D=-1.0284 G=0.9802 | frob=7.2789 (best=4.7675) | 32.9s
Epoch 170/300 | D=-1.0209 G=0.9546 | frob=8.0122 (best=4.7675) | 32.8s
Early stopping at epoch 170

Fine-tuning 10 epochs (lr×0.1)...
  FT 1/10 | D=-0.9752 G=0.9229
  FT 2/10 | D=-0.9799 G=0.8978
  FT 3/10 | D=-0.9839 G=0.8622
  FT 4/10 | D=-0.9839 G=0.8331
  FT 5/10 | D=-1.0018 G=0.8128
  FT 6/10 | D=-1.0140 G=0.8160
  FT 7/10 | D=-1.0154 G=0.8093
  FT 8/10 | D=-1.0229 G=0.8244
  FT 9/10 | D=-1.0238 G=0.8302
  FT 10/10 | D=-1.0150 G=0.8247

Done. Best val_frob=4.7675
