[macro_only] device=cuda, hidden=256, lr=0.0005
  Loaded daily macro: (3963, 19) (['vix_level', 'vix_change', 'term_spread', 'term_level', 'credit_spread']...)
  PCA: 19 features → 8 PCs (explained var: 0.803)
  Regime detection: T=3773, window=504, step=21...
  Regime detection complete.
  Final covariate dim: 15 — ['pc_1', 'pc_2', 'pc_3', 'pc_4', 'pc_5', 'pc_6', 'pc_7', 'pc_8', 'regime_0', 'regime_1', 'regime_2', 'vix_level_z', 'realized_vol_20d_z', 'term_level_z', 'credit_level_z']
  Computing rolling OLS: T=3773, N=60, K=5, window=126...
    t=500/3773
    t=1000/3773
    t=1500/3773
    t=2000/3773
    t=2500/3773
    t=3000/3773
    t=3500/3773
  Rolling OLS complete.
  Train windows: 2890, Val: 3142
Training [macro_only] | T_L=252 | lr=0.0005
  G: 2,514,400 params
  D: 1,601,793 params
----------------------------------------------------------------------
Epoch   1/300 | D=0.3481 G=-16.3840 | frob=12.7578 (best=inf) | 35.1s
Epoch   2/300 | D=0.1162 G=-16.6519 | frob=12.4525 (best=12.7578) | 33.4s
Epoch   3/300 | D=0.0636 G=-16.8289 | frob=11.5217 (best=12.4525) | 33.9s
Epoch   4/300 | D=0.0259 G=-16.8421 | frob=11.6798 (best=11.5217) | 33.6s
Epoch   5/300 | D=0.0001 G=-16.9424 | frob=10.6120 (best=11.5217) | 35.7s
Epoch   6/300 | D=-0.0528 G=-16.4706 | frob=10.0649 (best=10.6120) | 34.9s
Epoch   7/300 | D=-0.0917 G=-15.9719 | frob=9.4016 (best=10.0649) | 33.1s
Epoch   8/300 | D=-0.1604 G=-15.7036 | frob=8.4364 (best=9.4016) | 34.3s
Epoch   9/300 | D=-0.1912 G=-15.0845 | frob=7.9715 (best=8.4364) | 34.1s
Epoch  10/300 | D=-0.2127 G=-14.9247 | frob=8.5394 (best=7.9715) | 33.3s
Epoch  11/300 | D=-0.2255 G=-14.7595 | frob=7.1990 (best=7.9715) | 33.2s
Epoch  12/300 | D=-0.2864 G=-14.4895 | frob=7.4744 (best=7.1990) | 32.9s
Epoch  13/300 | D=-0.3097 G=-14.7301 | frob=7.2500 (best=7.1990) | 33.2s
Epoch  14/300 | D=-0.3225 G=-14.6608 | frob=7.9645 (best=7.1990) | 33.3s
Epoch  15/300 | D=-0.3376 G=-14.7812 | frob=6.9893 (best=7.1990) | 35.2s
Epoch  16/300 | D=-0.3578 G=-14.8848 | frob=6.8536 (best=6.9893) | 33.6s
Epoch  17/300 | D=-0.3597 G=-14.8337 | frob=6.7565 (best=6.8536) | 34.0s
Epoch  18/300 | D=-0.3704 G=-14.9000 | frob=6.0979 (best=6.7565) | 33.6s
Epoch  19/300 | D=-0.3652 G=-14.8688 | frob=5.9535 (best=6.0979) | 35.1s
Epoch  20/300 | D=-0.3652 G=-14.8153 | frob=6.6889 (best=5.9535) | 33.8s
Epoch  21/300 | D=-0.3670 G=-14.9437 | frob=5.5181 (best=5.9535) | 34.9s
Epoch  22/300 | D=-0.3793 G=-14.9026 | frob=6.0003 (best=5.5181) | 33.9s
Epoch  23/300 | D=-0.3706 G=-15.1720 | frob=5.9369 (best=5.5181) | 34.6s
Epoch  24/300 | D=-0.3764 G=-15.2258 | frob=5.8812 (best=5.5181) | 33.4s
Epoch  25/300 | D=-0.3769 G=-15.1894 | frob=6.3155 (best=5.5181) | 33.5s
Epoch  26/300 | D=-0.3705 G=-15.3085 | frob=5.8192 (best=5.5181) | 33.5s
Epoch  27/300 | D=-0.3699 G=-15.2111 | frob=6.2542 (best=5.5181) | 33.7s
Epoch  28/300 | D=-0.3644 G=-15.3321 | frob=6.9151 (best=5.5181) | 33.7s
Epoch  29/300 | D=-0.3647 G=-15.2332 | frob=6.1208 (best=5.5181) | 33.8s
Epoch  30/300 | D=-0.3679 G=-15.4595 | frob=5.5164 (best=5.5181) | 35.4s
Epoch  31/300 | D=-0.3637 G=-15.4786 | frob=5.6227 (best=5.5164) | 33.5s
Epoch  32/300 | D=-0.3665 G=-15.6672 | frob=4.9502 (best=5.5164) | 33.4s
Epoch  33/300 | D=-0.3499 G=-15.6261 | frob=4.7842 (best=4.9502) | 34.6s
Epoch  34/300 | D=-0.3540 G=-15.6027 | frob=5.9997 (best=4.7842) | 34.2s
Epoch  35/300 | D=-0.3559 G=-15.6092 | frob=5.3379 (best=4.7842) | 33.3s
Epoch  36/300 | D=-0.3494 G=-15.6665 | frob=4.9910 (best=4.7842) | 33.5s
Epoch  37/300 | D=-0.3481 G=-15.6305 | frob=5.8343 (best=4.7842) | 33.1s
Epoch  38/300 | D=-0.3463 G=-15.6021 | frob=5.2670 (best=4.7842) | 32.8s
Epoch  39/300 | D=-0.3414 G=-15.7526 | frob=4.7112 (best=4.7842) | 33.2s
Epoch  40/300 | D=-0.3448 G=-15.6595 | frob=4.9746 (best=4.7112) | 33.1s
Epoch  41/300 | D=-0.3409 G=-15.6932 | frob=5.0765 (best=4.7112) | 33.5s
Epoch  42/300 | D=-0.3379 G=-15.7835 | frob=5.0947 (best=4.7112) | 34.6s
Epoch  43/300 | D=-0.3443 G=-15.7171 | frob=4.9687 (best=4.7112) | 33.3s
Epoch  44/300 | D=-0.3334 G=-15.7380 | frob=5.0331 (best=4.7112) | 33.3s
Epoch  45/300 | D=-0.3332 G=-15.6721 | frob=4.7662 (best=4.7112) | 34.4s
Epoch  46/300 | D=-0.3347 G=-15.7232 | frob=4.4911 (best=4.7112) | 33.2s
Epoch  47/300 | D=-0.3428 G=-15.6546 | frob=4.8553 (best=4.4911) | 34.6s
Epoch  48/300 | D=-0.3360 G=-15.6957 | frob=4.9423 (best=4.4911) | 33.6s
Epoch  49/300 | D=-0.3337 G=-15.7573 | frob=4.5817 (best=4.4911) | 35.1s
Epoch  50/300 | D=-0.3402 G=-15.6341 | frob=5.5457 (best=4.4911) | 33.3s
Epoch  51/300 | D=-0.3368 G=-15.7874 | frob=4.4314 (best=4.4911) | 33.5s
Epoch  52/300 | D=-0.3418 G=-15.7476 | frob=4.9596 (best=4.4314) | 33.4s
Epoch  53/300 | D=-0.3473 G=-15.7166 | frob=4.9704 (best=4.4314) | 33.7s
Epoch  54/300 | D=-0.3386 G=-15.8352 | frob=3.9843 (best=4.4314) | 34.1s
Epoch  55/300 | D=-0.3328 G=-16.0716 | frob=4.4196 (best=3.9843) | 33.5s
Epoch  56/300 | D=-0.3368 G=-15.9935 | frob=4.3130 (best=3.9843) | 34.1s
Epoch  57/300 | D=-0.3306 G=-15.9549 | frob=4.8618 (best=3.9843) | 34.3s
Epoch  58/300 | D=-0.3328 G=-16.0417 | frob=4.5265 (best=3.9843) | 34.8s
Epoch  59/300 | D=-0.3386 G=-15.8571 | frob=4.5671 (best=3.9843) | 33.9s
Epoch  60/300 | D=-0.3323 G=-15.9076 | frob=4.9023 (best=3.9843) | 33.8s
Epoch  61/300 | D=-0.3342 G=-15.7642 | frob=4.6899 (best=3.9843) | 33.0s
Epoch  62/300 | D=-0.3349 G=-15.8299 | frob=4.3558 (best=3.9843) | 33.2s
Epoch  63/300 | D=-0.3260 G=-15.5327 | frob=4.0102 (best=3.9843) | 36.0s
Epoch  64/300 | D=-0.3253 G=-15.6869 | frob=4.7859 (best=3.9843) | 33.5s
Epoch  65/300 | D=-0.3330 G=-15.8293 | frob=4.3082 (best=3.9843) | 33.9s
Epoch  66/300 | D=-0.3363 G=-15.9398 | frob=4.9529 (best=3.9843) | 33.6s
Epoch  67/300 | D=-0.3371 G=-15.9397 | frob=4.8657 (best=3.9843) | 33.7s
Epoch  68/300 | D=-0.3288 G=-15.8424 | frob=4.2822 (best=3.9843) | 34.1s
Epoch  69/300 | D=-0.3338 G=-15.8722 | frob=4.2817 (best=3.9843) | 34.1s
Epoch  70/300 | D=-0.3313 G=-15.7975 | frob=4.4257 (best=3.9843) | 34.3s
Epoch  71/300 | D=-0.3362 G=-15.8514 | frob=4.6288 (best=3.9843) | 34.7s
Epoch  72/300 | D=-0.3263 G=-16.1124 | frob=4.5057 (best=3.9843) | 34.7s
Epoch  73/300 | D=-0.3308 G=-16.0693 | frob=4.7970 (best=3.9843) | 32.9s
Epoch  74/300 | D=-0.3280 G=-15.9745 | frob=4.3978 (best=3.9843) | 33.4s
Epoch  75/300 | D=-0.3384 G=-15.7748 | frob=4.5341 (best=3.9843) | 33.3s
Epoch  76/300 | D=-0.3228 G=-16.0370 | frob=4.2456 (best=3.9843) | 33.7s
Epoch  77/300 | D=-0.3326 G=-15.9493 | frob=4.9786 (best=3.9843) | 34.5s
Epoch  78/300 | D=-0.3286 G=-15.9101 | frob=4.5931 (best=3.9843) | 33.1s
Epoch  79/300 | D=-0.3282 G=-15.9463 | frob=4.7125 (best=3.9843) | 33.6s
Epoch  80/300 | D=-0.3338 G=-16.0443 | frob=4.3377 (best=3.9843) | 33.7s
Epoch  81/300 | D=-0.3311 G=-16.0042 | frob=4.6036 (best=3.9843) | 33.7s
Epoch  82/300 | D=-0.3290 G=-16.0002 | frob=4.7910 (best=3.9843) | 34.2s
Epoch  83/300 | D=-0.3321 G=-16.1517 | frob=4.6497 (best=3.9843) | 33.8s
Epoch  84/300 | D=-0.3260 G=-16.0295 | frob=4.7590 (best=3.9843) | 34.8s
Epoch  85/300 | D=-0.3270 G=-15.9684 | frob=4.5574 (best=3.9843) | 33.6s
Epoch  86/300 | D=-0.3244 G=-16.0607 | frob=4.6128 (best=3.9843) | 34.1s
Epoch  87/300 | D=-0.3267 G=-16.0222 | frob=4.7909 (best=3.9843) | 33.8s
Epoch  88/300 | D=-0.3216 G=-15.8174 | frob=4.6446 (best=3.9843) | 34.3s
Epoch  89/300 | D=-0.3265 G=-15.8479 | frob=4.7689 (best=3.9843) | 33.5s
Epoch  90/300 | D=-0.3228 G=-15.8084 | frob=4.5472 (best=3.9843) | 33.3s
Epoch  91/300 | D=-0.3276 G=-15.8133 | frob=4.5851 (best=3.9843) | 33.0s
Epoch  92/300 | D=-0.3271 G=-15.8189 | frob=4.4581 (best=3.9843) | 33.1s
Epoch  93/300 | D=-0.3235 G=-15.6726 | frob=4.3599 (best=3.9843) | 33.6s
Epoch  94/300 | D=-0.3277 G=-15.6116 | frob=4.6382 (best=3.9843) | 33.1s
Epoch  95/300 | D=-0.3289 G=-15.6660 | frob=4.5975 (best=3.9843) | 32.9s
Epoch  96/300 | D=-0.3305 G=-15.6761 | frob=4.4756 (best=3.9843) | 33.2s
Epoch  97/300 | D=-0.3304 G=-15.5602 | frob=4.3481 (best=3.9843) | 33.3s
Epoch  98/300 | D=-0.3380 G=-15.5059 | frob=4.1390 (best=3.9843) | 34.0s
Epoch  99/300 | D=-0.3256 G=-15.8203 | frob=4.7878 (best=3.9843) | 34.1s
Epoch 100/300 | D=-0.3323 G=-15.7343 | frob=4.8410 (best=3.9843) | 34.4s
Epoch 101/300 | D=-0.3327 G=-15.6702 | frob=4.4854 (best=3.9843) | 34.4s
Epoch 102/300 | D=-0.3285 G=-15.7272 | frob=4.4129 (best=3.9843) | 33.7s
Epoch 103/300 | D=-0.3260 G=-15.7256 | frob=4.5441 (best=3.9843) | 33.3s
Epoch 104/300 | D=-0.3240 G=-15.5522 | frob=4.5105 (best=3.9843) | 33.5s
Early stopping at epoch 104

Fine-tuning 10 epochs (lr×0.1)...
  FT 1/10 | D=-0.2903 G=-15.7629
  FT 2/10 | D=-0.3040 G=-15.6161
  FT 3/10 | D=-0.3183 G=-15.4784
  FT 4/10 | D=-0.3181 G=-15.4391
  FT 5/10 | D=-0.3205 G=-15.3517
  FT 6/10 | D=-0.3222 G=-15.2987
  FT 7/10 | D=-0.3153 G=-15.2335
  FT 8/10 | D=-0.3169 G=-15.2416
  FT 9/10 | D=-0.3152 G=-15.1516
  FT 10/10 | D=-0.3225 G=-15.1368

Done. Best val_frob=3.9843
